---
http_interactions:
- request:
    method: post
    uri: https://staging2-lcm-prod.intgdc.com/gdc/md/uihlr91spuzouu4qph5twhixwg9gqice/validate
    body:
      encoding: UTF-8
      string: '{"validateProject":["ldm","pdm","metric_filter","invalid_objects"]}'
    headers:
      Accept:
      - application/json, application/zip
      Accept-Encoding:
      - gzip, deflate
      User-Agent:
      - gooddata-gem/1.1.0/x86_64-linux/2.4.1
      Content-Type:
      - application/json
      X-Gdc-Authtt:
      - "<X_GDC_AUTHTT>"
      X-Gdc-Request:
      - 824QlRRwvXysdGcdNrUp7w:IBrEM_iQXv8tSktyzV0X6A
      Content-Length:
      - '67'
      Host:
      - staging2-lcm-prod.intgdc.com
  response:
    status:
      code: 201
      message: Created
    headers:
      Date:
      - Tue, 05 Jun 2018 07:42:16 GMT
      Server:
      - GoodData WebApp
      Location:
      - "/gdc/md/uihlr91spuzouu4qph5twhixwg9gqice/validate/task/6cc89c1d3aedc561ea631cfc531e52290000002b"
      Keep-Alive:
      - timeout=5, max=99
      X-Gdc-Log-Header:
      - ''
      Cache-Control:
      - no-cache, no-store, must-revalidate
      Content-Type:
      - application/json;charset=UTF-8
      X-Gdc-Request:
      - 824QlRRwvXysdGcdNrUp7w:IBrEM_iQXv8tSktyzV0X6A:GYlgOM19BPdbSbPc
      Vary:
      - origin
      X-Gdc-Request-Time:
      - '44'
      Transfer-Encoding:
      - chunked
      Strict-Transport-Security:
      - max-age=10886400; includeSubDomains; preload;
    body:
      encoding: ASCII-8BIT
      string: '{"asyncTask":{"link":{"poll":"/gdc/md/uihlr91spuzouu4qph5twhixwg9gqice/validate/task/6cc89c1d3aedc561ea631cfc531e52290000002b"}}}'
    http_version: 
  recorded_at: Tue, 05 Jun 2018 07:42:16 GMT
- request:
    method: get
    uri: https://staging2-lcm-prod.intgdc.com/gdc/md/uihlr91spuzouu4qph5twhixwg9gqice/validate/task/6cc89c1d3aedc561ea631cfc531e52290000002b
    body:
      encoding: US-ASCII
      string: ''
    headers:
      Accept:
      - application/json, application/zip
      Accept-Encoding:
      - gzip, deflate
      User-Agent:
      - gooddata-gem/1.1.0/x86_64-linux/2.4.1
      Content-Type:
      - application/json
      X-Gdc-Authtt:
      - "<X_GDC_AUTHTT>"
      X-Gdc-Request:
      - 824QlRRwvXysdGcdNrUp7w:Bd32qFMmoAzqEgZrTWrRqA
      Process:
      - 'true'
      Host:
      - staging2-lcm-prod.intgdc.com
  response:
    status:
      code: 303
      message: See Other
    headers:
      Date:
      - Tue, 05 Jun 2018 07:42:17 GMT
      Server:
      - GoodData WebApp
      Location:
      - "/gdc/md/uihlr91spuzouu4qph5twhixwg9gqice/validate/task/d06c5c4ed3c10dab0cfcfa9349d364670000002b"
      Keep-Alive:
      - timeout=5, max=97
      X-Gdc-Log-Header:
      - ''
      Cache-Control:
      - no-cache, no-store, must-revalidate
      Content-Type:
      - application/json;charset=UTF-8
      X-Gdc-Request:
      - 824QlRRwvXysdGcdNrUp7w:Bd32qFMmoAzqEgZrTWrRqA:EyMISuUURR2JYURb
      Vary:
      - origin
      X-Gdc-Request-Time:
      - '26'
      Transfer-Encoding:
      - chunked
      Strict-Transport-Security:
      - max-age=10886400; includeSubDomains; preload;
    body:
      encoding: ASCII-8BIT
      string: '{"uri":"/gdc/md/uihlr91spuzouu4qph5twhixwg9gqice/validate/task/d06c5c4ed3c10dab0cfcfa9349d364670000002b"}'
    http_version: 
  recorded_at: Tue, 05 Jun 2018 07:42:17 GMT
- request:
    method: get
    uri: https://staging2-lcm-prod.intgdc.com/gdc/md/uihlr91spuzouu4qph5twhixwg9gqice/validate/task/d06c5c4ed3c10dab0cfcfa9349d364670000002b
    body:
      encoding: US-ASCII
      string: ''
    headers:
      Accept:
      - application/json, application/zip
      Accept-Encoding:
      - gzip, deflate
      User-Agent:
      - gooddata-gem/1.1.0/x86_64-linux/2.4.1
      Content-Type:
      - application/json
      X-Gdc-Authtt:
      - "<X_GDC_AUTHTT>"
      X-Gdc-Request:
      - 824QlRRwvXysdGcdNrUp7w:Bd32qFMmoAzqEgZrTWrRqA
      Process:
      - 'true'
      Host:
      - staging2-lcm-prod.intgdc.com
  response:
    status:
      code: 202
      message: Accepted
    headers:
      Date:
      - Tue, 05 Jun 2018 07:42:17 GMT
      Server:
      - GoodData WebApp
      Refresh:
      - '3'
      Location:
      - "/gdc/md/uihlr91spuzouu4qph5twhixwg9gqice/validate/task/d06c5c4ed3c10dab0cfcfa9349d364670000002b"
      Keep-Alive:
      - timeout=5, max=97
      X-Gdc-Log-Header:
      - ''
      Cache-Control:
      - no-cache, no-store, must-revalidate
      Content-Type:
      - application/json;charset=UTF-8
      X-Gdc-Request:
      - 824QlRRwvXysdGcdNrUp7w:Bd32qFMmoAzqEgZrTWrRqA:4Kth7HDIMt55K8J2
      Vary:
      - origin
      X-Gdc-Request-Time:
      - '27'
      Transfer-Encoding:
      - chunked
      Strict-Transport-Security:
      - max-age=10886400; includeSubDomains; preload;
    body:
      encoding: ASCII-8BIT
      string: '{"wTaskStatus":{"poll":"/gdc/md/uihlr91spuzouu4qph5twhixwg9gqice/validate/task/d06c5c4ed3c10dab0cfcfa9349d364670000002b","status":"RUNNING"}}'
    http_version: 
  recorded_at: Tue, 05 Jun 2018 07:42:17 GMT
- request:
    method: get
    uri: https://staging2-lcm-prod.intgdc.com/gdc/md/uihlr91spuzouu4qph5twhixwg9gqice/validate/task/6cc89c1d3aedc561ea631cfc531e52290000002b
    body:
      encoding: US-ASCII
      string: ''
    headers:
      Accept:
      - application/json, application/zip
      Accept-Encoding:
      - gzip, deflate
      User-Agent:
      - gooddata-gem/1.1.0/x86_64-linux/2.4.1
      Content-Type:
      - application/json
      X-Gdc-Authtt:
      - "<X_GDC_AUTHTT>"
      X-Gdc-Request:
      - 824QlRRwvXysdGcdNrUp7w:KtasAcJ5eVBCo1QzAQ774w
      Process:
      - 'true'
      Host:
      - staging2-lcm-prod.intgdc.com
  response:
    status:
      code: 303
      message: See Other
    headers:
      Date:
      - Tue, 05 Jun 2018 07:42:28 GMT
      Server:
      - GoodData WebApp
      Location:
      - "/gdc/md/uihlr91spuzouu4qph5twhixwg9gqice/validate/task/d06c5c4ed3c10dab0cfcfa9349d364670000002b"
      Keep-Alive:
      - timeout=5, max=91
      X-Gdc-Log-Header:
      - ''
      Cache-Control:
      - no-cache, no-store, must-revalidate
      Content-Type:
      - application/json;charset=UTF-8
      X-Gdc-Request:
      - 824QlRRwvXysdGcdNrUp7w:KtasAcJ5eVBCo1QzAQ774w:sNoMRJcOsOWqkoKp
      Vary:
      - origin
      X-Gdc-Request-Time:
      - '27'
      Transfer-Encoding:
      - chunked
      Strict-Transport-Security:
      - max-age=10886400; includeSubDomains; preload;
    body:
      encoding: ASCII-8BIT
      string: '{"uri":"/gdc/md/uihlr91spuzouu4qph5twhixwg9gqice/validate/task/d06c5c4ed3c10dab0cfcfa9349d364670000002b"}'
    http_version: 
  recorded_at: Tue, 05 Jun 2018 07:42:28 GMT
- request:
    method: get
    uri: https://staging2-lcm-prod.intgdc.com/gdc/md/uihlr91spuzouu4qph5twhixwg9gqice/validate/task/d06c5c4ed3c10dab0cfcfa9349d364670000002b
    body:
      encoding: US-ASCII
      string: ''
    headers:
      Accept:
      - application/json, application/zip
      Accept-Encoding:
      - gzip, deflate
      User-Agent:
      - gooddata-gem/1.1.0/x86_64-linux/2.4.1
      Content-Type:
      - application/json
      X-Gdc-Authtt:
      - "<X_GDC_AUTHTT>"
      X-Gdc-Request:
      - 824QlRRwvXysdGcdNrUp7w:KtasAcJ5eVBCo1QzAQ774w
      Process:
      - 'true'
      Host:
      - staging2-lcm-prod.intgdc.com
  response:
    status:
      code: 303
      message: See Other
    headers:
      Date:
      - Tue, 05 Jun 2018 07:42:28 GMT
      Server:
      - GoodData WebApp
      Location:
      - "/gdc/md/uihlr91spuzouu4qph5twhixwg9gqice/validate/task/ad772b5b57b0f2e2427fa070f4cbca260000002b"
      Keep-Alive:
      - timeout=5, max=90
      X-Gdc-Log-Header:
      - ''
      Cache-Control:
      - no-cache, no-store, must-revalidate
      Content-Type:
      - application/json;charset=UTF-8
      X-Gdc-Request:
      - 824QlRRwvXysdGcdNrUp7w:KtasAcJ5eVBCo1QzAQ774w:uc4hjfbIPTTSy58L
      Vary:
      - origin
      X-Gdc-Request-Time:
      - '27'
      Transfer-Encoding:
      - chunked
      Strict-Transport-Security:
      - max-age=10886400; includeSubDomains; preload;
    body:
      encoding: ASCII-8BIT
      string: '{"uri":"/gdc/md/uihlr91spuzouu4qph5twhixwg9gqice/validate/task/ad772b5b57b0f2e2427fa070f4cbca260000002b"}'
    http_version: 
  recorded_at: Tue, 05 Jun 2018 07:42:28 GMT
- request:
    method: get
    uri: https://staging2-lcm-prod.intgdc.com/gdc/md/uihlr91spuzouu4qph5twhixwg9gqice/validate/task/ad772b5b57b0f2e2427fa070f4cbca260000002b
    body:
      encoding: US-ASCII
      string: ''
    headers:
      Accept:
      - application/json, application/zip
      Accept-Encoding:
      - gzip, deflate
      User-Agent:
      - gooddata-gem/1.1.0/x86_64-linux/2.4.1
      Content-Type:
      - application/json
      X-Gdc-Authtt:
      - "<X_GDC_AUTHTT>"
      X-Gdc-Request:
      - 824QlRRwvXysdGcdNrUp7w:KtasAcJ5eVBCo1QzAQ774w
      Process:
      - 'true'
      Host:
      - staging2-lcm-prod.intgdc.com
  response:
    status:
      code: 303
      message: See Other
    headers:
      Date:
      - Tue, 05 Jun 2018 07:42:29 GMT
      Server:
      - GoodData WebApp
      Location:
      - "/gdc/md/uihlr91spuzouu4qph5twhixwg9gqice/validate/task/fd3d31d492d011c1e8effe5bc62b694a0000002b"
      Keep-Alive:
      - timeout=5, max=98
      X-Gdc-Log-Header:
      - ''
      Cache-Control:
      - no-cache, no-store, must-revalidate
      Content-Type:
      - application/json;charset=UTF-8
      X-Gdc-Request:
      - 824QlRRwvXysdGcdNrUp7w:KtasAcJ5eVBCo1QzAQ774w:aPtrML402cixl24o
      Vary:
      - origin
      X-Gdc-Request-Time:
      - '32'
      Transfer-Encoding:
      - chunked
      Strict-Transport-Security:
      - max-age=10886400; includeSubDomains; preload;
    body:
      encoding: ASCII-8BIT
      string: '{"uri":"/gdc/md/uihlr91spuzouu4qph5twhixwg9gqice/validate/task/fd3d31d492d011c1e8effe5bc62b694a0000002b"}'
    http_version: 
  recorded_at: Tue, 05 Jun 2018 07:42:29 GMT
- request:
    method: get
    uri: https://staging2-lcm-prod.intgdc.com/gdc/md/uihlr91spuzouu4qph5twhixwg9gqice/validate/task/fd3d31d492d011c1e8effe5bc62b694a0000002b
    body:
      encoding: US-ASCII
      string: ''
    headers:
      Accept:
      - application/json, application/zip
      Accept-Encoding:
      - gzip, deflate
      User-Agent:
      - gooddata-gem/1.1.0/x86_64-linux/2.4.1
      Content-Type:
      - application/json
      X-Gdc-Authtt:
      - "<X_GDC_AUTHTT>"
      X-Gdc-Request:
      - 824QlRRwvXysdGcdNrUp7w:KtasAcJ5eVBCo1QzAQ774w
      Process:
      - 'true'
      Host:
      - staging2-lcm-prod.intgdc.com
  response:
    status:
      code: 303
      message: See Other
    headers:
      Date:
      - Tue, 05 Jun 2018 07:42:30 GMT
      Server:
      - GoodData WebApp
      Location:
      - "/gdc/md/uihlr91spuzouu4qph5twhixwg9gqice/validate/result/STGngQSAqmZQyN9"
      Keep-Alive:
      - timeout=5, max=87
      X-Gdc-Log-Header:
      - ''
      Cache-Control:
      - no-cache, no-store, must-revalidate
      Content-Type:
      - application/json;charset=UTF-8
      X-Gdc-Request:
      - 824QlRRwvXysdGcdNrUp7w:KtasAcJ5eVBCo1QzAQ774w:5o0izUx13wQfnu5z
      Vary:
      - origin
      X-Gdc-Request-Time:
      - '30'
      Transfer-Encoding:
      - chunked
      Strict-Transport-Security:
      - max-age=10886400; includeSubDomains; preload;
    body:
      encoding: ASCII-8BIT
      string: '{"uri":"/gdc/md/uihlr91spuzouu4qph5twhixwg9gqice/validate/result/STGngQSAqmZQyN9"}'
    http_version: 
  recorded_at: Tue, 05 Jun 2018 07:42:30 GMT
- request:
    method: get
    uri: https://staging2-lcm-prod.intgdc.com/gdc/md/uihlr91spuzouu4qph5twhixwg9gqice/validate/result/STGngQSAqmZQyN9
    body:
      encoding: US-ASCII
      string: ''
    headers:
      Accept:
      - application/json, application/zip
      Accept-Encoding:
      - gzip, deflate
      User-Agent:
      - gooddata-gem/1.1.0/x86_64-linux/2.4.1
      Content-Type:
      - application/json
      X-Gdc-Authtt:
      - "<X_GDC_AUTHTT>"
      X-Gdc-Request:
      - 824QlRRwvXysdGcdNrUp7w:KtasAcJ5eVBCo1QzAQ774w
      Process:
      - 'true'
      Host:
      - staging2-lcm-prod.intgdc.com
  response:
    status:
      code: 200
      message: OK
    headers:
      Date:
      - Tue, 05 Jun 2018 07:42:30 GMT
      Server:
      - GoodData WebApp
      Keep-Alive:
      - timeout=5, max=97
      X-Gdc-Log-Header:
      - ''
      Cache-Control:
      - no-cache, no-store, must-revalidate
      Content-Type:
      - application/json;charset=UTF-8
      X-Gdc-Request:
      - 824QlRRwvXysdGcdNrUp7w:KtasAcJ5eVBCo1QzAQ774w:NrRnUyo8eargVdrw
      Vary:
      - origin
      X-Gdc-Request-Time:
      - '25'
      Transfer-Encoding:
      - chunked
      Strict-Transport-Security:
      - max-age=10886400; includeSubDomains; preload;
    body:
      encoding: ASCII-8BIT
      string: '{"projectValidateResult":{"error_found":0,"fatal_error_found":0,"results":[{"body":{"error":0,"log":[]},"from":"invalid_objects"},{"body":{"error":0,"log":[]},"from":"ldm"},{"body":{"error":0,"log":[]},"from":"metric_filter"},{"body":{"error":0,"log":[]},"from":"pdm"},{"body":{"error":0,"log":[]},"from":"pdm::elem_validation"},{"body":{"error":0,"log":[]},"from":"pdm::pdm_vs_dwh"},{"body":{"error":0,"log":[]},"from":"pdm::pk_fk_consistency"},{"body":{"error":0,"log":[]},"from":"pdm::transitivity"}],"meta":{"start_time":1528184536,"finished_time":1528184538}}}'
    http_version: 
  recorded_at: Tue, 05 Jun 2018 07:42:30 GMT
- request:
    method: post
    uri: https://staging2-lcm-prod.intgdc.com/gdc/md/l3398hstuqp0gegtnzmgpuyizfp6ddlh/validate
    body:
      encoding: UTF-8
      string: '{"validateProject":["ldm","pdm","metric_filter","invalid_objects"]}'
    headers:
      Accept:
      - application/json, application/zip
      Accept-Encoding:
      - gzip, deflate
      User-Agent:
      - gooddata-gem/1.1.0/x86_64-linux/2.4.1
      Content-Type:
      - application/json
      X-Gdc-Authtt:
      - "<X_GDC_AUTHTT>"
      X-Gdc-Request:
      - 6iqGHdhLmeTwYuBArB_-ag:06LKao4XtSEY8E4FGfDtLw
      Content-Length:
      - '67'
      Host:
      - staging2-lcm-prod.intgdc.com
  response:
    status:
      code: 201
      message: Created
    headers:
      Date:
      - Tue, 05 Jun 2018 08:23:14 GMT
      Server:
      - GoodData WebApp
      Location:
      - "/gdc/md/l3398hstuqp0gegtnzmgpuyizfp6ddlh/validate/task/2fc10514c3a6ab965126b02ce853f0ba0000002b"
      Keep-Alive:
      - timeout=5, max=89
      X-Gdc-Log-Header:
      - ''
      Cache-Control:
      - no-cache, no-store, must-revalidate
      Content-Type:
      - application/json;charset=UTF-8
      X-Gdc-Request:
      - 6iqGHdhLmeTwYuBArB_-ag:06LKao4XtSEY8E4FGfDtLw:4ORXHwBtWfowZDLw
      Vary:
      - origin
      X-Gdc-Request-Time:
      - '48'
      Transfer-Encoding:
      - chunked
      Strict-Transport-Security:
      - max-age=10886400; includeSubDomains; preload;
    body:
      encoding: ASCII-8BIT
      string: '{"asyncTask":{"link":{"poll":"/gdc/md/l3398hstuqp0gegtnzmgpuyizfp6ddlh/validate/task/2fc10514c3a6ab965126b02ce853f0ba0000002b"}}}'
    http_version: 
  recorded_at: Tue, 05 Jun 2018 08:23:14 GMT
- request:
    method: get
    uri: https://staging2-lcm-prod.intgdc.com/gdc/md/l3398hstuqp0gegtnzmgpuyizfp6ddlh/validate/task/2fc10514c3a6ab965126b02ce853f0ba0000002b
    body:
      encoding: US-ASCII
      string: ''
    headers:
      Accept:
      - application/json, application/zip
      Accept-Encoding:
      - gzip, deflate
      User-Agent:
      - gooddata-gem/1.1.0/x86_64-linux/2.4.1
      Content-Type:
      - application/json
      X-Gdc-Authtt:
      - "<X_GDC_AUTHTT>"
      X-Gdc-Request:
      - 6iqGHdhLmeTwYuBArB_-ag:-SKw1azPOoHMjVnYX4io5g
      Process:
      - 'true'
      Host:
      - staging2-lcm-prod.intgdc.com
  response:
    status:
      code: 303
      message: See Other
    headers:
      Date:
      - Tue, 05 Jun 2018 08:23:15 GMT
      Server:
      - GoodData WebApp
      Location:
      - "/gdc/md/l3398hstuqp0gegtnzmgpuyizfp6ddlh/validate/task/1c06c72924e6743cd9eceaa6fe5f3cf80000002b"
      Keep-Alive:
      - timeout=5, max=75
      X-Gdc-Log-Header:
      - ''
      Cache-Control:
      - no-cache, no-store, must-revalidate
      Content-Type:
      - application/json;charset=UTF-8
      X-Gdc-Request:
      - 6iqGHdhLmeTwYuBArB_-ag:-SKw1azPOoHMjVnYX4io5g:BE8dfUk42uJQLQSE
      Vary:
      - origin
      X-Gdc-Request-Time:
      - '27'
      Transfer-Encoding:
      - chunked
      Strict-Transport-Security:
      - max-age=10886400; includeSubDomains; preload;
    body:
      encoding: ASCII-8BIT
      string: '{"uri":"/gdc/md/l3398hstuqp0gegtnzmgpuyizfp6ddlh/validate/task/1c06c72924e6743cd9eceaa6fe5f3cf80000002b"}'
    http_version: 
  recorded_at: Tue, 05 Jun 2018 08:23:15 GMT
- request:
    method: get
    uri: https://staging2-lcm-prod.intgdc.com/gdc/md/l3398hstuqp0gegtnzmgpuyizfp6ddlh/validate/task/1c06c72924e6743cd9eceaa6fe5f3cf80000002b
    body:
      encoding: US-ASCII
      string: ''
    headers:
      Accept:
      - application/json, application/zip
      Accept-Encoding:
      - gzip, deflate
      User-Agent:
      - gooddata-gem/1.1.0/x86_64-linux/2.4.1
      Content-Type:
      - application/json
      X-Gdc-Authtt:
      - "<X_GDC_AUTHTT>"
      X-Gdc-Request:
      - 6iqGHdhLmeTwYuBArB_-ag:-SKw1azPOoHMjVnYX4io5g
      Process:
      - 'true'
      Host:
      - staging2-lcm-prod.intgdc.com
  response:
    status:
      code: 202
      message: Accepted
    headers:
      Date:
      - Tue, 05 Jun 2018 08:23:15 GMT
      Server:
      - GoodData WebApp
      Refresh:
      - '3'
      Location:
      - "/gdc/md/l3398hstuqp0gegtnzmgpuyizfp6ddlh/validate/task/1c06c72924e6743cd9eceaa6fe5f3cf80000002b"
      Keep-Alive:
      - timeout=5, max=81
      X-Gdc-Log-Header:
      - ''
      Cache-Control:
      - no-cache, no-store, must-revalidate
      Content-Type:
      - application/json;charset=UTF-8
      X-Gdc-Request:
      - 6iqGHdhLmeTwYuBArB_-ag:-SKw1azPOoHMjVnYX4io5g:z9aii1gWGBfnmMb9
      Vary:
      - origin
      X-Gdc-Request-Time:
      - '29'
      Transfer-Encoding:
      - chunked
      Strict-Transport-Security:
      - max-age=10886400; includeSubDomains; preload;
    body:
      encoding: ASCII-8BIT
      string: '{"wTaskStatus":{"poll":"/gdc/md/l3398hstuqp0gegtnzmgpuyizfp6ddlh/validate/task/1c06c72924e6743cd9eceaa6fe5f3cf80000002b","status":"RUNNING"}}'
    http_version: 
  recorded_at: Tue, 05 Jun 2018 08:23:15 GMT
- request:
    method: get
    uri: https://staging2-lcm-prod.intgdc.com/gdc/md/l3398hstuqp0gegtnzmgpuyizfp6ddlh/validate/task/2fc10514c3a6ab965126b02ce853f0ba0000002b
    body:
      encoding: US-ASCII
      string: ''
    headers:
      Accept:
      - application/json, application/zip
      Accept-Encoding:
      - gzip, deflate
      User-Agent:
      - gooddata-gem/1.1.0/x86_64-linux/2.4.1
      Content-Type:
      - application/json
      X-Gdc-Authtt:
      - "<X_GDC_AUTHTT>"
      X-Gdc-Request:
      - 6iqGHdhLmeTwYuBArB_-ag:KYM3v1HnRn_-J_mjRAdbhw
      Process:
      - 'true'
      Host:
      - staging2-lcm-prod.intgdc.com
  response:
    status:
      code: 303
      message: See Other
    headers:
      Date:
      - Tue, 05 Jun 2018 08:23:26 GMT
      Server:
      - GoodData WebApp
      Location:
      - "/gdc/md/l3398hstuqp0gegtnzmgpuyizfp6ddlh/validate/task/1c06c72924e6743cd9eceaa6fe5f3cf80000002b"
      Keep-Alive:
      - timeout=5, max=91
      X-Gdc-Log-Header:
      - ''
      Cache-Control:
      - no-cache, no-store, must-revalidate
      Content-Type:
      - application/json;charset=UTF-8
      X-Gdc-Request:
      - 6iqGHdhLmeTwYuBArB_-ag:KYM3v1HnRn_-J_mjRAdbhw:o30NSNLJT9UXyKoH
      Vary:
      - origin
      X-Gdc-Request-Time:
      - '49'
      Transfer-Encoding:
      - chunked
      Strict-Transport-Security:
      - max-age=10886400; includeSubDomains; preload;
    body:
      encoding: ASCII-8BIT
      string: '{"uri":"/gdc/md/l3398hstuqp0gegtnzmgpuyizfp6ddlh/validate/task/1c06c72924e6743cd9eceaa6fe5f3cf80000002b"}'
    http_version: 
  recorded_at: Tue, 05 Jun 2018 08:23:26 GMT
- request:
    method: get
    uri: https://staging2-lcm-prod.intgdc.com/gdc/md/l3398hstuqp0gegtnzmgpuyizfp6ddlh/validate/task/1c06c72924e6743cd9eceaa6fe5f3cf80000002b
    body:
      encoding: US-ASCII
      string: ''
    headers:
      Accept:
      - application/json, application/zip
      Accept-Encoding:
      - gzip, deflate
      User-Agent:
      - gooddata-gem/1.1.0/x86_64-linux/2.4.1
      Content-Type:
      - application/json
      X-Gdc-Authtt:
      - "<X_GDC_AUTHTT>"
      X-Gdc-Request:
      - 6iqGHdhLmeTwYuBArB_-ag:KYM3v1HnRn_-J_mjRAdbhw
      Process:
      - 'true'
      Host:
      - staging2-lcm-prod.intgdc.com
  response:
    status:
      code: 303
      message: See Other
    headers:
      Date:
      - Tue, 05 Jun 2018 08:23:27 GMT
      Server:
      - GoodData WebApp
      Location:
      - "/gdc/md/l3398hstuqp0gegtnzmgpuyizfp6ddlh/validate/task/24e6319b59e8d9852ca4d9c8273145e40000002b"
      Keep-Alive:
      - timeout=5, max=90
      X-Gdc-Log-Header:
      - ''
      Cache-Control:
      - no-cache, no-store, must-revalidate
      Content-Type:
      - application/json;charset=UTF-8
      X-Gdc-Request:
      - 6iqGHdhLmeTwYuBArB_-ag:KYM3v1HnRn_-J_mjRAdbhw:4wotXmtsB7lOUiq2
      Vary:
      - origin
      X-Gdc-Request-Time:
      - '25'
      Transfer-Encoding:
      - chunked
      Strict-Transport-Security:
      - max-age=10886400; includeSubDomains; preload;
    body:
      encoding: ASCII-8BIT
      string: '{"uri":"/gdc/md/l3398hstuqp0gegtnzmgpuyizfp6ddlh/validate/task/24e6319b59e8d9852ca4d9c8273145e40000002b"}'
    http_version: 
  recorded_at: Tue, 05 Jun 2018 08:23:27 GMT
- request:
    method: get
    uri: https://staging2-lcm-prod.intgdc.com/gdc/md/l3398hstuqp0gegtnzmgpuyizfp6ddlh/validate/task/24e6319b59e8d9852ca4d9c8273145e40000002b
    body:
      encoding: US-ASCII
      string: ''
    headers:
      Accept:
      - application/json, application/zip
      Accept-Encoding:
      - gzip, deflate
      User-Agent:
      - gooddata-gem/1.1.0/x86_64-linux/2.4.1
      Content-Type:
      - application/json
      X-Gdc-Authtt:
      - "<X_GDC_AUTHTT>"
      X-Gdc-Request:
      - 6iqGHdhLmeTwYuBArB_-ag:KYM3v1HnRn_-J_mjRAdbhw
      Process:
      - 'true'
      Host:
      - staging2-lcm-prod.intgdc.com
  response:
    status:
      code: 303
      message: See Other
    headers:
      Date:
      - Tue, 05 Jun 2018 08:23:27 GMT
      Server:
      - GoodData WebApp
      Location:
      - "/gdc/md/l3398hstuqp0gegtnzmgpuyizfp6ddlh/validate/task/7306afb0db6a34e2dce70fadd4ff88690000002b"
      Keep-Alive:
      - timeout=5, max=90
      X-Gdc-Log-Header:
      - ''
      Cache-Control:
      - no-cache, no-store, must-revalidate
      Content-Type:
      - application/json;charset=UTF-8
      X-Gdc-Request:
      - 6iqGHdhLmeTwYuBArB_-ag:KYM3v1HnRn_-J_mjRAdbhw:LnPcRCi2MWNuW3Qq
      Vary:
      - origin
      X-Gdc-Request-Time:
      - '51'
      Transfer-Encoding:
      - chunked
      Strict-Transport-Security:
      - max-age=10886400; includeSubDomains; preload;
    body:
      encoding: ASCII-8BIT
      string: '{"uri":"/gdc/md/l3398hstuqp0gegtnzmgpuyizfp6ddlh/validate/task/7306afb0db6a34e2dce70fadd4ff88690000002b"}'
    http_version: 
  recorded_at: Tue, 05 Jun 2018 08:23:27 GMT
- request:
    method: get
    uri: https://staging2-lcm-prod.intgdc.com/gdc/md/l3398hstuqp0gegtnzmgpuyizfp6ddlh/validate/task/7306afb0db6a34e2dce70fadd4ff88690000002b
    body:
      encoding: US-ASCII
      string: ''
    headers:
      Accept:
      - application/json, application/zip
      Accept-Encoding:
      - gzip, deflate
      User-Agent:
      - gooddata-gem/1.1.0/x86_64-linux/2.4.1
      Content-Type:
      - application/json
      X-Gdc-Authtt:
      - "<X_GDC_AUTHTT>"
      X-Gdc-Request:
      - 6iqGHdhLmeTwYuBArB_-ag:KYM3v1HnRn_-J_mjRAdbhw
      Process:
      - 'true'
      Host:
      - staging2-lcm-prod.intgdc.com
  response:
    status:
      code: 303
      message: See Other
    headers:
      Date:
      - Tue, 05 Jun 2018 08:23:28 GMT
      Server:
      - GoodData WebApp
      Location:
      - "/gdc/md/l3398hstuqp0gegtnzmgpuyizfp6ddlh/validate/result/STGbGh6YFuly5lQ"
      Keep-Alive:
      - timeout=5, max=89
      X-Gdc-Log-Header:
      - ''
      Cache-Control:
      - no-cache, no-store, must-revalidate
      Content-Type:
      - application/json;charset=UTF-8
      X-Gdc-Request:
      - 6iqGHdhLmeTwYuBArB_-ag:KYM3v1HnRn_-J_mjRAdbhw:jEkLd1CumCGe3awG
      Vary:
      - origin
      X-Gdc-Request-Time:
      - '30'
      Transfer-Encoding:
      - chunked
      Strict-Transport-Security:
      - max-age=10886400; includeSubDomains; preload;
    body:
      encoding: ASCII-8BIT
      string: '{"uri":"/gdc/md/l3398hstuqp0gegtnzmgpuyizfp6ddlh/validate/result/STGbGh6YFuly5lQ"}'
    http_version: 
  recorded_at: Tue, 05 Jun 2018 08:23:28 GMT
- request:
    method: get
    uri: https://staging2-lcm-prod.intgdc.com/gdc/md/l3398hstuqp0gegtnzmgpuyizfp6ddlh/validate/result/STGbGh6YFuly5lQ
    body:
      encoding: US-ASCII
      string: ''
    headers:
      Accept:
      - application/json, application/zip
      Accept-Encoding:
      - gzip, deflate
      User-Agent:
      - gooddata-gem/1.1.0/x86_64-linux/2.4.1
      Content-Type:
      - application/json
      X-Gdc-Authtt:
      - "<X_GDC_AUTHTT>"
      X-Gdc-Request:
      - 6iqGHdhLmeTwYuBArB_-ag:KYM3v1HnRn_-J_mjRAdbhw
      Process:
      - 'true'
      Host:
      - staging2-lcm-prod.intgdc.com
  response:
    status:
      code: 200
      message: OK
    headers:
      Date:
      - Tue, 05 Jun 2018 08:23:28 GMT
      Server:
      - GoodData WebApp
      Keep-Alive:
      - timeout=5, max=65
      X-Gdc-Log-Header:
      - ''
      Cache-Control:
      - no-cache, no-store, must-revalidate
      Content-Type:
      - application/json;charset=UTF-8
      X-Gdc-Request:
      - 6iqGHdhLmeTwYuBArB_-ag:KYM3v1HnRn_-J_mjRAdbhw:KC7iS4Pd62X06w50
      Vary:
      - origin
      X-Gdc-Request-Time:
      - '25'
      Transfer-Encoding:
      - chunked
      Strict-Transport-Security:
      - max-age=10886400; includeSubDomains; preload;
    body:
      encoding: ASCII-8BIT
      string: '{"projectValidateResult":{"error_found":0,"fatal_error_found":0,"results":[{"body":{"error":0,"log":[]},"from":"pdm"},{"body":{"error":0,"log":[]},"from":"pdm::elem_validation"},{"body":{"error":0,"log":[]},"from":"metric_filter"},{"body":{"error":0,"log":[]},"from":"invalid_objects"},{"body":{"error":0,"log":[]},"from":"ldm"},{"body":{"error":0,"log":[]},"from":"pdm::pdm_vs_dwh"},{"body":{"error":0,"log":[]},"from":"pdm::pk_fk_consistency"},{"body":{"error":0,"log":[]},"from":"pdm::transitivity"}],"meta":{"start_time":1528186994,"finished_time":1528186996}}}'
    http_version: 
  recorded_at: Tue, 05 Jun 2018 08:23:29 GMT
- request:
    method: post
    uri: https://staging2-lcm-prod.intgdc.com/gdc/md/hws7s5o3eu325ftrdppl1i4138ckzoah/validate
    body:
      encoding: UTF-8
      string: '{"validateProject":["ldm","pdm","metric_filter","invalid_objects"]}'
    headers:
      Accept:
      - application/json, application/zip
      Accept-Encoding:
      - gzip, deflate
      User-Agent:
      - gooddata-gem/1.3.1/x86_64-darwin16/2.3.3
      Content-Type:
      - application/json
      X-Gdc-Authtt:
      - "<X_GDC_AUTHTT>"
      X-Gdc-Request:
      - 4UNvJMuSxNk9iAyK97sHpw:GD-m6DhT6qcMsNLuvY1KJQ
      Content-Length:
      - '67'
      Host:
      - staging2-lcm-prod.intgdc.com
  response:
    status:
      code: 201
      message: Created
    headers:
      Date:
      - Fri, 05 Oct 2018 13:55:19 GMT
      Server:
      - GoodData WebApp
      Location:
      - "/gdc/md/hws7s5o3eu325ftrdppl1i4138ckzoah/validate/task/eec0a4bf82759fb26676aa1d7dd137ef00000032"
      Keep-Alive:
      - timeout=5, max=94
      X-Gdc-Log-Header:
      - ''
      Cache-Control:
      - no-cache, no-store, must-revalidate
      Content-Type:
      - application/json;charset=UTF-8
      X-Gdc-Request:
      - 4UNvJMuSxNk9iAyK97sHpw:GD-m6DhT6qcMsNLuvY1KJQ:knL3PmLBw9h1d1OW
      Vary:
      - origin
      X-Gdc-Request-Time:
      - '35'
      Transfer-Encoding:
      - chunked
      Strict-Transport-Security:
      - max-age=10886400; includeSubDomains; preload;
    body:
      encoding: ASCII-8BIT
      string: '{"asyncTask":{"link":{"poll":"/gdc/md/hws7s5o3eu325ftrdppl1i4138ckzoah/validate/task/eec0a4bf82759fb26676aa1d7dd137ef00000032"}}}'
    http_version: 
  recorded_at: Fri, 05 Oct 2018 13:55:19 GMT
- request:
    method: get
    uri: https://staging2-lcm-prod.intgdc.com/gdc/md/hws7s5o3eu325ftrdppl1i4138ckzoah/validate/task/eec0a4bf82759fb26676aa1d7dd137ef00000032
    body:
      encoding: US-ASCII
      string: ''
    headers:
      Accept:
      - application/json, application/zip
      Accept-Encoding:
      - gzip, deflate
      User-Agent:
      - gooddata-gem/1.3.1/x86_64-darwin16/2.3.3
      Content-Type:
      - application/json
      X-Gdc-Authtt:
      - "<X_GDC_AUTHTT>"
      X-Gdc-Request:
      - 4UNvJMuSxNk9iAyK97sHpw:vwFZ5FqLIPOUjRXfLAA5LQ
      Process:
      - 'true'
      Host:
      - staging2-lcm-prod.intgdc.com
  response:
    status:
      code: 303
      message: See Other
    headers:
      Date:
      - Fri, 05 Oct 2018 13:55:20 GMT
      Server:
      - GoodData WebApp
      Location:
      - "/gdc/md/hws7s5o3eu325ftrdppl1i4138ckzoah/validate/task/9e682d2a147e2e33862529169f7d70b900000032"
      Keep-Alive:
      - timeout=5, max=91
      X-Gdc-Log-Header:
      - ''
      Cache-Control:
      - no-cache, no-store, must-revalidate
      Content-Type:
      - application/json;charset=UTF-8
      X-Gdc-Request:
      - 4UNvJMuSxNk9iAyK97sHpw:vwFZ5FqLIPOUjRXfLAA5LQ:EjhffhfAHnufCXDF
      Vary:
      - origin
      X-Gdc-Request-Time:
      - '25'
      Transfer-Encoding:
      - chunked
      Strict-Transport-Security:
      - max-age=10886400; includeSubDomains; preload;
    body:
      encoding: ASCII-8BIT
      string: '{"uri":"/gdc/md/hws7s5o3eu325ftrdppl1i4138ckzoah/validate/task/9e682d2a147e2e33862529169f7d70b900000032"}'
    http_version: 
  recorded_at: Fri, 05 Oct 2018 13:55:20 GMT
- request:
    method: get
    uri: https://staging2-lcm-prod.intgdc.com/gdc/md/hws7s5o3eu325ftrdppl1i4138ckzoah/validate/task/9e682d2a147e2e33862529169f7d70b900000032
    body:
      encoding: US-ASCII
      string: ''
    headers:
      Accept:
      - application/json, application/zip
      Accept-Encoding:
      - gzip, deflate
      User-Agent:
      - gooddata-gem/1.3.1/x86_64-darwin16/2.3.3
      Content-Type:
      - application/json
      X-Gdc-Authtt:
      - "<X_GDC_AUTHTT>"
      X-Gdc-Request:
      - 4UNvJMuSxNk9iAyK97sHpw:vwFZ5FqLIPOUjRXfLAA5LQ
      Process:
      - 'true'
      Host:
      - staging2-lcm-prod.intgdc.com
  response:
    status:
      code: 202
      message: Accepted
    headers:
      Date:
      - Fri, 05 Oct 2018 13:55:20 GMT
      Server:
      - GoodData WebApp
      Refresh:
      - '3'
      Location:
      - "/gdc/md/hws7s5o3eu325ftrdppl1i4138ckzoah/validate/task/9e682d2a147e2e33862529169f7d70b900000032"
      Keep-Alive:
      - timeout=5, max=94
      X-Gdc-Log-Header:
      - ''
      Cache-Control:
      - no-cache, no-store, must-revalidate
      Content-Type:
      - application/json;charset=UTF-8
      X-Gdc-Request:
      - 4UNvJMuSxNk9iAyK97sHpw:vwFZ5FqLIPOUjRXfLAA5LQ:1fueP8HPWlBY4d0F
      Vary:
      - origin
      X-Gdc-Request-Time:
      - '26'
      Transfer-Encoding:
      - chunked
      Strict-Transport-Security:
      - max-age=10886400; includeSubDomains; preload;
    body:
      encoding: ASCII-8BIT
      string: '{"wTaskStatus":{"poll":"/gdc/md/hws7s5o3eu325ftrdppl1i4138ckzoah/validate/task/9e682d2a147e2e33862529169f7d70b900000032","status":"RUNNING"}}'
    http_version: 
  recorded_at: Fri, 05 Oct 2018 13:55:20 GMT
- request:
    method: get
    uri: https://staging2-lcm-prod.intgdc.com/gdc/md/hws7s5o3eu325ftrdppl1i4138ckzoah/validate/task/eec0a4bf82759fb26676aa1d7dd137ef00000032
    body:
      encoding: US-ASCII
      string: ''
    headers:
      Accept:
      - application/json, application/zip
      Accept-Encoding:
      - gzip, deflate
      User-Agent:
      - gooddata-gem/1.3.1/x86_64-darwin16/2.3.3
      Content-Type:
      - application/json
      X-Gdc-Authtt:
      - "<X_GDC_AUTHTT>"
      X-Gdc-Request:
      - 4UNvJMuSxNk9iAyK97sHpw:pMfGmL1Y53kwc4csJ9t0wg
      Process:
      - 'true'
      Host:
      - staging2-lcm-prod.intgdc.com
  response:
    status:
      code: 303
      message: See Other
    headers:
      Date:
      - Fri, 05 Oct 2018 13:55:22 GMT
      Server:
      - GoodData WebApp
      Location:
      - "/gdc/md/hws7s5o3eu325ftrdppl1i4138ckzoah/validate/task/9e682d2a147e2e33862529169f7d70b900000032"
      Keep-Alive:
      - timeout=5, max=89
      X-Gdc-Log-Header:
      - ''
      Cache-Control:
      - no-cache, no-store, must-revalidate
      Content-Type:
      - application/json;charset=UTF-8
      X-Gdc-Request:
      - 4UNvJMuSxNk9iAyK97sHpw:pMfGmL1Y53kwc4csJ9t0wg:nnKDBHzC8vTlCZAD
      Vary:
      - origin
      X-Gdc-Request-Time:
      - '25'
      Transfer-Encoding:
      - chunked
      Strict-Transport-Security:
      - max-age=10886400; includeSubDomains; preload;
    body:
      encoding: ASCII-8BIT
      string: '{"uri":"/gdc/md/hws7s5o3eu325ftrdppl1i4138ckzoah/validate/task/9e682d2a147e2e33862529169f7d70b900000032"}'
    http_version: 
  recorded_at: Fri, 05 Oct 2018 13:55:22 GMT
- request:
    method: get
    uri: https://staging2-lcm-prod.intgdc.com/gdc/md/hws7s5o3eu325ftrdppl1i4138ckzoah/validate/task/9e682d2a147e2e33862529169f7d70b900000032
    body:
      encoding: US-ASCII
      string: ''
    headers:
      Accept:
      - application/json, application/zip
      Accept-Encoding:
      - gzip, deflate
      User-Agent:
      - gooddata-gem/1.3.1/x86_64-darwin16/2.3.3
      Content-Type:
      - application/json
      X-Gdc-Authtt:
      - "<X_GDC_AUTHTT>"
      X-Gdc-Request:
      - 4UNvJMuSxNk9iAyK97sHpw:pMfGmL1Y53kwc4csJ9t0wg
      Process:
      - 'true'
      Host:
      - staging2-lcm-prod.intgdc.com
  response:
    status:
      code: 303
      message: See Other
    headers:
      Date:
      - Fri, 05 Oct 2018 13:55:22 GMT
      Server:
      - GoodData WebApp
      Location:
      - "/gdc/md/hws7s5o3eu325ftrdppl1i4138ckzoah/validate/task/c5b3a3d4a0244453c724106bc078be4e00000032"
      Keep-Alive:
      - timeout=5, max=88
      X-Gdc-Log-Header:
      - ''
      Cache-Control:
      - no-cache, no-store, must-revalidate
      Content-Type:
      - application/json;charset=UTF-8
      X-Gdc-Request:
      - 4UNvJMuSxNk9iAyK97sHpw:pMfGmL1Y53kwc4csJ9t0wg:w1OnUU93beULJaYn
      Vary:
      - origin
      X-Gdc-Request-Time:
      - '25'
      Transfer-Encoding:
      - chunked
      Strict-Transport-Security:
      - max-age=10886400; includeSubDomains; preload;
    body:
      encoding: ASCII-8BIT
      string: '{"uri":"/gdc/md/hws7s5o3eu325ftrdppl1i4138ckzoah/validate/task/c5b3a3d4a0244453c724106bc078be4e00000032"}'
    http_version: 
  recorded_at: Fri, 05 Oct 2018 13:55:22 GMT
- request:
    method: get
    uri: https://staging2-lcm-prod.intgdc.com/gdc/md/hws7s5o3eu325ftrdppl1i4138ckzoah/validate/task/c5b3a3d4a0244453c724106bc078be4e00000032
    body:
      encoding: US-ASCII
      string: ''
    headers:
      Accept:
      - application/json, application/zip
      Accept-Encoding:
      - gzip, deflate
      User-Agent:
      - gooddata-gem/1.3.1/x86_64-darwin16/2.3.3
      Content-Type:
      - application/json
      X-Gdc-Authtt:
      - "<X_GDC_AUTHTT>"
      X-Gdc-Request:
      - 4UNvJMuSxNk9iAyK97sHpw:pMfGmL1Y53kwc4csJ9t0wg
      Process:
      - 'true'
      Host:
      - staging2-lcm-prod.intgdc.com
  response:
    status:
      code: 303
      message: See Other
    headers:
      Date:
      - Fri, 05 Oct 2018 13:55:23 GMT
      Server:
      - GoodData WebApp
      Location:
      - "/gdc/md/hws7s5o3eu325ftrdppl1i4138ckzoah/validate/task/09b927fe477f3ef4f79f4a3ec91c7ea600000032"
      Keep-Alive:
      - timeout=5, max=89
      X-Gdc-Log-Header:
      - ''
      Cache-Control:
      - no-cache, no-store, must-revalidate
      Content-Type:
      - application/json;charset=UTF-8
      X-Gdc-Request:
      - 4UNvJMuSxNk9iAyK97sHpw:pMfGmL1Y53kwc4csJ9t0wg:dZ1p8EHGMSP9kLgT
      Vary:
      - origin
      X-Gdc-Request-Time:
      - '26'
      Transfer-Encoding:
      - chunked
      Strict-Transport-Security:
      - max-age=10886400; includeSubDomains; preload;
    body:
      encoding: ASCII-8BIT
      string: '{"uri":"/gdc/md/hws7s5o3eu325ftrdppl1i4138ckzoah/validate/task/09b927fe477f3ef4f79f4a3ec91c7ea600000032"}'
    http_version: 
  recorded_at: Fri, 05 Oct 2018 13:55:23 GMT
- request:
    method: get
    uri: https://staging2-lcm-prod.intgdc.com/gdc/md/hws7s5o3eu325ftrdppl1i4138ckzoah/validate/task/09b927fe477f3ef4f79f4a3ec91c7ea600000032
    body:
      encoding: US-ASCII
      string: ''
    headers:
      Accept:
      - application/json, application/zip
      Accept-Encoding:
      - gzip, deflate
      User-Agent:
      - gooddata-gem/1.3.1/x86_64-darwin16/2.3.3
      Content-Type:
      - application/json
      X-Gdc-Authtt:
      - "<X_GDC_AUTHTT>"
      X-Gdc-Request:
      - 4UNvJMuSxNk9iAyK97sHpw:pMfGmL1Y53kwc4csJ9t0wg
      Process:
      - 'true'
      Host:
      - staging2-lcm-prod.intgdc.com
  response:
    status:
      code: 303
      message: See Other
    headers:
      Date:
      - Fri, 05 Oct 2018 13:55:23 GMT
      Server:
      - GoodData WebApp
      Location:
      - "/gdc/md/hws7s5o3eu325ftrdppl1i4138ckzoah/validate/result/STGKnA2NS2ymFzi"
      Keep-Alive:
      - timeout=5, max=90
      X-Gdc-Log-Header:
      - ''
      Cache-Control:
      - no-cache, no-store, must-revalidate
      Content-Type:
      - application/json;charset=UTF-8
      X-Gdc-Request:
      - 4UNvJMuSxNk9iAyK97sHpw:pMfGmL1Y53kwc4csJ9t0wg:z4DVh7iWdpmF7N3r
      Vary:
      - origin
      X-Gdc-Request-Time:
      - '28'
      Transfer-Encoding:
      - chunked
      Strict-Transport-Security:
      - max-age=10886400; includeSubDomains; preload;
    body:
      encoding: ASCII-8BIT
      string: '{"uri":"/gdc/md/hws7s5o3eu325ftrdppl1i4138ckzoah/validate/result/STGKnA2NS2ymFzi"}'
    http_version: 
  recorded_at: Fri, 05 Oct 2018 13:55:23 GMT
- request:
    method: get
    uri: https://staging2-lcm-prod.intgdc.com/gdc/md/hws7s5o3eu325ftrdppl1i4138ckzoah/validate/result/STGKnA2NS2ymFzi
    body:
      encoding: US-ASCII
      string: ''
    headers:
      Accept:
      - application/json, application/zip
      Accept-Encoding:
      - gzip, deflate
      User-Agent:
      - gooddata-gem/1.3.1/x86_64-darwin16/2.3.3
      Content-Type:
      - application/json
      X-Gdc-Authtt:
      - "<X_GDC_AUTHTT>"
      X-Gdc-Request:
      - 4UNvJMuSxNk9iAyK97sHpw:pMfGmL1Y53kwc4csJ9t0wg
      Process:
      - 'true'
      Host:
      - staging2-lcm-prod.intgdc.com
  response:
    status:
      code: 200
      message: OK
    headers:
      Date:
      - Fri, 05 Oct 2018 13:55:24 GMT
      Server:
      - GoodData WebApp
      Keep-Alive:
      - timeout=5, max=89
      X-Gdc-Log-Header:
      - ''
      Cache-Control:
      - no-cache, no-store, must-revalidate
      Content-Type:
      - application/json;charset=UTF-8
      X-Gdc-Request:
      - 4UNvJMuSxNk9iAyK97sHpw:pMfGmL1Y53kwc4csJ9t0wg:XkWGSTcKlKoIqHNU
      Vary:
      - origin
      X-Gdc-Request-Time:
      - '25'
      Transfer-Encoding:
      - chunked
      Strict-Transport-Security:
      - max-age=10886400; includeSubDomains; preload;
    body:
      encoding: ASCII-8BIT
      string: '{"projectValidateResult":{"error_found":0,"fatal_error_found":0,"results":[{"body":{"error":0,"log":[]},"from":"pdm"},{"body":{"error":0,"log":[]},"from":"pdm::elem_validation"},{"body":{"error":0,"log":[]},"from":"metric_filter"},{"body":{"error":0,"log":[]},"from":"invalid_objects"},{"body":{"error":0,"log":[]},"from":"ldm"},{"body":{"error":0,"log":[]},"from":"pdm::pdm_vs_dwh"},{"body":{"error":0,"log":[]},"from":"pdm::pk_fk_consistency"},{"body":{"error":0,"log":[]},"from":"pdm::transitivity"}],"meta":{"start_time":1538747719,"finished_time":1538747720}}}'
    http_version: 
  recorded_at: Fri, 05 Oct 2018 13:55:24 GMT
- request:
    method: post
    uri: https://staging2-lcm-prod.intgdc.com/gdc/md/kox3qimhjpq0mbp0g8q6qkqiv0wbapxp/validate
    body:
      encoding: UTF-8
      string: '{"validateProject":["ldm","pdm","metric_filter","invalid_objects"]}'
    headers:
      Accept:
      - application/json, application/zip
      Accept-Encoding:
      - gzip, deflate
      User-Agent:
      - gooddata-gem/1.3.6/x86_64-linux/2.3.6
      Content-Type:
      - application/json
      X-Gdc-Authtt:
      - "<X_GDC_AUTHTT>"
      X-Gdc-Request:
      - ":MI5onfuWjw3LK8LA44DUlw:Vu0K0gIU4P6UYBF3w8qZJw"
      Stats-On:
      - ''
      Content-Length:
      - '67'
      Host:
      - staging2-lcm-prod.intgdc.com
  response:
    status:
      code: 201
      message: Created
    headers:
      Date:
      - Mon, 21 Jan 2019 18:56:57 GMT
      Server:
      - GoodData WebApp
      Location:
      - "/gdc/md/kox3qimhjpq0mbp0g8q6qkqiv0wbapxp/validate/task/5bbdb083e48b505f19ce291ec05f8e1400000032"
      Keep-Alive:
      - timeout=5, max=85
      X-Gdc-Log-Header:
      - ''
      Cache-Control:
      - no-cache, no-store, must-revalidate
      Content-Type:
      - application/json;charset=UTF-8
      X-Gdc-Request:
      - ":MI5onfuWjw3LK8LA44DUlw:Vu0K0gIU4P6UYBF3w8qZJw:cFtpmWBOogZq4iC2"
      Vary:
      - origin
      X-Gdc-Request-Time:
      - '36'
      Transfer-Encoding:
      - chunked
      Strict-Transport-Security:
      - max-age=10886400; includeSubDomains; preload;
    body:
      encoding: ASCII-8BIT
      string: '{"asyncTask":{"link":{"poll":"/gdc/md/kox3qimhjpq0mbp0g8q6qkqiv0wbapxp/validate/task/5bbdb083e48b505f19ce291ec05f8e1400000032"}}}'
    http_version: 
  recorded_at: Mon, 21 Jan 2019 18:56:58 GMT
- request:
    method: get
    uri: https://staging2-lcm-prod.intgdc.com/gdc/md/kox3qimhjpq0mbp0g8q6qkqiv0wbapxp/validate/task/5bbdb083e48b505f19ce291ec05f8e1400000032
    body:
      encoding: US-ASCII
      string: ''
    headers:
      Accept:
      - application/json, application/zip
      Accept-Encoding:
      - gzip, deflate
      User-Agent:
      - gooddata-gem/1.3.6/x86_64-linux/2.3.6
      Content-Type:
      - application/json
      X-Gdc-Authtt:
      - "<X_GDC_AUTHTT>"
      X-Gdc-Request:
      - ":MI5onfuWjw3LK8LA44DUlw:1vxrMxOz1sq7b2tMw9O8uQ"
      Process:
      - 'true'
      Stats-On:
      - ''
      Host:
      - staging2-lcm-prod.intgdc.com
  response:
    status:
      code: 303
      message: See Other
    headers:
      Date:
      - Mon, 21 Jan 2019 18:56:58 GMT
      Server:
      - GoodData WebApp
      Location:
      - "/gdc/md/kox3qimhjpq0mbp0g8q6qkqiv0wbapxp/validate/task/5c7c2de44acc9ff2e58af4044eaa289400000032"
      Keep-Alive:
      - timeout=5, max=77
      X-Gdc-Log-Header:
      - ''
      Cache-Control:
      - no-cache, no-store, must-revalidate
      Content-Type:
      - application/json;charset=UTF-8
      X-Gdc-Request:
      - ":MI5onfuWjw3LK8LA44DUlw:1vxrMxOz1sq7b2tMw9O8uQ:xEATxSN4NpqhgBmR"
      Vary:
      - origin
      X-Gdc-Request-Time:
      - '31'
      Transfer-Encoding:
      - chunked
      Strict-Transport-Security:
      - max-age=10886400; includeSubDomains; preload;
    body:
      encoding: ASCII-8BIT
      string: '{"uri":"/gdc/md/kox3qimhjpq0mbp0g8q6qkqiv0wbapxp/validate/task/5c7c2de44acc9ff2e58af4044eaa289400000032"}'
    http_version: 
  recorded_at: Mon, 21 Jan 2019 18:56:59 GMT
- request:
    method: get
    uri: https://staging2-lcm-prod.intgdc.com/gdc/md/kox3qimhjpq0mbp0g8q6qkqiv0wbapxp/validate/task/5c7c2de44acc9ff2e58af4044eaa289400000032
    body:
      encoding: US-ASCII
      string: ''
    headers:
      Accept:
      - application/json, application/zip
      Accept-Encoding:
      - gzip, deflate
      User-Agent:
      - gooddata-gem/1.3.6/x86_64-linux/2.3.6
      Content-Type:
      - application/json
      X-Gdc-Authtt:
      - "<X_GDC_AUTHTT>"
      X-Gdc-Request:
      - ":MI5onfuWjw3LK8LA44DUlw:1vxrMxOz1sq7b2tMw9O8uQ"
      Process:
      - 'true'
      Stats-On:
      - ''
      Host:
      - staging2-lcm-prod.intgdc.com
  response:
    status:
      code: 303
      message: See Other
    headers:
      Date:
      - Mon, 21 Jan 2019 18:56:59 GMT
      Server:
      - GoodData WebApp
      Location:
      - "/gdc/md/kox3qimhjpq0mbp0g8q6qkqiv0wbapxp/validate/task/74a8564741dfb97b57d2ea76820af60800000032"
      Keep-Alive:
      - timeout=5, max=11
      X-Gdc-Log-Header:
      - ''
      Cache-Control:
      - no-cache, no-store, must-revalidate
      Content-Type:
      - application/json;charset=UTF-8
      X-Gdc-Request:
      - ":MI5onfuWjw3LK8LA44DUlw:1vxrMxOz1sq7b2tMw9O8uQ:fWi3WCjv5EEzFGjE"
      Vary:
      - origin
      X-Gdc-Request-Time:
      - '32'
      Transfer-Encoding:
      - chunked
      Strict-Transport-Security:
      - max-age=10886400; includeSubDomains; preload;
    body:
      encoding: ASCII-8BIT
      string: '{"uri":"/gdc/md/kox3qimhjpq0mbp0g8q6qkqiv0wbapxp/validate/task/74a8564741dfb97b57d2ea76820af60800000032"}'
    http_version: 
  recorded_at: Mon, 21 Jan 2019 18:56:59 GMT
- request:
    method: get
    uri: https://staging2-lcm-prod.intgdc.com/gdc/md/kox3qimhjpq0mbp0g8q6qkqiv0wbapxp/validate/task/74a8564741dfb97b57d2ea76820af60800000032
    body:
      encoding: US-ASCII
      string: ''
    headers:
      Accept:
      - application/json, application/zip
      Accept-Encoding:
      - gzip, deflate
      User-Agent:
      - gooddata-gem/1.3.6/x86_64-linux/2.3.6
      Content-Type:
      - application/json
      X-Gdc-Authtt:
      - "<X_GDC_AUTHTT>"
      X-Gdc-Request:
      - ":MI5onfuWjw3LK8LA44DUlw:1vxrMxOz1sq7b2tMw9O8uQ"
      Process:
      - 'true'
      Stats-On:
      - ''
      Host:
      - staging2-lcm-prod.intgdc.com
  response:
    status:
      code: 303
      message: See Other
    headers:
      Date:
      - Mon, 21 Jan 2019 18:57:01 GMT
      Server:
      - GoodData WebApp
      Location:
      - "/gdc/md/kox3qimhjpq0mbp0g8q6qkqiv0wbapxp/validate/task/7cb81a24915f481703fc9be2c82c5da500000032"
      Keep-Alive:
      - timeout=5, max=79
      X-Gdc-Log-Header:
      - ''
      Cache-Control:
      - no-cache, no-store, must-revalidate
      Content-Type:
      - application/json;charset=UTF-8
      X-Gdc-Request:
      - ":MI5onfuWjw3LK8LA44DUlw:1vxrMxOz1sq7b2tMw9O8uQ:FVm2KEiYG5B6WYg9"
      Vary:
      - origin
      X-Gdc-Request-Time:
      - '31'
      Transfer-Encoding:
      - chunked
      Strict-Transport-Security:
      - max-age=10886400; includeSubDomains; preload;
    body:
      encoding: ASCII-8BIT
      string: '{"uri":"/gdc/md/kox3qimhjpq0mbp0g8q6qkqiv0wbapxp/validate/task/7cb81a24915f481703fc9be2c82c5da500000032"}'
    http_version: 
  recorded_at: Mon, 21 Jan 2019 18:57:01 GMT
- request:
    method: get
    uri: https://staging2-lcm-prod.intgdc.com/gdc/md/kox3qimhjpq0mbp0g8q6qkqiv0wbapxp/validate/task/7cb81a24915f481703fc9be2c82c5da500000032
    body:
      encoding: US-ASCII
      string: ''
    headers:
      Accept:
      - application/json, application/zip
      Accept-Encoding:
      - gzip, deflate
      User-Agent:
      - gooddata-gem/1.3.6/x86_64-linux/2.3.6
      Content-Type:
      - application/json
      X-Gdc-Authtt:
      - "<X_GDC_AUTHTT>"
      X-Gdc-Request:
      - ":MI5onfuWjw3LK8LA44DUlw:1vxrMxOz1sq7b2tMw9O8uQ"
      Process:
      - 'true'
      Stats-On:
      - ''
      Host:
      - staging2-lcm-prod.intgdc.com
  response:
    status:
      code: 303
      message: See Other
    headers:
      Date:
      - Mon, 21 Jan 2019 18:57:02 GMT
      Server:
      - GoodData WebApp
      Location:
      - "/gdc/md/kox3qimhjpq0mbp0g8q6qkqiv0wbapxp/validate/result/STGH2j28TrFaWgH"
      Keep-Alive:
      - timeout=5, max=68
      X-Gdc-Log-Header:
      - ''
      Cache-Control:
      - no-cache, no-store, must-revalidate
      Content-Type:
      - application/json;charset=UTF-8
      X-Gdc-Request:
      - ":MI5onfuWjw3LK8LA44DUlw:1vxrMxOz1sq7b2tMw9O8uQ:gP2ZvT6EoE98cRVC"
      Vary:
      - origin
      X-Gdc-Request-Time:
      - '54'
      Transfer-Encoding:
      - chunked
      Strict-Transport-Security:
      - max-age=10886400; includeSubDomains; preload;
    body:
      encoding: ASCII-8BIT
      string: '{"uri":"/gdc/md/kox3qimhjpq0mbp0g8q6qkqiv0wbapxp/validate/result/STGH2j28TrFaWgH"}'
    http_version: 
  recorded_at: Mon, 21 Jan 2019 18:57:02 GMT
- request:
    method: get
    uri: https://staging2-lcm-prod.intgdc.com/gdc/md/kox3qimhjpq0mbp0g8q6qkqiv0wbapxp/validate/result/STGH2j28TrFaWgH
    body:
      encoding: US-ASCII
      string: ''
    headers:
      Accept:
      - application/json, application/zip
      Accept-Encoding:
      - gzip, deflate
      User-Agent:
      - gooddata-gem/1.3.6/x86_64-linux/2.3.6
      Content-Type:
      - application/json
      X-Gdc-Authtt:
      - "<X_GDC_AUTHTT>"
      X-Gdc-Request:
      - ":MI5onfuWjw3LK8LA44DUlw:1vxrMxOz1sq7b2tMw9O8uQ"
      Process:
      - 'true'
      Stats-On:
      - ''
      Host:
      - staging2-lcm-prod.intgdc.com
  response:
    status:
      code: 200
      message: OK
    headers:
      Date:
      - Mon, 21 Jan 2019 18:57:03 GMT
      Server:
      - GoodData WebApp
      Keep-Alive:
      - timeout=5, max=92
      X-Gdc-Log-Header:
      - ''
      Cache-Control:
      - no-cache, no-store, must-revalidate
      Content-Type:
      - application/json;charset=UTF-8
      X-Gdc-Request:
      - ":MI5onfuWjw3LK8LA44DUlw:1vxrMxOz1sq7b2tMw9O8uQ:kNxtOyWI1elF0kR8"
      Vary:
      - origin
      X-Gdc-Request-Time:
      - '31'
      Transfer-Encoding:
      - chunked
      Strict-Transport-Security:
      - max-age=10886400; includeSubDomains; preload;
    body:
      encoding: ASCII-8BIT
      string: '{"projectValidateResult":{"error_found":0,"fatal_error_found":0,"results":[{"body":{"error":0,"log":[]},"from":"ldm"},{"body":{"error":0,"log":[]},"from":"metric_filter"},{"body":{"error":0,"log":[]},"from":"pdm"},{"body":{"error":0,"log":[]},"from":"pdm::elem_validation"},{"body":{"error":0,"log":[]},"from":"invalid_objects"},{"body":{"error":0,"log":[]},"from":"pdm::pdm_vs_dwh"},{"body":{"error":0,"log":[]},"from":"pdm::pk_fk_consistency"},{"body":{"error":0,"log":[]},"from":"pdm::transitivity"}],"meta":{"start_time":1548097017,"finished_time":1548097019}}}'
    http_version: 
  recorded_at: Mon, 21 Jan 2019 18:57:03 GMT
- request:
    method: post
    uri: https://staging2-lcm-prod.intgdc.com/gdc/md/l40ehvu3qvgnvwytea4yt8ml2lnlqwec/validate
    body:
      encoding: UTF-8
      string: '{"validateProject":["ldm","pdm","metric_filter","invalid_objects"]}'
    headers:
      Accept:
      - application/json, application/zip
      Accept-Encoding:
      - gzip, deflate
      User-Agent:
      - gooddata-gem/1.3.6/x86_64-linux/2.3.6
      Content-Type:
      - application/json
      X-Gdc-Authtt:
      - "<X_GDC_AUTHTT>"
      X-Gdc-Request:
      - ":5nkIgsVhoFUfrtJPVTipNw:sEi61HBX_fadlDXbC3_zFQ"
      Stats-On:
      - ''
      Content-Length:
      - '67'
      Host:
      - staging2-lcm-prod.intgdc.com
  response:
    status:
      code: 201
      message: Created
    headers:
      Date:
      - Mon, 21 Jan 2019 19:30:31 GMT
      Server:
      - GoodData WebApp
      Location:
      - "/gdc/md/l40ehvu3qvgnvwytea4yt8ml2lnlqwec/validate/task/a298e56ae52c778b49f01092f7d60b8700000032"
      Keep-Alive:
      - timeout=5, max=79
      X-Gdc-Log-Header:
      - ''
      Cache-Control:
      - no-cache, no-store, must-revalidate
      Content-Type:
      - application/json;charset=UTF-8
      X-Gdc-Request:
      - ":5nkIgsVhoFUfrtJPVTipNw:sEi61HBX_fadlDXbC3_zFQ:ySxyYQaojMCsTUcd"
      Vary:
      - origin
      X-Gdc-Request-Time:
      - '39'
      Transfer-Encoding:
      - chunked
      Strict-Transport-Security:
      - max-age=10886400; includeSubDomains; preload;
    body:
      encoding: ASCII-8BIT
      string: '{"asyncTask":{"link":{"poll":"/gdc/md/l40ehvu3qvgnvwytea4yt8ml2lnlqwec/validate/task/a298e56ae52c778b49f01092f7d60b8700000032"}}}'
    http_version: 
  recorded_at: Mon, 21 Jan 2019 19:30:32 GMT
- request:
    method: get
    uri: https://staging2-lcm-prod.intgdc.com/gdc/md/l40ehvu3qvgnvwytea4yt8ml2lnlqwec/validate/task/a298e56ae52c778b49f01092f7d60b8700000032
    body:
      encoding: US-ASCII
      string: ''
    headers:
      Accept:
      - application/json, application/zip
      Accept-Encoding:
      - gzip, deflate
      User-Agent:
      - gooddata-gem/1.3.6/x86_64-linux/2.3.6
      Content-Type:
      - application/json
      X-Gdc-Authtt:
      - "<X_GDC_AUTHTT>"
      X-Gdc-Request:
      - ":5nkIgsVhoFUfrtJPVTipNw:Zg9bZah4O1ZujU3YFh9meg"
      Process:
      - 'true'
      Stats-On:
      - ''
      Host:
      - staging2-lcm-prod.intgdc.com
  response:
    status:
      code: 303
      message: See Other
    headers:
      Date:
      - Mon, 21 Jan 2019 19:30:32 GMT
      Server:
      - GoodData WebApp
      Location:
      - "/gdc/md/l40ehvu3qvgnvwytea4yt8ml2lnlqwec/validate/task/af55c116aa77ec8029cc7c2a5b1f774800000032"
      Keep-Alive:
      - timeout=5, max=25
      X-Gdc-Log-Header:
      - ''
      Cache-Control:
      - no-cache, no-store, must-revalidate
      Content-Type:
      - application/json;charset=UTF-8
      X-Gdc-Request:
      - ":5nkIgsVhoFUfrtJPVTipNw:Zg9bZah4O1ZujU3YFh9meg:ycsLEv1WMvby3a3l"
      Vary:
      - origin
      X-Gdc-Request-Time:
      - '31'
      Transfer-Encoding:
      - chunked
      Strict-Transport-Security:
      - max-age=10886400; includeSubDomains; preload;
    body:
      encoding: ASCII-8BIT
      string: '{"uri":"/gdc/md/l40ehvu3qvgnvwytea4yt8ml2lnlqwec/validate/task/af55c116aa77ec8029cc7c2a5b1f774800000032"}'
    http_version: 
  recorded_at: Mon, 21 Jan 2019 19:30:33 GMT
- request:
    method: get
    uri: https://staging2-lcm-prod.intgdc.com/gdc/md/l40ehvu3qvgnvwytea4yt8ml2lnlqwec/validate/task/af55c116aa77ec8029cc7c2a5b1f774800000032
    body:
      encoding: US-ASCII
      string: ''
    headers:
      Accept:
      - application/json, application/zip
      Accept-Encoding:
      - gzip, deflate
      User-Agent:
      - gooddata-gem/1.3.6/x86_64-linux/2.3.6
      Content-Type:
      - application/json
      X-Gdc-Authtt:
      - "<X_GDC_AUTHTT>"
      X-Gdc-Request:
      - ":5nkIgsVhoFUfrtJPVTipNw:Zg9bZah4O1ZujU3YFh9meg"
      Process:
      - 'true'
      Stats-On:
      - ''
      Host:
      - staging2-lcm-prod.intgdc.com
  response:
    status:
      code: 303
      message: See Other
    headers:
      Date:
      - Mon, 21 Jan 2019 19:30:34 GMT
      Server:
      - GoodData WebApp
      Location:
      - "/gdc/md/l40ehvu3qvgnvwytea4yt8ml2lnlqwec/validate/task/3dfe3514c36e550870bee56d9e59d5a900000032"
      Keep-Alive:
      - timeout=5, max=57
      X-Gdc-Log-Header:
      - ''
      Cache-Control:
      - no-cache, no-store, must-revalidate
      Content-Type:
      - application/json;charset=UTF-8
      X-Gdc-Request:
      - ":5nkIgsVhoFUfrtJPVTipNw:Zg9bZah4O1ZujU3YFh9meg:UzDipQrG9rUuK1bO"
      Vary:
      - origin
      X-Gdc-Request-Time:
      - '36'
      Transfer-Encoding:
      - chunked
      Strict-Transport-Security:
      - max-age=10886400; includeSubDomains; preload;
    body:
      encoding: ASCII-8BIT
      string: '{"uri":"/gdc/md/l40ehvu3qvgnvwytea4yt8ml2lnlqwec/validate/task/3dfe3514c36e550870bee56d9e59d5a900000032"}'
    http_version: 
  recorded_at: Mon, 21 Jan 2019 19:30:34 GMT
- request:
    method: get
    uri: https://staging2-lcm-prod.intgdc.com/gdc/md/l40ehvu3qvgnvwytea4yt8ml2lnlqwec/validate/task/3dfe3514c36e550870bee56d9e59d5a900000032
    body:
      encoding: US-ASCII
      string: ''
    headers:
      Accept:
      - application/json, application/zip
      Accept-Encoding:
      - gzip, deflate
      User-Agent:
      - gooddata-gem/1.3.6/x86_64-linux/2.3.6
      Content-Type:
      - application/json
      X-Gdc-Authtt:
      - "<X_GDC_AUTHTT>"
      X-Gdc-Request:
      - ":5nkIgsVhoFUfrtJPVTipNw:Zg9bZah4O1ZujU3YFh9meg"
      Process:
      - 'true'
      Stats-On:
      - ''
      Host:
      - staging2-lcm-prod.intgdc.com
  response:
    status:
      code: 303
      message: See Other
    headers:
      Date:
      - Mon, 21 Jan 2019 19:30:35 GMT
      Server:
      - GoodData WebApp
      Location:
      - "/gdc/md/l40ehvu3qvgnvwytea4yt8ml2lnlqwec/validate/task/659970b5744aa6d01dc721228a5545ed00000032"
      Keep-Alive:
      - timeout=5, max=14
      X-Gdc-Log-Header:
      - ''
      Cache-Control:
      - no-cache, no-store, must-revalidate
      Content-Type:
      - application/json;charset=UTF-8
      X-Gdc-Request:
      - ":5nkIgsVhoFUfrtJPVTipNw:Zg9bZah4O1ZujU3YFh9meg:uG9gMr4pFWhGfVOz"
      Vary:
      - origin
      X-Gdc-Request-Time:
      - '30'
      Transfer-Encoding:
      - chunked
      Strict-Transport-Security:
      - max-age=10886400; includeSubDomains; preload;
    body:
      encoding: ASCII-8BIT
      string: '{"uri":"/gdc/md/l40ehvu3qvgnvwytea4yt8ml2lnlqwec/validate/task/659970b5744aa6d01dc721228a5545ed00000032"}'
    http_version: 
  recorded_at: Mon, 21 Jan 2019 19:30:35 GMT
- request:
    method: get
    uri: https://staging2-lcm-prod.intgdc.com/gdc/md/l40ehvu3qvgnvwytea4yt8ml2lnlqwec/validate/task/659970b5744aa6d01dc721228a5545ed00000032
    body:
      encoding: US-ASCII
      string: ''
    headers:
      Accept:
      - application/json, application/zip
      Accept-Encoding:
      - gzip, deflate
      User-Agent:
      - gooddata-gem/1.3.6/x86_64-linux/2.3.6
      Content-Type:
      - application/json
      X-Gdc-Authtt:
      - "<X_GDC_AUTHTT>"
      X-Gdc-Request:
      - ":5nkIgsVhoFUfrtJPVTipNw:Zg9bZah4O1ZujU3YFh9meg"
      Process:
      - 'true'
      Stats-On:
      - ''
      Host:
      - staging2-lcm-prod.intgdc.com
  response:
    status:
      code: 303
      message: See Other
    headers:
      Date:
      - Mon, 21 Jan 2019 19:30:36 GMT
      Server:
      - GoodData WebApp
      Location:
      - "/gdc/md/l40ehvu3qvgnvwytea4yt8ml2lnlqwec/validate/result/STGmHhTJTcqLBnt"
      Keep-Alive:
      - timeout=5, max=98
      X-Gdc-Log-Header:
      - ''
      Cache-Control:
      - no-cache, no-store, must-revalidate
      Content-Type:
      - application/json;charset=UTF-8
      X-Gdc-Request:
      - ":5nkIgsVhoFUfrtJPVTipNw:Zg9bZah4O1ZujU3YFh9meg:kYtiV2kbdtoGkZDw"
      Vary:
      - origin
      X-Gdc-Request-Time:
      - '42'
      Transfer-Encoding:
      - chunked
      Strict-Transport-Security:
      - max-age=10886400; includeSubDomains; preload;
    body:
      encoding: ASCII-8BIT
      string: '{"uri":"/gdc/md/l40ehvu3qvgnvwytea4yt8ml2lnlqwec/validate/result/STGmHhTJTcqLBnt"}'
    http_version: 
  recorded_at: Mon, 21 Jan 2019 19:30:36 GMT
- request:
    method: get
    uri: https://staging2-lcm-prod.intgdc.com/gdc/md/l40ehvu3qvgnvwytea4yt8ml2lnlqwec/validate/result/STGmHhTJTcqLBnt
    body:
      encoding: US-ASCII
      string: ''
    headers:
      Accept:
      - application/json, application/zip
      Accept-Encoding:
      - gzip, deflate
      User-Agent:
      - gooddata-gem/1.3.6/x86_64-linux/2.3.6
      Content-Type:
      - application/json
      X-Gdc-Authtt:
      - "<X_GDC_AUTHTT>"
      X-Gdc-Request:
      - ":5nkIgsVhoFUfrtJPVTipNw:Zg9bZah4O1ZujU3YFh9meg"
      Process:
      - 'true'
      Stats-On:
      - ''
      Host:
      - staging2-lcm-prod.intgdc.com
  response:
    status:
      code: 200
      message: OK
    headers:
      Date:
      - Mon, 21 Jan 2019 19:30:37 GMT
      Server:
      - GoodData WebApp
      Keep-Alive:
      - timeout=5, max=98
      X-Gdc-Log-Header:
      - ''
      Cache-Control:
      - no-cache, no-store, must-revalidate
      Content-Type:
      - application/json;charset=UTF-8
      X-Gdc-Request:
      - ":5nkIgsVhoFUfrtJPVTipNw:Zg9bZah4O1ZujU3YFh9meg:U3do2mmHludrhulR"
      Vary:
      - origin
      X-Gdc-Request-Time:
      - '32'
      Transfer-Encoding:
      - chunked
      Strict-Transport-Security:
      - max-age=10886400; includeSubDomains; preload;
    body:
      encoding: ASCII-8BIT
      string: '{"projectValidateResult":{"error_found":0,"fatal_error_found":0,"results":[{"body":{"error":0,"log":[]},"from":"pdm"},{"body":{"error":0,"log":[]},"from":"pdm::elem_validation"},{"body":{"error":0,"log":[]},"from":"ldm"},{"body":{"error":0,"log":[]},"from":"metric_filter"},{"body":{"error":0,"log":[]},"from":"invalid_objects"},{"body":{"error":0,"log":[]},"from":"pdm::pdm_vs_dwh"},{"body":{"error":0,"log":[]},"from":"pdm::pk_fk_consistency"},{"body":{"error":0,"log":[]},"from":"pdm::transitivity"}],"meta":{"start_time":1548099031,"finished_time":1548099033}}}'
    http_version: 
  recorded_at: Mon, 21 Jan 2019 19:30:37 GMT
- request:
    method: post
    uri: https://staging2-lcm-prod.intgdc.com/gdc/md/um2g0ncbycgqt13ikyo20d86n0htj1a9/validate
    body:
      encoding: UTF-8
      string: '{"validateProject":["ldm","pdm","metric_filter","invalid_objects"]}'
    headers:
      Accept:
      - application/json, application/zip
      Accept-Encoding:
      - gzip, deflate
      User-Agent:
      - gooddata-gem/1.3.6/x86_64-linux/2.3.6
      Content-Type:
      - application/json
      X-Gdc-Authtt:
      - "<X_GDC_AUTHTT>"
      X-Gdc-Request:
      - ":eEWKUL1m1EOkKymcyTXQGQ:32zT1PDCGapgdJT4IZQp1w"
      Stats-On:
      - ''
      Content-Length:
      - '67'
      Host:
      - staging2-lcm-prod.intgdc.com
  response:
    status:
      code: 201
      message: Created
    headers:
      Date:
      - Thu, 24 Jan 2019 13:51:52 GMT
      Server:
      - GoodData WebApp
      Location:
      - "/gdc/md/um2g0ncbycgqt13ikyo20d86n0htj1a9/validate/task/e12947935569d892f5d5a7f553b016d500000032"
      Keep-Alive:
      - timeout=5, max=99
      X-Gdc-Log-Header:
      - ''
      Cache-Control:
      - no-cache, no-store, must-revalidate
      Content-Type:
      - application/json;charset=UTF-8
      X-Gdc-Request:
      - ":eEWKUL1m1EOkKymcyTXQGQ:32zT1PDCGapgdJT4IZQp1w:9glx59aWZ8TmI4lt"
      Vary:
      - origin
      X-Gdc-Request-Time:
      - '35'
      Transfer-Encoding:
      - chunked
      Strict-Transport-Security:
      - max-age=10886400; includeSubDomains; preload;
    body:
      encoding: ASCII-8BIT
      string: '{"asyncTask":{"link":{"poll":"/gdc/md/um2g0ncbycgqt13ikyo20d86n0htj1a9/validate/task/e12947935569d892f5d5a7f553b016d500000032"}}}'
    http_version: 
  recorded_at: Thu, 24 Jan 2019 13:51:52 GMT
- request:
    method: get
    uri: https://staging2-lcm-prod.intgdc.com/gdc/md/um2g0ncbycgqt13ikyo20d86n0htj1a9/validate/task/e12947935569d892f5d5a7f553b016d500000032
    body:
      encoding: US-ASCII
      string: ''
    headers:
      Accept:
      - application/json, application/zip
      Accept-Encoding:
      - gzip, deflate
      User-Agent:
      - gooddata-gem/1.3.6/x86_64-linux/2.3.6
      Content-Type:
      - application/json
      X-Gdc-Authtt:
      - "<X_GDC_AUTHTT>"
      X-Gdc-Request:
      - ":eEWKUL1m1EOkKymcyTXQGQ:VgwL8SSMJ5fotbi2xLDStw"
      Process:
      - 'true'
      Stats-On:
      - ''
      Host:
      - staging2-lcm-prod.intgdc.com
  response:
    status:
      code: 303
      message: See Other
    headers:
      Date:
      - Thu, 24 Jan 2019 13:51:52 GMT
      Server:
      - GoodData WebApp
      Location:
      - "/gdc/md/um2g0ncbycgqt13ikyo20d86n0htj1a9/validate/task/6fe43db25d0f19906721301cac60c9f300000032"
      Keep-Alive:
      - timeout=5, max=99
      X-Gdc-Log-Header:
      - ''
      Cache-Control:
      - no-cache, no-store, must-revalidate
      Content-Type:
      - application/json;charset=UTF-8
      X-Gdc-Request:
      - ":eEWKUL1m1EOkKymcyTXQGQ:VgwL8SSMJ5fotbi2xLDStw:l1phKXd8o3ELQJHa"
      Vary:
      - origin
      X-Gdc-Request-Time:
      - '27'
      Transfer-Encoding:
      - chunked
      Strict-Transport-Security:
      - max-age=10886400; includeSubDomains; preload;
    body:
      encoding: ASCII-8BIT
      string: '{"uri":"/gdc/md/um2g0ncbycgqt13ikyo20d86n0htj1a9/validate/task/6fe43db25d0f19906721301cac60c9f300000032"}'
    http_version: 
  recorded_at: Thu, 24 Jan 2019 13:51:53 GMT
- request:
    method: get
    uri: https://staging2-lcm-prod.intgdc.com/gdc/md/um2g0ncbycgqt13ikyo20d86n0htj1a9/validate/task/6fe43db25d0f19906721301cac60c9f300000032
    body:
      encoding: US-ASCII
      string: ''
    headers:
      Accept:
      - application/json, application/zip
      Accept-Encoding:
      - gzip, deflate
      User-Agent:
      - gooddata-gem/1.3.6/x86_64-linux/2.3.6
      Content-Type:
      - application/json
      X-Gdc-Authtt:
      - "<X_GDC_AUTHTT>"
      X-Gdc-Request:
      - ":eEWKUL1m1EOkKymcyTXQGQ:VgwL8SSMJ5fotbi2xLDStw"
      Process:
      - 'true'
      Stats-On:
      - ''
      Host:
      - staging2-lcm-prod.intgdc.com
  response:
    status:
      code: 202
      message: Accepted
    headers:
      Date:
      - Thu, 24 Jan 2019 13:51:53 GMT
      Server:
      - GoodData WebApp
      Refresh:
      - '3'
      Location:
      - "/gdc/md/um2g0ncbycgqt13ikyo20d86n0htj1a9/validate/task/6fe43db25d0f19906721301cac60c9f300000032"
      Keep-Alive:
      - timeout=5, max=98
      X-Gdc-Log-Header:
      - ''
      Cache-Control:
      - no-cache, no-store, must-revalidate
      Content-Type:
      - application/json;charset=UTF-8
      X-Gdc-Request:
      - ":eEWKUL1m1EOkKymcyTXQGQ:VgwL8SSMJ5fotbi2xLDStw:MuDer8neLSjwQJ9H"
      Vary:
      - origin
      X-Gdc-Request-Time:
      - '28'
      Transfer-Encoding:
      - chunked
      Strict-Transport-Security:
      - max-age=10886400; includeSubDomains; preload;
    body:
      encoding: ASCII-8BIT
      string: '{"wTaskStatus":{"poll":"/gdc/md/um2g0ncbycgqt13ikyo20d86n0htj1a9/validate/task/6fe43db25d0f19906721301cac60c9f300000032","status":"RUNNING"}}'
    http_version: 
  recorded_at: Thu, 24 Jan 2019 13:51:53 GMT
- request:
    method: get
    uri: https://staging2-lcm-prod.intgdc.com/gdc/md/um2g0ncbycgqt13ikyo20d86n0htj1a9/validate/task/e12947935569d892f5d5a7f553b016d500000032
    body:
      encoding: US-ASCII
      string: ''
    headers:
      Accept:
      - application/json, application/zip
      Accept-Encoding:
      - gzip, deflate
      User-Agent:
      - gooddata-gem/1.3.6/x86_64-linux/2.3.6
      Content-Type:
      - application/json
      X-Gdc-Authtt:
      - "<X_GDC_AUTHTT>"
      X-Gdc-Request:
      - ":eEWKUL1m1EOkKymcyTXQGQ:MAtK-qtxMOEpoIzW3xjm8Q"
      Process:
      - 'true'
      Stats-On:
      - ''
      Host:
      - staging2-lcm-prod.intgdc.com
  response:
    status:
      code: 303
      message: See Other
    headers:
      Date:
      - Thu, 24 Jan 2019 13:51:55 GMT
      Server:
      - GoodData WebApp
      Location:
      - "/gdc/md/um2g0ncbycgqt13ikyo20d86n0htj1a9/validate/task/6fe43db25d0f19906721301cac60c9f300000032"
      Keep-Alive:
      - timeout=5, max=98
      X-Gdc-Log-Header:
      - ''
      Cache-Control:
      - no-cache, no-store, must-revalidate
      Content-Type:
      - application/json;charset=UTF-8
      X-Gdc-Request:
      - ":eEWKUL1m1EOkKymcyTXQGQ:MAtK-qtxMOEpoIzW3xjm8Q:2qkSZ8r55HJwh4so"
      Vary:
      - origin
      X-Gdc-Request-Time:
      - '25'
      Transfer-Encoding:
      - chunked
      Strict-Transport-Security:
      - max-age=10886400; includeSubDomains; preload;
    body:
      encoding: ASCII-8BIT
      string: '{"uri":"/gdc/md/um2g0ncbycgqt13ikyo20d86n0htj1a9/validate/task/6fe43db25d0f19906721301cac60c9f300000032"}'
    http_version: 
  recorded_at: Thu, 24 Jan 2019 13:51:55 GMT
- request:
    method: get
    uri: https://staging2-lcm-prod.intgdc.com/gdc/md/um2g0ncbycgqt13ikyo20d86n0htj1a9/validate/task/6fe43db25d0f19906721301cac60c9f300000032
    body:
      encoding: US-ASCII
      string: ''
    headers:
      Accept:
      - application/json, application/zip
      Accept-Encoding:
      - gzip, deflate
      User-Agent:
      - gooddata-gem/1.3.6/x86_64-linux/2.3.6
      Content-Type:
      - application/json
      X-Gdc-Authtt:
      - "<X_GDC_AUTHTT>"
      X-Gdc-Request:
      - ":eEWKUL1m1EOkKymcyTXQGQ:MAtK-qtxMOEpoIzW3xjm8Q"
      Process:
      - 'true'
      Stats-On:
      - ''
      Host:
      - staging2-lcm-prod.intgdc.com
  response:
    status:
      code: 303
      message: See Other
    headers:
      Date:
      - Thu, 24 Jan 2019 13:51:55 GMT
      Server:
      - GoodData WebApp
      Location:
      - "/gdc/md/um2g0ncbycgqt13ikyo20d86n0htj1a9/validate/task/a0633f948ab84ce7b795eb9475477ceb00000032"
      Keep-Alive:
      - timeout=5, max=100
      X-Gdc-Log-Header:
      - ''
      Cache-Control:
      - no-cache, no-store, must-revalidate
      Content-Type:
      - application/json;charset=UTF-8
      X-Gdc-Request:
      - ":eEWKUL1m1EOkKymcyTXQGQ:MAtK-qtxMOEpoIzW3xjm8Q:ESvcppaXYdSoMRrV"
      Vary:
      - origin
      X-Gdc-Request-Time:
      - '28'
      Transfer-Encoding:
      - chunked
      Strict-Transport-Security:
      - max-age=10886400; includeSubDomains; preload;
    body:
      encoding: ASCII-8BIT
      string: '{"uri":"/gdc/md/um2g0ncbycgqt13ikyo20d86n0htj1a9/validate/task/a0633f948ab84ce7b795eb9475477ceb00000032"}'
    http_version: 
  recorded_at: Thu, 24 Jan 2019 13:51:55 GMT
- request:
    method: get
    uri: https://staging2-lcm-prod.intgdc.com/gdc/md/um2g0ncbycgqt13ikyo20d86n0htj1a9/validate/task/a0633f948ab84ce7b795eb9475477ceb00000032
    body:
      encoding: US-ASCII
      string: ''
    headers:
      Accept:
      - application/json, application/zip
      Accept-Encoding:
      - gzip, deflate
      User-Agent:
      - gooddata-gem/1.3.6/x86_64-linux/2.3.6
      Content-Type:
      - application/json
      X-Gdc-Authtt:
      - "<X_GDC_AUTHTT>"
      X-Gdc-Request:
      - ":eEWKUL1m1EOkKymcyTXQGQ:MAtK-qtxMOEpoIzW3xjm8Q"
      Process:
      - 'true'
      Stats-On:
      - ''
      Host:
      - staging2-lcm-prod.intgdc.com
  response:
    status:
      code: 303
      message: See Other
    headers:
      Date:
      - Thu, 24 Jan 2019 13:51:56 GMT
      Server:
      - GoodData WebApp
      Location:
      - "/gdc/md/um2g0ncbycgqt13ikyo20d86n0htj1a9/validate/task/d5bf4e2dd705b49727a6c3275c112f5e00000032"
      Keep-Alive:
      - timeout=5, max=98
      X-Gdc-Log-Header:
      - ''
      Cache-Control:
      - no-cache, no-store, must-revalidate
      Content-Type:
      - application/json;charset=UTF-8
      X-Gdc-Request:
      - ":eEWKUL1m1EOkKymcyTXQGQ:MAtK-qtxMOEpoIzW3xjm8Q:hdnSjx6TTvujieFr"
      Vary:
      - origin
      X-Gdc-Request-Time:
      - '27'
      Transfer-Encoding:
      - chunked
      Strict-Transport-Security:
      - max-age=10886400; includeSubDomains; preload;
    body:
      encoding: ASCII-8BIT
      string: '{"uri":"/gdc/md/um2g0ncbycgqt13ikyo20d86n0htj1a9/validate/task/d5bf4e2dd705b49727a6c3275c112f5e00000032"}'
    http_version: 
  recorded_at: Thu, 24 Jan 2019 13:51:56 GMT
- request:
    method: get
    uri: https://staging2-lcm-prod.intgdc.com/gdc/md/um2g0ncbycgqt13ikyo20d86n0htj1a9/validate/task/d5bf4e2dd705b49727a6c3275c112f5e00000032
    body:
      encoding: US-ASCII
      string: ''
    headers:
      Accept:
      - application/json, application/zip
      Accept-Encoding:
      - gzip, deflate
      User-Agent:
      - gooddata-gem/1.3.6/x86_64-linux/2.3.6
      Content-Type:
      - application/json
      X-Gdc-Authtt:
      - "<X_GDC_AUTHTT>"
      X-Gdc-Request:
      - ":eEWKUL1m1EOkKymcyTXQGQ:MAtK-qtxMOEpoIzW3xjm8Q"
      Process:
      - 'true'
      Stats-On:
      - ''
      Host:
      - staging2-lcm-prod.intgdc.com
  response:
    status:
      code: 303
      message: See Other
    headers:
      Date:
      - Thu, 24 Jan 2019 13:51:57 GMT
      Server:
      - GoodData WebApp
      Location:
      - "/gdc/md/um2g0ncbycgqt13ikyo20d86n0htj1a9/validate/result/STGDZfab1hAPnAi"
      Keep-Alive:
      - timeout=5, max=97
      X-Gdc-Log-Header:
      - ''
      Cache-Control:
      - no-cache, no-store, must-revalidate
      Content-Type:
      - application/json;charset=UTF-8
      X-Gdc-Request:
      - ":eEWKUL1m1EOkKymcyTXQGQ:MAtK-qtxMOEpoIzW3xjm8Q:SM5uaItWR2heH5I5"
      Vary:
      - origin
      X-Gdc-Request-Time:
      - '29'
      Transfer-Encoding:
      - chunked
      Strict-Transport-Security:
      - max-age=10886400; includeSubDomains; preload;
    body:
      encoding: ASCII-8BIT
      string: '{"uri":"/gdc/md/um2g0ncbycgqt13ikyo20d86n0htj1a9/validate/result/STGDZfab1hAPnAi"}'
    http_version: 
  recorded_at: Thu, 24 Jan 2019 13:51:57 GMT
- request:
    method: get
    uri: https://staging2-lcm-prod.intgdc.com/gdc/md/um2g0ncbycgqt13ikyo20d86n0htj1a9/validate/result/STGDZfab1hAPnAi
    body:
      encoding: US-ASCII
      string: ''
    headers:
      Accept:
      - application/json, application/zip
      Accept-Encoding:
      - gzip, deflate
      User-Agent:
      - gooddata-gem/1.3.6/x86_64-linux/2.3.6
      Content-Type:
      - application/json
      X-Gdc-Authtt:
      - "<X_GDC_AUTHTT>"
      X-Gdc-Request:
      - ":eEWKUL1m1EOkKymcyTXQGQ:MAtK-qtxMOEpoIzW3xjm8Q"
      Process:
      - 'true'
      Stats-On:
      - ''
      Host:
      - staging2-lcm-prod.intgdc.com
  response:
    status:
      code: 200
      message: OK
    headers:
      Date:
      - Thu, 24 Jan 2019 13:51:58 GMT
      Server:
      - GoodData WebApp
      Keep-Alive:
      - timeout=5, max=100
      X-Gdc-Log-Header:
      - ''
      Cache-Control:
      - no-cache, no-store, must-revalidate
      Content-Type:
      - application/json;charset=UTF-8
      X-Gdc-Request:
      - ":eEWKUL1m1EOkKymcyTXQGQ:MAtK-qtxMOEpoIzW3xjm8Q:o5lvoLjcajyhh44o"
      Vary:
      - origin
      X-Gdc-Request-Time:
      - '30'
      Transfer-Encoding:
      - chunked
      Strict-Transport-Security:
      - max-age=10886400; includeSubDomains; preload;
    body:
      encoding: ASCII-8BIT
      string: '{"projectValidateResult":{"error_found":0,"fatal_error_found":0,"results":[{"body":{"error":0,"log":[]},"from":"pdm"},{"body":{"error":0,"log":[]},"from":"pdm::elem_validation"},{"body":{"error":0,"log":[]},"from":"metric_filter"},{"body":{"error":0,"log":[]},"from":"ldm"},{"body":{"error":0,"log":[]},"from":"invalid_objects"},{"body":{"error":0,"log":[]},"from":"pdm::pdm_vs_dwh"},{"body":{"error":0,"log":[]},"from":"pdm::pk_fk_consistency"},{"body":{"error":0,"log":[]},"from":"pdm::transitivity"}],"meta":{"start_time":1548337912,"finished_time":1548337914}}}'
    http_version: 
  recorded_at: Thu, 24 Jan 2019 13:51:58 GMT
recorded_with: VCR 4.0.0
