---
http_interactions:
- request:
    method: get
    uri: https://staging2-lcm-prod.intgdc.com/gdc/md/uihlr91spuzouu4qph5twhixwg9gqice/objects/query?category=metric&limit=50&offset=0
    body:
      encoding: US-ASCII
      string: ''
    headers:
      Accept:
      - application/json, application/zip
      Accept-Encoding:
      - gzip, deflate
      User-Agent:
      - gooddata-gem/1.1.0/x86_64-linux/2.4.1
      Content-Type:
      - application/json
      X-Gdc-Authtt:
      - "<X_GDC_AUTHTT>"
      X-Gdc-Request:
      - 824QlRRwvXysdGcdNrUp7w:LZ8vfSfE-9ZAm3yM3l6tvQ
      Host:
      - staging2-lcm-prod.intgdc.com
  response:
    status:
      code: 200
      message: OK
    headers:
      Date:
      - Tue, 05 Jun 2018 07:49:59 GMT
      Server:
      - GoodData WebApp
      Keep-Alive:
      - timeout=5, max=97
      X-Gdc-Log-Header:
      - ''
      Cache-Control:
      - no-cache, no-store, must-revalidate
      Content-Type:
      - application/json;charset=UTF-8
      Transfer-Encoding:
      - chunked
      Vary:
      - Accept-Encoding
      - origin
      X-Gdc-Request:
      - 824QlRRwvXysdGcdNrUp7w:LZ8vfSfE-9ZAm3yM3l6tvQ:G91F7xFexM4tLbaI
      X-Gdc-Request-Time:
      - '86'
      Strict-Transport-Security:
      - max-age=10886400; includeSubDomains; preload;
    body:
      encoding: ASCII-8BIT
      string: '{"objects":{"paging":{"count":4,"offset":0},"items":[{"metric":{"content":{"format":"#,##0","tree":{"content":[{"content":[{"value":"SUM","content":[{"value":"/gdc/md/uihlr91spuzouu4qph5twhixwg9gqice/obj/220","position":{"column":25,"line":1},"type":"fact
        object"}],"position":{"column":21,"line":1},"type":"function"}],"position":{"column":21,"line":1},"type":"expression"}],"position":{"column":14,"line":1},"type":"metric"},"expression":"SELECT
        SUM([/gdc/md/uihlr91spuzouu4qph5twhixwg9gqice/obj/220])"},"links":{"explain2":"/gdc/md/uihlr91spuzouu4qph5twhixwg9gqice/obj/266/explain2"},"meta":{"author":"/gdc/account/profile/5ad80b895edcc438e5a4418e222733fa","uri":"/gdc/md/uihlr91spuzouu4qph5twhixwg9gqice/obj/266","tags":"","created":"2018-06-05
        09:43:57","identifier":"aabffac4ibxG","deprecated":"0","summary":"","isProduction":1,"title":"My
        metric","category":"metric","updated":"2018-06-05 09:44:10","contributor":"/gdc/account/profile/5ad80b895edcc438e5a4418e222733fa"}}},{"metric":{"content":{"format":"#,##0","tree":{"content":[{"content":[{"value":"COUNT","content":[{"value":"/gdc/md/uihlr91spuzouu4qph5twhixwg9gqice/obj/211","position":{"column":27,"line":1},"type":"attribute
        object"}],"position":{"column":21,"line":1},"type":"function"}],"position":{"column":21,"line":1},"type":"expression"}],"position":{"column":14,"line":1},"type":"metric"},"expression":"SELECT
        COUNT([/gdc/md/uihlr91spuzouu4qph5twhixwg9gqice/obj/211])"},"links":{"explain2":"/gdc/md/uihlr91spuzouu4qph5twhixwg9gqice/obj/288/explain2"},"meta":{"author":"/gdc/account/profile/5ad80b895edcc438e5a4418e222733fa","uri":"/gdc/md/uihlr91spuzouu4qph5twhixwg9gqice/obj/288","tags":"","created":"2018-06-05
        09:45:52","identifier":"aabffEiqiDri","deprecated":"0","summary":"","isProduction":1,"title":"My
        test metric","category":"metric","updated":"2018-06-05 09:45:55","contributor":"/gdc/account/profile/5ad80b895edcc438e5a4418e222733fa"}}},{"metric":{"content":{"format":"#,##0","tree":{"content":[{"content":[{"value":"COUNT","content":[{"value":"/gdc/md/uihlr91spuzouu4qph5twhixwg9gqice/obj/211","position":{"column":27,"line":1},"type":"attribute
        object"}],"position":{"column":21,"line":1},"type":"function"}],"position":{"column":21,"line":1},"type":"expression"}],"position":{"column":14,"line":1},"type":"metric"},"expression":"SELECT
        COUNT([/gdc/md/uihlr91spuzouu4qph5twhixwg9gqice/obj/211])"},"links":{"explain2":"/gdc/md/uihlr91spuzouu4qph5twhixwg9gqice/obj/290/explain2"},"meta":{"author":"/gdc/account/profile/5ad80b895edcc438e5a4418e222733fa","uri":"/gdc/md/uihlr91spuzouu4qph5twhixwg9gqice/obj/290","tags":"","created":"2018-06-05
        09:46:57","identifier":"aakfeEdkibBh","deprecated":"0","summary":"","isProduction":1,"title":"Clone
        of My test metric","category":"metric","updated":"2018-06-05 09:45:55","contributor":"/gdc/account/profile/5ad80b895edcc438e5a4418e222733fa"}}},{"metric":{"content":{"format":"#,##0","tree":{"content":[{"content":[{"value":"SUM","content":[{"value":"/gdc/md/uihlr91spuzouu4qph5twhixwg9gqice/obj/220","position":{"column":25,"line":1},"type":"fact
        object"}],"position":{"column":21,"line":1},"type":"function"}],"position":{"column":21,"line":1},"type":"expression"}],"position":{"column":14,"line":1},"type":"metric"},"expression":"SELECT
        SUM([/gdc/md/uihlr91spuzouu4qph5twhixwg9gqice/obj/220])"},"links":{"explain2":"/gdc/md/uihlr91spuzouu4qph5twhixwg9gqice/obj/291/explain2"},"meta":{"author":"/gdc/account/profile/5ad80b895edcc438e5a4418e222733fa","uri":"/gdc/md/uihlr91spuzouu4qph5twhixwg9gqice/obj/291","tags":"","created":"2018-06-05
        09:47:40","identifier":"metric.cloned_metric","deprecated":"0","summary":"","isProduction":1,"title":"sum
        of Lines Changed","category":"metric","updated":"2018-06-05 09:47:41","contributor":"/gdc/account/profile/5ad80b895edcc438e5a4418e222733fa"}}}]}}'
    http_version: 
  recorded_at: Tue, 05 Jun 2018 07:49:59 GMT
- request:
    method: post
    uri: https://staging2-lcm-prod.intgdc.com/gdc/md/uihlr91spuzouu4qph5twhixwg9gqice/obj
    body:
      encoding: UTF-8
      string: '{"reportDefinition":{"content":{"grid":{"sort":{"columns":[],"rows":[]},"columnWidths":[],"columns":["metricGroup"],"metrics":[{"alias":"My
        metric","uri":"/gdc/md/uihlr91spuzouu4qph5twhixwg9gqice/obj/266"}],"rows":[]},"format":"grid","filters":[]},"meta":{"tags":"","summary":"","title":"Untitled
        report definition"}}}'
    headers:
      Accept:
      - application/json, application/zip
      Accept-Encoding:
      - gzip, deflate
      User-Agent:
      - gooddata-gem/1.1.0/x86_64-linux/2.4.1
      Content-Type:
      - application/json
      X-Gdc-Authtt:
      - "<X_GDC_AUTHTT>"
      X-Gdc-Request:
      - 824QlRRwvXysdGcdNrUp7w:-JlG9V4XHMgNPqoPoCscmQ
      Content-Length:
      - '318'
      Host:
      - staging2-lcm-prod.intgdc.com
  response:
    status:
      code: 200
      message: OK
    headers:
      Date:
      - Tue, 05 Jun 2018 07:49:59 GMT
      Server:
      - GoodData WebApp
      Keep-Alive:
      - timeout=5, max=96
      X-Gdc-Log-Header:
      - ''
      Cache-Control:
      - no-cache, no-store, must-revalidate
      Content-Type:
      - application/json;charset=UTF-8
      X-Gdc-Request:
      - 824QlRRwvXysdGcdNrUp7w:-JlG9V4XHMgNPqoPoCscmQ:tPNJrWb4AiIDlFRs
      Vary:
      - origin
      X-Gdc-Request-Time:
      - '36'
      Transfer-Encoding:
      - chunked
      Strict-Transport-Security:
      - max-age=10886400; includeSubDomains; preload;
    body:
      encoding: ASCII-8BIT
      string: '{"uri":"/gdc/md/uihlr91spuzouu4qph5twhixwg9gqice/obj/294"}'
    http_version: 
  recorded_at: Tue, 05 Jun 2018 07:49:59 GMT
- request:
    method: get
    uri: https://staging2-lcm-prod.intgdc.com/gdc/md/uihlr91spuzouu4qph5twhixwg9gqice/obj/294
    body:
      encoding: US-ASCII
      string: ''
    headers:
      Accept:
      - application/json, application/zip
      Accept-Encoding:
      - gzip, deflate
      User-Agent:
      - gooddata-gem/1.1.0/x86_64-linux/2.4.1
      Content-Type:
      - application/json
      X-Gdc-Authtt:
      - "<X_GDC_AUTHTT>"
      X-Gdc-Request:
      - 824QlRRwvXysdGcdNrUp7w:qOayC2BifYxvBZ1cpJxSvQ
      Host:
      - staging2-lcm-prod.intgdc.com
  response:
    status:
      code: 200
      message: OK
    headers:
      Date:
      - Tue, 05 Jun 2018 07:50:00 GMT
      Server:
      - GoodData WebApp
      Keep-Alive:
      - timeout=5, max=99
      X-Gdc-Log-Header:
      - ''
      Cache-Control:
      - no-cache, no-store, must-revalidate
      Content-Type:
      - application/json;charset=UTF-8
      X-Gdc-Request:
      - 824QlRRwvXysdGcdNrUp7w:qOayC2BifYxvBZ1cpJxSvQ:prUtB8uASoHZ8DAk
      Vary:
      - origin
      X-Gdc-Request-Time:
      - '29'
      Transfer-Encoding:
      - chunked
      Strict-Transport-Security:
      - max-age=10886400; includeSubDomains; preload;
    body:
      encoding: ASCII-8BIT
      string: '{"reportDefinition":{"content":{"grid":{"sort":{"columns":[],"rows":[]},"columnWidths":[],"columns":["metricGroup"],"metrics":[{"alias":"My
        metric","uri":"/gdc/md/uihlr91spuzouu4qph5twhixwg9gqice/obj/266"}],"rows":[]},"format":"grid","filters":[]},"links":{"explain2":"/gdc/md/uihlr91spuzouu4qph5twhixwg9gqice/obj/294/explain2"},"meta":{"author":"/gdc/account/profile/5ad80b895edcc438e5a4418e222733fa","uri":"/gdc/md/uihlr91spuzouu4qph5twhixwg9gqice/obj/294","tags":"","created":"2018-06-05
        09:49:59","identifier":"aabfgGv9anMx","deprecated":"0","summary":"","isProduction":1,"title":"Untitled
        report definition","category":"reportDefinition","updated":"2018-06-05 09:49:59","contributor":"/gdc/account/profile/5ad80b895edcc438e5a4418e222733fa"}}}'
    http_version: 
  recorded_at: Tue, 05 Jun 2018 07:50:00 GMT
- request:
    method: post
    uri: https://staging2-lcm-prod.intgdc.com/gdc/md/uihlr91spuzouu4qph5twhixwg9gqice/obj
    body:
      encoding: UTF-8
      string: '{"report":{"content":{"domains":[],"definitions":["/gdc/md/uihlr91spuzouu4qph5twhixwg9gqice/obj/294"]},"meta":{"tags":"","deprecated":"0","summary":"","title":"Report
        to delete"}}}'
    headers:
      Accept:
      - application/json, application/zip
      Accept-Encoding:
      - gzip, deflate
      User-Agent:
      - gooddata-gem/1.1.0/x86_64-linux/2.4.1
      Content-Type:
      - application/json
      X-Gdc-Authtt:
      - "<X_GDC_AUTHTT>"
      X-Gdc-Request:
      - 824QlRRwvXysdGcdNrUp7w:39egO_rF_aHZDX_7O3wiOw
      Content-Length:
      - '180'
      Host:
      - staging2-lcm-prod.intgdc.com
  response:
    status:
      code: 200
      message: OK
    headers:
      Date:
      - Tue, 05 Jun 2018 07:50:00 GMT
      Server:
      - GoodData WebApp
      Keep-Alive:
      - timeout=5, max=95
      X-Gdc-Log-Header:
      - ''
      Cache-Control:
      - no-cache, no-store, must-revalidate
      Content-Type:
      - application/json;charset=UTF-8
      X-Gdc-Request:
      - 824QlRRwvXysdGcdNrUp7w:39egO_rF_aHZDX_7O3wiOw:XRvvTGSwCUWZPVDA
      Vary:
      - origin
      X-Gdc-Request-Time:
      - '34'
      Transfer-Encoding:
      - chunked
      Strict-Transport-Security:
      - max-age=10886400; includeSubDomains; preload;
    body:
      encoding: ASCII-8BIT
      string: '{"uri":"/gdc/md/uihlr91spuzouu4qph5twhixwg9gqice/obj/295"}'
    http_version: 
  recorded_at: Tue, 05 Jun 2018 07:50:00 GMT
- request:
    method: get
    uri: https://staging2-lcm-prod.intgdc.com/gdc/md/uihlr91spuzouu4qph5twhixwg9gqice/obj/295
    body:
      encoding: US-ASCII
      string: ''
    headers:
      Accept:
      - application/json, application/zip
      Accept-Encoding:
      - gzip, deflate
      User-Agent:
      - gooddata-gem/1.1.0/x86_64-linux/2.4.1
      Content-Type:
      - application/json
      X-Gdc-Authtt:
      - "<X_GDC_AUTHTT>"
      X-Gdc-Request:
      - 824QlRRwvXysdGcdNrUp7w:NPbzRhrroa0SvlBpeurggA
      Host:
      - staging2-lcm-prod.intgdc.com
  response:
    status:
      code: 200
      message: OK
    headers:
      Date:
      - Tue, 05 Jun 2018 07:50:01 GMT
      Server:
      - GoodData WebApp
      Keep-Alive:
      - timeout=5, max=95
      X-Gdc-Log-Header:
      - ''
      Cache-Control:
      - no-cache, no-store, must-revalidate
      Content-Type:
      - application/json;charset=UTF-8
      X-Gdc-Request:
      - 824QlRRwvXysdGcdNrUp7w:NPbzRhrroa0SvlBpeurggA:12e9CJJBBP9P8NnV
      Vary:
      - origin
      X-Gdc-Request-Time:
      - '40'
      Transfer-Encoding:
      - chunked
      Strict-Transport-Security:
      - max-age=10886400; includeSubDomains; preload;
    body:
      encoding: ASCII-8BIT
      string: '{"report":{"content":{"domains":[],"definitions":["/gdc/md/uihlr91spuzouu4qph5twhixwg9gqice/obj/294"]},"meta":{"author":"/gdc/account/profile/5ad80b895edcc438e5a4418e222733fa","uri":"/gdc/md/uihlr91spuzouu4qph5twhixwg9gqice/obj/295","tags":"","created":"2018-06-05
        09:50:00","identifier":"aacfgGv9anMx","deprecated":"0","summary":"","isProduction":1,"title":"Report
        to delete","category":"report","updated":"2018-06-05 09:50:00","contributor":"/gdc/account/profile/5ad80b895edcc438e5a4418e222733fa"}}}'
    http_version: 
  recorded_at: Tue, 05 Jun 2018 07:50:01 GMT
- request:
    method: put
    uri: https://staging2-lcm-prod.intgdc.com/gdc/md/uihlr91spuzouu4qph5twhixwg9gqice/obj/295
    body:
      encoding: UTF-8
      string: '{"report":{"content":{"domains":[],"definitions":["/gdc/md/uihlr91spuzouu4qph5twhixwg9gqice/obj/294"]},"meta":{"author":"/gdc/account/profile/5ad80b895edcc438e5a4418e222733fa","uri":"/gdc/md/uihlr91spuzouu4qph5twhixwg9gqice/obj/295","tags":"","created":"2018-06-05
        09:50:00","identifier":"aacfgGv9anMx","deprecated":"0","summary":"","isProduction":1,"title":"Report
        to delete","category":"report","updated":"2018-06-05 09:50:00","contributor":"/gdc/account/profile/5ad80b895edcc438e5a4418e222733fa"}}}'
    headers:
      Accept:
      - application/json, application/zip
      Accept-Encoding:
      - gzip, deflate
      User-Agent:
      - gooddata-gem/1.1.0/x86_64-linux/2.4.1
      Content-Type:
      - application/json
      X-Gdc-Authtt:
      - "<X_GDC_AUTHTT>"
      X-Gdc-Request:
      - 824QlRRwvXysdGcdNrUp7w:YsNdCZUJXJSlD7p-ECGNTA
      Content-Length:
      - '501'
      Host:
      - staging2-lcm-prod.intgdc.com
  response:
    status:
      code: 200
      message: OK
    headers:
      Date:
      - Tue, 05 Jun 2018 07:50:02 GMT
      Server:
      - GoodData WebApp
      Keep-Alive:
      - timeout=5, max=94
      X-Gdc-Log-Header:
      - ''
      Cache-Control:
      - no-cache, no-store, must-revalidate
      Content-Type:
      - application/json;charset=UTF-8
      X-Gdc-Request:
      - 824QlRRwvXysdGcdNrUp7w:YsNdCZUJXJSlD7p-ECGNTA:bJkQ8zleFqdrV2ow
      Vary:
      - origin
      X-Gdc-Request-Time:
      - '47'
      Transfer-Encoding:
      - chunked
      Strict-Transport-Security:
      - max-age=10886400; includeSubDomains; preload;
    body:
      encoding: ASCII-8BIT
      string: '{"uri":"/gdc/md/uihlr91spuzouu4qph5twhixwg9gqice/obj/295"}'
    http_version: 
  recorded_at: Tue, 05 Jun 2018 07:50:02 GMT
- request:
    method: get
    uri: https://staging2-lcm-prod.intgdc.com/gdc/md/uihlr91spuzouu4qph5twhixwg9gqice/obj/294
    body:
      encoding: US-ASCII
      string: ''
    headers:
      Accept:
      - application/json, application/zip
      Accept-Encoding:
      - gzip, deflate
      User-Agent:
      - gooddata-gem/1.1.0/x86_64-linux/2.4.1
      Content-Type:
      - application/json
      X-Gdc-Authtt:
      - "<X_GDC_AUTHTT>"
      X-Gdc-Request:
      - 824QlRRwvXysdGcdNrUp7w:v4Zyi9Frdn09tpePxk5Rgw
      Host:
      - staging2-lcm-prod.intgdc.com
  response:
    status:
      code: 200
      message: OK
    headers:
      Date:
      - Tue, 05 Jun 2018 07:50:02 GMT
      Server:
      - GoodData WebApp
      Keep-Alive:
      - timeout=5, max=96
      X-Gdc-Log-Header:
      - ''
      Cache-Control:
      - no-cache, no-store, must-revalidate
      Content-Type:
      - application/json;charset=UTF-8
      X-Gdc-Request:
      - 824QlRRwvXysdGcdNrUp7w:v4Zyi9Frdn09tpePxk5Rgw:W8csY0Gms74RVeAu
      Vary:
      - origin
      X-Gdc-Request-Time:
      - '30'
      Transfer-Encoding:
      - chunked
      Strict-Transport-Security:
      - max-age=10886400; includeSubDomains; preload;
    body:
      encoding: ASCII-8BIT
      string: '{"reportDefinition":{"content":{"grid":{"sort":{"columns":[],"rows":[]},"columnWidths":[],"columns":["metricGroup"],"metrics":[{"alias":"My
        metric","uri":"/gdc/md/uihlr91spuzouu4qph5twhixwg9gqice/obj/266"}],"rows":[]},"format":"grid","filters":[]},"links":{"explain2":"/gdc/md/uihlr91spuzouu4qph5twhixwg9gqice/obj/294/explain2"},"meta":{"author":"/gdc/account/profile/5ad80b895edcc438e5a4418e222733fa","uri":"/gdc/md/uihlr91spuzouu4qph5twhixwg9gqice/obj/294","tags":"","created":"2018-06-05
        09:49:59","identifier":"aabfgGv9anMx","deprecated":"0","summary":"","isProduction":1,"title":"Untitled
        report definition","category":"reportDefinition","updated":"2018-06-05 09:49:59","contributor":"/gdc/account/profile/5ad80b895edcc438e5a4418e222733fa"}}}'
    http_version: 
  recorded_at: Tue, 05 Jun 2018 07:50:02 GMT
- request:
    method: delete
    uri: https://staging2-lcm-prod.intgdc.com/gdc/md/uihlr91spuzouu4qph5twhixwg9gqice/obj/295
    body:
      encoding: US-ASCII
      string: ''
    headers:
      Accept:
      - application/json, application/zip
      Accept-Encoding:
      - gzip, deflate
      User-Agent:
      - gooddata-gem/1.1.0/x86_64-linux/2.4.1
      Content-Type:
      - application/json
      X-Gdc-Authtt:
      - "<X_GDC_AUTHTT>"
      X-Gdc-Request:
      - 824QlRRwvXysdGcdNrUp7w:AyYPjEMYvlplnbOwuG6exg
      Host:
      - staging2-lcm-prod.intgdc.com
  response:
    status:
      code: 204
      message: No Content
    headers:
      Date:
      - Tue, 05 Jun 2018 07:50:03 GMT
      Server:
      - GoodData WebApp
      Keep-Alive:
      - timeout=5, max=94
      X-Gdc-Log-Header:
      - ''
      Cache-Control:
      - no-cache, no-store, must-revalidate
      X-Gdc-Request-Time:
      - '52'
      X-Gdc-Request:
      - 824QlRRwvXysdGcdNrUp7w:AyYPjEMYvlplnbOwuG6exg:hLjQlE5Qkv891k0n
      Vary:
      - origin
      Strict-Transport-Security:
      - max-age=10886400; includeSubDomains; preload;
    body:
      encoding: UTF-8
      string: ''
    http_version: 
  recorded_at: Tue, 05 Jun 2018 07:50:03 GMT
- request:
    method: delete
    uri: https://staging2-lcm-prod.intgdc.com/gdc/md/uihlr91spuzouu4qph5twhixwg9gqice/obj/294
    body:
      encoding: US-ASCII
      string: ''
    headers:
      Accept:
      - application/json, application/zip
      Accept-Encoding:
      - gzip, deflate
      User-Agent:
      - gooddata-gem/1.1.0/x86_64-linux/2.4.1
      Content-Type:
      - application/json
      X-Gdc-Authtt:
      - "<X_GDC_AUTHTT>"
      X-Gdc-Request:
      - 824QlRRwvXysdGcdNrUp7w:IZwZ0vGP5h4wP-c6S1YecQ
      Host:
      - staging2-lcm-prod.intgdc.com
  response:
    status:
      code: 204
      message: No Content
    headers:
      Date:
      - Tue, 05 Jun 2018 07:50:04 GMT
      Server:
      - GoodData WebApp
      Keep-Alive:
      - timeout=5, max=93
      X-Gdc-Log-Header:
      - ''
      Cache-Control:
      - no-cache, no-store, must-revalidate
      X-Gdc-Request-Time:
      - '47'
      X-Gdc-Request:
      - 824QlRRwvXysdGcdNrUp7w:IZwZ0vGP5h4wP-c6S1YecQ:5judT4brjJwatPYb
      Vary:
      - origin
      Strict-Transport-Security:
      - max-age=10886400; includeSubDomains; preload;
    body:
      encoding: UTF-8
      string: ''
    http_version: 
  recorded_at: Tue, 05 Jun 2018 07:50:04 GMT
- request:
    method: get
    uri: https://staging2-lcm-prod.intgdc.com/gdc/md/uihlr91spuzouu4qph5twhixwg9gqice/obj/294
    body:
      encoding: US-ASCII
      string: ''
    headers:
      Accept:
      - application/json, application/zip
      Accept-Encoding:
      - gzip, deflate
      User-Agent:
      - gooddata-gem/1.1.0/x86_64-linux/2.4.1
      Content-Type:
      - application/json
      X-Gdc-Authtt:
      - "<X_GDC_AUTHTT>"
      X-Gdc-Request:
      - 824QlRRwvXysdGcdNrUp7w:eax1LC5E4WtnUpI4-K8IuQ
      Host:
      - staging2-lcm-prod.intgdc.com
  response:
    status:
      code: 404
      message: Not Found
    headers:
      Date:
      - Tue, 05 Jun 2018 07:50:04 GMT
      Server:
      - GoodData WebApp
      Expires:
      - Mon, 26 Jul 1997 05:00:00 GMT
      Cache-Control:
      - no-store, no-cache, must-revalidate, max-age=0
      Pragma:
      - no-cache
      Keep-Alive:
      - timeout=5, max=93
      X-Gdc-Log-Header:
      - ''
      Content-Type:
      - application/json;charset=UTF-8
      X-Gdc-Request:
      - 824QlRRwvXysdGcdNrUp7w:eax1LC5E4WtnUpI4-K8IuQ:CAtxG4QBPo2zw0Kw
      Vary:
      - origin
      X-Gdc-Request-Time:
      - '27'
      Transfer-Encoding:
      - chunked
      Strict-Transport-Security:
      - max-age=10886400; includeSubDomains; preload;
    body:
      encoding: ASCII-8BIT
      string: '{"error":{"parameters":["294"],"requestId":"824QlRRwvXysdGcdNrUp7w:eax1LC5E4WtnUpI4-K8IuQ:CAtxG4QBPo2zw0Kw:arzQjIRQO8mVCpmb:lty5x6qgv8c4qogu","component":"Resource::Obj::Service","errorClass":"GDC::Exception::NotFound","message":"Object
        ID %s not found"}}'
    http_version: 
  recorded_at: Tue, 05 Jun 2018 07:50:04 GMT
- request:
    method: get
    uri: https://staging2-lcm-prod.intgdc.com/gdc/md/l3398hstuqp0gegtnzmgpuyizfp6ddlh/objects/query?category=metric&limit=50&offset=0
    body:
      encoding: US-ASCII
      string: ''
    headers:
      Accept:
      - application/json, application/zip
      Accept-Encoding:
      - gzip, deflate
      User-Agent:
      - gooddata-gem/1.1.0/x86_64-linux/2.4.1
      Content-Type:
      - application/json
      X-Gdc-Authtt:
      - "<X_GDC_AUTHTT>"
      X-Gdc-Request:
      - 6iqGHdhLmeTwYuBArB_-ag:tgdiEb-146nEmBaMIyB7HQ
      Host:
      - staging2-lcm-prod.intgdc.com
  response:
    status:
      code: 200
      message: OK
    headers:
      Date:
      - Tue, 05 Jun 2018 08:30:46 GMT
      Server:
      - GoodData WebApp
      Keep-Alive:
      - timeout=5, max=75
      X-Gdc-Log-Header:
      - ''
      Cache-Control:
      - no-cache, no-store, must-revalidate
      Content-Type:
      - application/json;charset=UTF-8
      Transfer-Encoding:
      - chunked
      Vary:
      - Accept-Encoding
      - origin
      X-Gdc-Request:
      - 6iqGHdhLmeTwYuBArB_-ag:tgdiEb-146nEmBaMIyB7HQ:MwpwCSk9AQ2IGDQQ
      X-Gdc-Request-Time:
      - '70'
      Strict-Transport-Security:
      - max-age=10886400; includeSubDomains; preload;
    body:
      encoding: ASCII-8BIT
      string: '{"objects":{"paging":{"count":4,"offset":0},"items":[{"metric":{"content":{"format":"#,##0","tree":{"content":[{"content":[{"value":"SUM","content":[{"value":"/gdc/md/l3398hstuqp0gegtnzmgpuyizfp6ddlh/obj/220","position":{"column":25,"line":1},"type":"fact
        object"}],"position":{"column":21,"line":1},"type":"function"}],"position":{"column":21,"line":1},"type":"expression"}],"position":{"column":14,"line":1},"type":"metric"},"expression":"SELECT
        SUM([/gdc/md/l3398hstuqp0gegtnzmgpuyizfp6ddlh/obj/220])"},"links":{"explain2":"/gdc/md/l3398hstuqp0gegtnzmgpuyizfp6ddlh/obj/266/explain2"},"meta":{"author":"/gdc/account/profile/5ad80b895edcc438e5a4418e222733fa","uri":"/gdc/md/l3398hstuqp0gegtnzmgpuyizfp6ddlh/obj/266","tags":"","created":"2018-06-05
        10:24:35","identifier":"aadfpjF5cbWG","deprecated":"0","summary":"","isProduction":1,"title":"My
        metric","category":"metric","updated":"2018-06-05 10:24:48","contributor":"/gdc/account/profile/5ad80b895edcc438e5a4418e222733fa"}}},{"metric":{"content":{"format":"#,##0","tree":{"content":[{"content":[{"value":"COUNT","content":[{"value":"/gdc/md/l3398hstuqp0gegtnzmgpuyizfp6ddlh/obj/215","position":{"column":27,"line":1},"type":"attribute
        object"}],"position":{"column":21,"line":1},"type":"function"}],"position":{"column":21,"line":1},"type":"expression"}],"position":{"column":14,"line":1},"type":"metric"},"expression":"SELECT
        COUNT([/gdc/md/l3398hstuqp0gegtnzmgpuyizfp6ddlh/obj/215])"},"links":{"explain2":"/gdc/md/l3398hstuqp0gegtnzmgpuyizfp6ddlh/obj/288/explain2"},"meta":{"author":"/gdc/account/profile/5ad80b895edcc438e5a4418e222733fa","uri":"/gdc/md/l3398hstuqp0gegtnzmgpuyizfp6ddlh/obj/288","tags":"","created":"2018-06-05
        10:26:36","identifier":"aacfpSFFciXI","deprecated":"0","summary":"","isProduction":1,"title":"My
        test metric","category":"metric","updated":"2018-06-05 10:26:39","contributor":"/gdc/account/profile/5ad80b895edcc438e5a4418e222733fa"}}},{"metric":{"content":{"format":"#,##0","tree":{"content":[{"content":[{"value":"COUNT","content":[{"value":"/gdc/md/l3398hstuqp0gegtnzmgpuyizfp6ddlh/obj/215","position":{"column":27,"line":1},"type":"attribute
        object"}],"position":{"column":21,"line":1},"type":"function"}],"position":{"column":21,"line":1},"type":"expression"}],"position":{"column":14,"line":1},"type":"metric"},"expression":"SELECT
        COUNT([/gdc/md/l3398hstuqp0gegtnzmgpuyizfp6ddlh/obj/215])"},"links":{"explain2":"/gdc/md/l3398hstuqp0gegtnzmgpuyizfp6ddlh/obj/290/explain2"},"meta":{"author":"/gdc/account/profile/5ad80b895edcc438e5a4418e222733fa","uri":"/gdc/md/l3398hstuqp0gegtnzmgpuyizfp6ddlh/obj/290","tags":"","created":"2018-06-05
        10:27:43","identifier":"aacfp89Qcnzi","deprecated":"0","summary":"","isProduction":1,"title":"Clone
        of My test metric","category":"metric","updated":"2018-06-05 10:26:39","contributor":"/gdc/account/profile/5ad80b895edcc438e5a4418e222733fa"}}},{"metric":{"content":{"format":"#,##0","tree":{"content":[{"content":[{"value":"SUM","content":[{"value":"/gdc/md/l3398hstuqp0gegtnzmgpuyizfp6ddlh/obj/220","position":{"column":25,"line":1},"type":"fact
        object"}],"position":{"column":21,"line":1},"type":"function"}],"position":{"column":21,"line":1},"type":"expression"}],"position":{"column":14,"line":1},"type":"metric"},"expression":"SELECT
        SUM([/gdc/md/l3398hstuqp0gegtnzmgpuyizfp6ddlh/obj/220])"},"links":{"explain2":"/gdc/md/l3398hstuqp0gegtnzmgpuyizfp6ddlh/obj/291/explain2"},"meta":{"author":"/gdc/account/profile/5ad80b895edcc438e5a4418e222733fa","uri":"/gdc/md/l3398hstuqp0gegtnzmgpuyizfp6ddlh/obj/291","tags":"","created":"2018-06-05
        10:28:26","identifier":"metric.cloned_metric","deprecated":"0","summary":"","isProduction":1,"title":"sum
        of Lines Changed","category":"metric","updated":"2018-06-05 10:28:27","contributor":"/gdc/account/profile/5ad80b895edcc438e5a4418e222733fa"}}}]}}'
    http_version: 
  recorded_at: Tue, 05 Jun 2018 08:30:46 GMT
- request:
    method: post
    uri: https://staging2-lcm-prod.intgdc.com/gdc/md/l3398hstuqp0gegtnzmgpuyizfp6ddlh/obj
    body:
      encoding: UTF-8
      string: '{"reportDefinition":{"content":{"grid":{"sort":{"columns":[],"rows":[]},"columnWidths":[],"columns":["metricGroup"],"metrics":[{"alias":"My
        metric","uri":"/gdc/md/l3398hstuqp0gegtnzmgpuyizfp6ddlh/obj/266"}],"rows":[]},"format":"grid","filters":[]},"meta":{"tags":"","summary":"","title":"Untitled
        report definition"}}}'
    headers:
      Accept:
      - application/json, application/zip
      Accept-Encoding:
      - gzip, deflate
      User-Agent:
      - gooddata-gem/1.1.0/x86_64-linux/2.4.1
      Content-Type:
      - application/json
      X-Gdc-Authtt:
      - "<X_GDC_AUTHTT>"
      X-Gdc-Request:
      - 6iqGHdhLmeTwYuBArB_-ag:edxZNR0mB_a3xjNOmK_lXA
      Content-Length:
      - '318'
      Host:
      - staging2-lcm-prod.intgdc.com
  response:
    status:
      code: 200
      message: OK
    headers:
      Date:
      - Tue, 05 Jun 2018 08:30:47 GMT
      Server:
      - GoodData WebApp
      Keep-Alive:
      - timeout=5, max=74
      X-Gdc-Log-Header:
      - ''
      Cache-Control:
      - no-cache, no-store, must-revalidate
      Content-Type:
      - application/json;charset=UTF-8
      X-Gdc-Request:
      - 6iqGHdhLmeTwYuBArB_-ag:edxZNR0mB_a3xjNOmK_lXA:UFpVM4t0fyNQRg62
      Vary:
      - origin
      X-Gdc-Request-Time:
      - '34'
      Transfer-Encoding:
      - chunked
      Strict-Transport-Security:
      - max-age=10886400; includeSubDomains; preload;
    body:
      encoding: ASCII-8BIT
      string: '{"uri":"/gdc/md/l3398hstuqp0gegtnzmgpuyizfp6ddlh/obj/294"}'
    http_version: 
  recorded_at: Tue, 05 Jun 2018 08:30:47 GMT
- request:
    method: get
    uri: https://staging2-lcm-prod.intgdc.com/gdc/md/l3398hstuqp0gegtnzmgpuyizfp6ddlh/obj/294
    body:
      encoding: US-ASCII
      string: ''
    headers:
      Accept:
      - application/json, application/zip
      Accept-Encoding:
      - gzip, deflate
      User-Agent:
      - gooddata-gem/1.1.0/x86_64-linux/2.4.1
      Content-Type:
      - application/json
      X-Gdc-Authtt:
      - "<X_GDC_AUTHTT>"
      X-Gdc-Request:
      - 6iqGHdhLmeTwYuBArB_-ag:i6ZTMA4SxpGxWVZOX1-lKw
      Host:
      - staging2-lcm-prod.intgdc.com
  response:
    status:
      code: 200
      message: OK
    headers:
      Date:
      - Tue, 05 Jun 2018 08:30:48 GMT
      Server:
      - GoodData WebApp
      Keep-Alive:
      - timeout=5, max=95
      X-Gdc-Log-Header:
      - ''
      Cache-Control:
      - no-cache, no-store, must-revalidate
      Content-Type:
      - application/json;charset=UTF-8
      X-Gdc-Request:
      - 6iqGHdhLmeTwYuBArB_-ag:i6ZTMA4SxpGxWVZOX1-lKw:8fL1eef29gZV7jTE
      Vary:
      - origin
      X-Gdc-Request-Time:
      - '30'
      Transfer-Encoding:
      - chunked
      Strict-Transport-Security:
      - max-age=10886400; includeSubDomains; preload;
    body:
      encoding: ASCII-8BIT
      string: '{"reportDefinition":{"content":{"grid":{"sort":{"columns":[],"rows":[]},"columnWidths":[],"columns":["metricGroup"],"metrics":[{"alias":"My
        metric","uri":"/gdc/md/l3398hstuqp0gegtnzmgpuyizfp6ddlh/obj/266"}],"rows":[]},"format":"grid","filters":[]},"links":{"explain2":"/gdc/md/l3398hstuqp0gegtnzmgpuyizfp6ddlh/obj/294/explain2"},"meta":{"author":"/gdc/account/profile/5ad80b895edcc438e5a4418e222733fa","uri":"/gdc/md/l3398hstuqp0gegtnzmgpuyizfp6ddlh/obj/294","tags":"","created":"2018-06-05
        10:30:47","identifier":"aacfqRRuckQ0","deprecated":"0","summary":"","isProduction":1,"title":"Untitled
        report definition","category":"reportDefinition","updated":"2018-06-05 10:30:47","contributor":"/gdc/account/profile/5ad80b895edcc438e5a4418e222733fa"}}}'
    http_version: 
  recorded_at: Tue, 05 Jun 2018 08:30:48 GMT
- request:
    method: post
    uri: https://staging2-lcm-prod.intgdc.com/gdc/md/l3398hstuqp0gegtnzmgpuyizfp6ddlh/obj
    body:
      encoding: UTF-8
      string: '{"report":{"content":{"domains":[],"definitions":["/gdc/md/l3398hstuqp0gegtnzmgpuyizfp6ddlh/obj/294"]},"meta":{"tags":"","deprecated":"0","summary":"","title":"Report
        to delete"}}}'
    headers:
      Accept:
      - application/json, application/zip
      Accept-Encoding:
      - gzip, deflate
      User-Agent:
      - gooddata-gem/1.1.0/x86_64-linux/2.4.1
      Content-Type:
      - application/json
      X-Gdc-Authtt:
      - "<X_GDC_AUTHTT>"
      X-Gdc-Request:
      - 6iqGHdhLmeTwYuBArB_-ag:IDNhVgE735CQVumW1BlzDg
      Content-Length:
      - '180'
      Host:
      - staging2-lcm-prod.intgdc.com
  response:
    status:
      code: 200
      message: OK
    headers:
      Date:
      - Tue, 05 Jun 2018 08:30:48 GMT
      Server:
      - GoodData WebApp
      Keep-Alive:
      - timeout=5, max=92
      X-Gdc-Log-Header:
      - ''
      Cache-Control:
      - no-cache, no-store, must-revalidate
      Content-Type:
      - application/json;charset=UTF-8
      X-Gdc-Request:
      - 6iqGHdhLmeTwYuBArB_-ag:IDNhVgE735CQVumW1BlzDg:jwso9IZvZLBbn5VW
      Vary:
      - origin
      X-Gdc-Request-Time:
      - '34'
      Transfer-Encoding:
      - chunked
      Strict-Transport-Security:
      - max-age=10886400; includeSubDomains; preload;
    body:
      encoding: ASCII-8BIT
      string: '{"uri":"/gdc/md/l3398hstuqp0gegtnzmgpuyizfp6ddlh/obj/295"}'
    http_version: 
  recorded_at: Tue, 05 Jun 2018 08:30:48 GMT
- request:
    method: get
    uri: https://staging2-lcm-prod.intgdc.com/gdc/md/l3398hstuqp0gegtnzmgpuyizfp6ddlh/obj/295
    body:
      encoding: US-ASCII
      string: ''
    headers:
      Accept:
      - application/json, application/zip
      Accept-Encoding:
      - gzip, deflate
      User-Agent:
      - gooddata-gem/1.1.0/x86_64-linux/2.4.1
      Content-Type:
      - application/json
      X-Gdc-Authtt:
      - "<X_GDC_AUTHTT>"
      X-Gdc-Request:
      - 6iqGHdhLmeTwYuBArB_-ag:0FC8GTqbPAUPuhc6lP4uTQ
      Host:
      - staging2-lcm-prod.intgdc.com
  response:
    status:
      code: 200
      message: OK
    headers:
      Date:
      - Tue, 05 Jun 2018 08:30:49 GMT
      Server:
      - GoodData WebApp
      Keep-Alive:
      - timeout=5, max=73
      X-Gdc-Log-Header:
      - ''
      Cache-Control:
      - no-cache, no-store, must-revalidate
      Content-Type:
      - application/json;charset=UTF-8
      X-Gdc-Request:
      - 6iqGHdhLmeTwYuBArB_-ag:0FC8GTqbPAUPuhc6lP4uTQ:rNKjhoUFjmCWVXdk
      Vary:
      - origin
      X-Gdc-Request-Time:
      - '32'
      Transfer-Encoding:
      - chunked
      Strict-Transport-Security:
      - max-age=10886400; includeSubDomains; preload;
    body:
      encoding: ASCII-8BIT
      string: '{"report":{"content":{"domains":[],"definitions":["/gdc/md/l3398hstuqp0gegtnzmgpuyizfp6ddlh/obj/294"]},"meta":{"author":"/gdc/account/profile/5ad80b895edcc438e5a4418e222733fa","uri":"/gdc/md/l3398hstuqp0gegtnzmgpuyizfp6ddlh/obj/295","tags":"","created":"2018-06-05
        10:30:48","identifier":"aacfqWYdcAxs","deprecated":"0","summary":"","isProduction":1,"title":"Report
        to delete","category":"report","updated":"2018-06-05 10:30:48","contributor":"/gdc/account/profile/5ad80b895edcc438e5a4418e222733fa"}}}'
    http_version: 
  recorded_at: Tue, 05 Jun 2018 08:30:49 GMT
- request:
    method: put
    uri: https://staging2-lcm-prod.intgdc.com/gdc/md/l3398hstuqp0gegtnzmgpuyizfp6ddlh/obj/295
    body:
      encoding: UTF-8
      string: '{"report":{"content":{"domains":[],"definitions":["/gdc/md/l3398hstuqp0gegtnzmgpuyizfp6ddlh/obj/294"]},"meta":{"author":"/gdc/account/profile/5ad80b895edcc438e5a4418e222733fa","uri":"/gdc/md/l3398hstuqp0gegtnzmgpuyizfp6ddlh/obj/295","tags":"","created":"2018-06-05
        10:30:48","identifier":"aacfqWYdcAxs","deprecated":"0","summary":"","isProduction":1,"title":"Report
        to delete","category":"report","updated":"2018-06-05 10:30:48","contributor":"/gdc/account/profile/5ad80b895edcc438e5a4418e222733fa"}}}'
    headers:
      Accept:
      - application/json, application/zip
      Accept-Encoding:
      - gzip, deflate
      User-Agent:
      - gooddata-gem/1.1.0/x86_64-linux/2.4.1
      Content-Type:
      - application/json
      X-Gdc-Authtt:
      - "<X_GDC_AUTHTT>"
      X-Gdc-Request:
      - 6iqGHdhLmeTwYuBArB_-ag:VtW7NOgCEfv_LUrVk-gH4g
      Content-Length:
      - '501'
      Host:
      - staging2-lcm-prod.intgdc.com
  response:
    status:
      code: 200
      message: OK
    headers:
      Date:
      - Tue, 05 Jun 2018 08:30:49 GMT
      Server:
      - GoodData WebApp
      Keep-Alive:
      - timeout=5, max=90
      X-Gdc-Log-Header:
      - ''
      Cache-Control:
      - no-cache, no-store, must-revalidate
      Content-Type:
      - application/json;charset=UTF-8
      X-Gdc-Request:
      - 6iqGHdhLmeTwYuBArB_-ag:VtW7NOgCEfv_LUrVk-gH4g:GEX80Fe8T8mAEzUG
      Vary:
      - origin
      X-Gdc-Request-Time:
      - '48'
      Transfer-Encoding:
      - chunked
      Strict-Transport-Security:
      - max-age=10886400; includeSubDomains; preload;
    body:
      encoding: ASCII-8BIT
      string: '{"uri":"/gdc/md/l3398hstuqp0gegtnzmgpuyizfp6ddlh/obj/295"}'
    http_version: 
  recorded_at: Tue, 05 Jun 2018 08:30:49 GMT
- request:
    method: get
    uri: https://staging2-lcm-prod.intgdc.com/gdc/md/l3398hstuqp0gegtnzmgpuyizfp6ddlh/obj/294
    body:
      encoding: US-ASCII
      string: ''
    headers:
      Accept:
      - application/json, application/zip
      Accept-Encoding:
      - gzip, deflate
      User-Agent:
      - gooddata-gem/1.1.0/x86_64-linux/2.4.1
      Content-Type:
      - application/json
      X-Gdc-Authtt:
      - "<X_GDC_AUTHTT>"
      X-Gdc-Request:
      - 6iqGHdhLmeTwYuBArB_-ag:9H9C9agPekaoZqri9R_O-Q
      Host:
      - staging2-lcm-prod.intgdc.com
  response:
    status:
      code: 200
      message: OK
    headers:
      Date:
      - Tue, 05 Jun 2018 08:30:50 GMT
      Server:
      - GoodData WebApp
      Keep-Alive:
      - timeout=5, max=100
      X-Gdc-Log-Header:
      - ''
      Cache-Control:
      - no-cache, no-store, must-revalidate
      Content-Type:
      - application/json;charset=UTF-8
      X-Gdc-Request:
      - 6iqGHdhLmeTwYuBArB_-ag:9H9C9agPekaoZqri9R_O-Q:p7WJccFym4PfljXZ
      Vary:
      - origin
      X-Gdc-Request-Time:
      - '27'
      Transfer-Encoding:
      - chunked
      Strict-Transport-Security:
      - max-age=10886400; includeSubDomains; preload;
    body:
      encoding: ASCII-8BIT
      string: '{"reportDefinition":{"content":{"grid":{"sort":{"columns":[],"rows":[]},"columnWidths":[],"columns":["metricGroup"],"metrics":[{"alias":"My
        metric","uri":"/gdc/md/l3398hstuqp0gegtnzmgpuyizfp6ddlh/obj/266"}],"rows":[]},"format":"grid","filters":[]},"links":{"explain2":"/gdc/md/l3398hstuqp0gegtnzmgpuyizfp6ddlh/obj/294/explain2"},"meta":{"author":"/gdc/account/profile/5ad80b895edcc438e5a4418e222733fa","uri":"/gdc/md/l3398hstuqp0gegtnzmgpuyizfp6ddlh/obj/294","tags":"","created":"2018-06-05
        10:30:47","identifier":"aacfqRRuckQ0","deprecated":"0","summary":"","isProduction":1,"title":"Untitled
        report definition","category":"reportDefinition","updated":"2018-06-05 10:30:47","contributor":"/gdc/account/profile/5ad80b895edcc438e5a4418e222733fa"}}}'
    http_version: 
  recorded_at: Tue, 05 Jun 2018 08:30:50 GMT
- request:
    method: delete
    uri: https://staging2-lcm-prod.intgdc.com/gdc/md/l3398hstuqp0gegtnzmgpuyizfp6ddlh/obj/295
    body:
      encoding: US-ASCII
      string: ''
    headers:
      Accept:
      - application/json, application/zip
      Accept-Encoding:
      - gzip, deflate
      User-Agent:
      - gooddata-gem/1.1.0/x86_64-linux/2.4.1
      Content-Type:
      - application/json
      X-Gdc-Authtt:
      - "<X_GDC_AUTHTT>"
      X-Gdc-Request:
      - 6iqGHdhLmeTwYuBArB_-ag:rulgtmQu8WpqeprqJseB3A
      Host:
      - staging2-lcm-prod.intgdc.com
  response:
    status:
      code: 204
      message: No Content
    headers:
      Date:
      - Tue, 05 Jun 2018 08:30:51 GMT
      Server:
      - GoodData WebApp
      Keep-Alive:
      - timeout=5, max=98
      X-Gdc-Log-Header:
      - ''
      Cache-Control:
      - no-cache, no-store, must-revalidate
      X-Gdc-Request-Time:
      - '53'
      X-Gdc-Request:
      - 6iqGHdhLmeTwYuBArB_-ag:rulgtmQu8WpqeprqJseB3A:R3eQgRj5c1JopaYC
      Vary:
      - origin
      Strict-Transport-Security:
      - max-age=10886400; includeSubDomains; preload;
    body:
      encoding: UTF-8
      string: ''
    http_version: 
  recorded_at: Tue, 05 Jun 2018 08:30:51 GMT
- request:
    method: delete
    uri: https://staging2-lcm-prod.intgdc.com/gdc/md/l3398hstuqp0gegtnzmgpuyizfp6ddlh/obj/294
    body:
      encoding: US-ASCII
      string: ''
    headers:
      Accept:
      - application/json, application/zip
      Accept-Encoding:
      - gzip, deflate
      User-Agent:
      - gooddata-gem/1.1.0/x86_64-linux/2.4.1
      Content-Type:
      - application/json
      X-Gdc-Authtt:
      - "<X_GDC_AUTHTT>"
      X-Gdc-Request:
      - 6iqGHdhLmeTwYuBArB_-ag:C3qbzShHaQ0NoooWxIppWA
      Host:
      - staging2-lcm-prod.intgdc.com
  response:
    status:
      code: 204
      message: No Content
    headers:
      Date:
      - Tue, 05 Jun 2018 08:30:51 GMT
      Server:
      - GoodData WebApp
      Keep-Alive:
      - timeout=5, max=66
      X-Gdc-Log-Header:
      - ''
      Cache-Control:
      - no-cache, no-store, must-revalidate
      X-Gdc-Request-Time:
      - '52'
      X-Gdc-Request:
      - 6iqGHdhLmeTwYuBArB_-ag:C3qbzShHaQ0NoooWxIppWA:pRP4Rg87TeLrD5MK
      Vary:
      - origin
      Strict-Transport-Security:
      - max-age=10886400; includeSubDomains; preload;
    body:
      encoding: UTF-8
      string: ''
    http_version: 
  recorded_at: Tue, 05 Jun 2018 08:30:51 GMT
- request:
    method: get
    uri: https://staging2-lcm-prod.intgdc.com/gdc/md/l3398hstuqp0gegtnzmgpuyizfp6ddlh/obj/294
    body:
      encoding: US-ASCII
      string: ''
    headers:
      Accept:
      - application/json, application/zip
      Accept-Encoding:
      - gzip, deflate
      User-Agent:
      - gooddata-gem/1.1.0/x86_64-linux/2.4.1
      Content-Type:
      - application/json
      X-Gdc-Authtt:
      - "<X_GDC_AUTHTT>"
      X-Gdc-Request:
      - 6iqGHdhLmeTwYuBArB_-ag:1C95gsjUEyfYkxcBR7f_0A
      Host:
      - staging2-lcm-prod.intgdc.com
  response:
    status:
      code: 404
      message: Not Found
    headers:
      Date:
      - Tue, 05 Jun 2018 08:30:53 GMT
      Server:
      - GoodData WebApp
      Expires:
      - Mon, 26 Jul 1997 05:00:00 GMT
      Cache-Control:
      - no-store, no-cache, must-revalidate, max-age=0
      Pragma:
      - no-cache
      Keep-Alive:
      - timeout=5, max=83
      X-Gdc-Log-Header:
      - ''
      Content-Type:
      - application/json;charset=UTF-8
      X-Gdc-Request:
      - 6iqGHdhLmeTwYuBArB_-ag:1C95gsjUEyfYkxcBR7f_0A:CLSkEmp9cK5KKMrG
      Vary:
      - origin
      X-Gdc-Request-Time:
      - '27'
      Transfer-Encoding:
      - chunked
      Strict-Transport-Security:
      - max-age=10886400; includeSubDomains; preload;
    body:
      encoding: ASCII-8BIT
      string: '{"error":{"parameters":["294"],"requestId":"6iqGHdhLmeTwYuBArB_-ag:1C95gsjUEyfYkxcBR7f_0A:CLSkEmp9cK5KKMrG:0Rhe5h7Qe1ctYBH2:65s3l739kk1r1a8a","component":"Resource::Obj::Service","errorClass":"GDC::Exception::NotFound","message":"Object
        ID %s not found"}}'
    http_version: 
  recorded_at: Tue, 05 Jun 2018 08:30:53 GMT
- request:
    method: get
    uri: https://staging2-lcm-prod.intgdc.com/gdc/md/hws7s5o3eu325ftrdppl1i4138ckzoah/objects/query?category=metric&limit=50&offset=0
    body:
      encoding: US-ASCII
      string: ''
    headers:
      Accept:
      - application/json, application/zip
      Accept-Encoding:
      - gzip, deflate
      User-Agent:
      - gooddata-gem/1.3.1/x86_64-darwin16/2.3.3
      Content-Type:
      - application/json
      X-Gdc-Authtt:
      - "<X_GDC_AUTHTT>"
      X-Gdc-Request:
      - 4UNvJMuSxNk9iAyK97sHpw:EeO2JeDyMhzfvwI2Mhc_Zw
      Host:
      - staging2-lcm-prod.intgdc.com
  response:
    status:
      code: 200
      message: OK
    headers:
      Date:
      - Fri, 05 Oct 2018 14:00:52 GMT
      Server:
      - GoodData WebApp
      Keep-Alive:
      - timeout=5, max=85
      X-Gdc-Log-Header:
      - ''
      Cache-Control:
      - no-cache, no-store, must-revalidate
      Content-Type:
      - application/json;charset=UTF-8
      Transfer-Encoding:
      - chunked
      Vary:
      - Accept-Encoding
      - origin
      X-Gdc-Request:
      - 4UNvJMuSxNk9iAyK97sHpw:EeO2JeDyMhzfvwI2Mhc_Zw:qwvcHhPwHyngyArL
      X-Gdc-Request-Time:
      - '87'
      Strict-Transport-Security:
      - max-age=10886400; includeSubDomains; preload;
    body:
      encoding: ASCII-8BIT
      string: '{"objects":{"paging":{"count":4,"offset":0},"items":[{"metric":{"content":{"format":"#,##0","tree":{"content":[{"content":[{"value":"SUM","content":[{"value":"/gdc/md/hws7s5o3eu325ftrdppl1i4138ckzoah/obj/223","position":{"column":25,"line":1},"type":"fact
        object"}],"position":{"column":21,"line":1},"type":"function"}],"position":{"column":21,"line":1},"type":"expression"}],"position":{"column":14,"line":1},"type":"metric"},"expression":"SELECT
        SUM([/gdc/md/hws7s5o3eu325ftrdppl1i4138ckzoah/obj/223])"},"links":{"explain2":"/gdc/md/hws7s5o3eu325ftrdppl1i4138ckzoah/obj/269/explain2"},"meta":{"author":"/gdc/account/profile/5ad80b895edcc438e5a4418e222733fa","uri":"/gdc/md/hws7s5o3eu325ftrdppl1i4138ckzoah/obj/269","tags":"","created":"2018-10-05
        15:56:24","identifier":"aaiL6WJAhQ02","deprecated":"0","summary":"","isProduction":1,"title":"My
        metric","category":"metric","updated":"2018-10-05 15:56:38","contributor":"/gdc/account/profile/5ad80b895edcc438e5a4418e222733fa"}}},{"metric":{"content":{"format":"#,##0","tree":{"content":[{"content":[{"value":"COUNT","content":[{"value":"/gdc/md/hws7s5o3eu325ftrdppl1i4138ckzoah/obj/212","position":{"column":27,"line":1},"type":"attribute
        object"}],"position":{"column":21,"line":1},"type":"function"}],"position":{"column":21,"line":1},"type":"expression"}],"position":{"column":14,"line":1},"type":"metric"},"expression":"SELECT
        COUNT([/gdc/md/hws7s5o3eu325ftrdppl1i4138ckzoah/obj/212])"},"links":{"explain2":"/gdc/md/hws7s5o3eu325ftrdppl1i4138ckzoah/obj/291/explain2"},"meta":{"author":"/gdc/account/profile/5ad80b895edcc438e5a4418e222733fa","uri":"/gdc/md/hws7s5o3eu325ftrdppl1i4138ckzoah/obj/291","tags":"","created":"2018-10-05
        15:58:08","identifier":"aabL7unWbwep","deprecated":"0","summary":"","isProduction":1,"title":"My
        test metric","category":"metric","updated":"2018-10-05 15:58:11","contributor":"/gdc/account/profile/5ad80b895edcc438e5a4418e222733fa"}}},{"metric":{"content":{"format":"#,##0","tree":{"content":[{"content":[{"value":"COUNT","content":[{"value":"/gdc/md/hws7s5o3eu325ftrdppl1i4138ckzoah/obj/212","position":{"column":27,"line":1},"type":"attribute
        object"}],"position":{"column":21,"line":1},"type":"function"}],"position":{"column":21,"line":1},"type":"expression"}],"position":{"column":14,"line":1},"type":"metric"},"expression":"SELECT
        COUNT([/gdc/md/hws7s5o3eu325ftrdppl1i4138ckzoah/obj/212])"},"links":{"explain2":"/gdc/md/hws7s5o3eu325ftrdppl1i4138ckzoah/obj/293/explain2"},"meta":{"author":"/gdc/account/profile/5ad80b895edcc438e5a4418e222733fa","uri":"/gdc/md/hws7s5o3eu325ftrdppl1i4138ckzoah/obj/293","tags":"","created":"2018-10-05
        15:59:08","identifier":"aacL7vdMhZEs","deprecated":"0","summary":"","isProduction":1,"title":"Clone
        of My test metric","category":"metric","updated":"2018-10-05 15:58:11","contributor":"/gdc/account/profile/5ad80b895edcc438e5a4418e222733fa"}}},{"metric":{"content":{"format":"#,##0","tree":{"content":[{"content":[{"value":"SUM","content":[{"value":"/gdc/md/hws7s5o3eu325ftrdppl1i4138ckzoah/obj/223","position":{"column":25,"line":1},"type":"fact
        object"}],"position":{"column":21,"line":1},"type":"function"}],"position":{"column":21,"line":1},"type":"expression"}],"position":{"column":14,"line":1},"type":"metric"},"expression":"SELECT
        SUM([/gdc/md/hws7s5o3eu325ftrdppl1i4138ckzoah/obj/223])"},"links":{"explain2":"/gdc/md/hws7s5o3eu325ftrdppl1i4138ckzoah/obj/294/explain2"},"meta":{"author":"/gdc/account/profile/5ad80b895edcc438e5a4418e222733fa","uri":"/gdc/md/hws7s5o3eu325ftrdppl1i4138ckzoah/obj/294","tags":"","created":"2018-10-05
        15:59:45","identifier":"metric.cloned_metric","deprecated":"0","summary":"","isProduction":1,"title":"sum
        of Lines Changed","category":"metric","updated":"2018-10-05 15:59:46","contributor":"/gdc/account/profile/5ad80b895edcc438e5a4418e222733fa"}}}]}}'
    http_version: 
  recorded_at: Fri, 05 Oct 2018 14:00:52 GMT
- request:
    method: post
    uri: https://staging2-lcm-prod.intgdc.com/gdc/md/hws7s5o3eu325ftrdppl1i4138ckzoah/obj
    body:
      encoding: UTF-8
      string: '{"reportDefinition":{"content":{"grid":{"sort":{"columns":[],"rows":[]},"columnWidths":[],"columns":["metricGroup"],"metrics":[{"alias":"My
        metric","uri":"/gdc/md/hws7s5o3eu325ftrdppl1i4138ckzoah/obj/269"}],"rows":[]},"format":"grid","filters":[]},"meta":{"tags":"","summary":"","title":"Untitled
        report definition"}}}'
    headers:
      Accept:
      - application/json, application/zip
      Accept-Encoding:
      - gzip, deflate
      User-Agent:
      - gooddata-gem/1.3.1/x86_64-darwin16/2.3.3
      Content-Type:
      - application/json
      X-Gdc-Authtt:
      - "<X_GDC_AUTHTT>"
      X-Gdc-Request:
      - 4UNvJMuSxNk9iAyK97sHpw:3SjDbM4uKkVFXfXpw8VkPA
      Content-Length:
      - '318'
      Host:
      - staging2-lcm-prod.intgdc.com
  response:
    status:
      code: 200
      message: OK
    headers:
      Date:
      - Fri, 05 Oct 2018 14:00:53 GMT
      Server:
      - GoodData WebApp
      Keep-Alive:
      - timeout=5, max=78
      X-Gdc-Log-Header:
      - ''
      Cache-Control:
      - no-cache, no-store, must-revalidate
      Content-Type:
      - application/json;charset=UTF-8
      X-Gdc-Request:
      - 4UNvJMuSxNk9iAyK97sHpw:3SjDbM4uKkVFXfXpw8VkPA:1uVr8HZaVh9egMZV
      Vary:
      - origin
      X-Gdc-Request-Time:
      - '35'
      Transfer-Encoding:
      - chunked
      Strict-Transport-Security:
      - max-age=10886400; includeSubDomains; preload;
    body:
      encoding: ASCII-8BIT
      string: '{"uri":"/gdc/md/hws7s5o3eu325ftrdppl1i4138ckzoah/obj/297"}'
    http_version: 
  recorded_at: Fri, 05 Oct 2018 14:00:53 GMT
- request:
    method: get
    uri: https://staging2-lcm-prod.intgdc.com/gdc/md/hws7s5o3eu325ftrdppl1i4138ckzoah/obj/297
    body:
      encoding: US-ASCII
      string: ''
    headers:
      Accept:
      - application/json, application/zip
      Accept-Encoding:
      - gzip, deflate
      User-Agent:
      - gooddata-gem/1.3.1/x86_64-darwin16/2.3.3
      Content-Type:
      - application/json
      X-Gdc-Authtt:
      - "<X_GDC_AUTHTT>"
      X-Gdc-Request:
      - 4UNvJMuSxNk9iAyK97sHpw:IU1DvVL9a6RHBV8tH4xD4w
      Host:
      - staging2-lcm-prod.intgdc.com
  response:
    status:
      code: 200
      message: OK
    headers:
      Date:
      - Fri, 05 Oct 2018 14:00:53 GMT
      Server:
      - GoodData WebApp
      Keep-Alive:
      - timeout=5, max=76
      X-Gdc-Log-Header:
      - ''
      Cache-Control:
      - no-cache, no-store, must-revalidate
      Content-Type:
      - application/json;charset=UTF-8
      X-Gdc-Request:
      - 4UNvJMuSxNk9iAyK97sHpw:IU1DvVL9a6RHBV8tH4xD4w:u3V1YRoK9rNFtILr
      Vary:
      - origin
      X-Gdc-Request-Time:
      - '28'
      Transfer-Encoding:
      - chunked
      Strict-Transport-Security:
      - max-age=10886400; includeSubDomains; preload;
    body:
      encoding: ASCII-8BIT
      string: '{"reportDefinition":{"content":{"grid":{"sort":{"columns":[],"rows":[]},"columnWidths":[],"columns":["metricGroup"],"metrics":[{"alias":"My
        metric","uri":"/gdc/md/hws7s5o3eu325ftrdppl1i4138ckzoah/obj/269"}],"rows":[]},"format":"grid","filters":[]},"links":{"explain2":"/gdc/md/hws7s5o3eu325ftrdppl1i4138ckzoah/obj/297/explain2"},"meta":{"author":"/gdc/account/profile/5ad80b895edcc438e5a4418e222733fa","uri":"/gdc/md/hws7s5o3eu325ftrdppl1i4138ckzoah/obj/297","tags":"","created":"2018-10-05
        16:00:53","identifier":"aabL8bg3b5HT","deprecated":"0","summary":"","isProduction":1,"title":"Untitled
        report definition","category":"reportDefinition","updated":"2018-10-05 16:00:53","contributor":"/gdc/account/profile/5ad80b895edcc438e5a4418e222733fa"}}}'
    http_version: 
  recorded_at: Fri, 05 Oct 2018 14:00:53 GMT
- request:
    method: post
    uri: https://staging2-lcm-prod.intgdc.com/gdc/md/hws7s5o3eu325ftrdppl1i4138ckzoah/obj
    body:
      encoding: UTF-8
      string: '{"report":{"content":{"domains":[],"definitions":["/gdc/md/hws7s5o3eu325ftrdppl1i4138ckzoah/obj/297"]},"meta":{"tags":"","deprecated":"0","summary":"","title":"Report
        to delete"}}}'
    headers:
      Accept:
      - application/json, application/zip
      Accept-Encoding:
      - gzip, deflate
      User-Agent:
      - gooddata-gem/1.3.1/x86_64-darwin16/2.3.3
      Content-Type:
      - application/json
      X-Gdc-Authtt:
      - "<X_GDC_AUTHTT>"
      X-Gdc-Request:
      - 4UNvJMuSxNk9iAyK97sHpw:Y4f2QclB73eSKqyd9B5noA
      Content-Length:
      - '180'
      Host:
      - staging2-lcm-prod.intgdc.com
  response:
    status:
      code: 200
      message: OK
    headers:
      Date:
      - Fri, 05 Oct 2018 14:00:54 GMT
      Server:
      - GoodData WebApp
      Keep-Alive:
      - timeout=5, max=74
      X-Gdc-Log-Header:
      - ''
      Cache-Control:
      - no-cache, no-store, must-revalidate
      Content-Type:
      - application/json;charset=UTF-8
      X-Gdc-Request:
      - 4UNvJMuSxNk9iAyK97sHpw:Y4f2QclB73eSKqyd9B5noA:kqYI7Viin9DG7cyQ
      Vary:
      - origin
      X-Gdc-Request-Time:
      - '39'
      Transfer-Encoding:
      - chunked
      Strict-Transport-Security:
      - max-age=10886400; includeSubDomains; preload;
    body:
      encoding: ASCII-8BIT
      string: '{"uri":"/gdc/md/hws7s5o3eu325ftrdppl1i4138ckzoah/obj/298"}'
    http_version: 
  recorded_at: Fri, 05 Oct 2018 14:00:54 GMT
- request:
    method: get
    uri: https://staging2-lcm-prod.intgdc.com/gdc/md/hws7s5o3eu325ftrdppl1i4138ckzoah/obj/298
    body:
      encoding: US-ASCII
      string: ''
    headers:
      Accept:
      - application/json, application/zip
      Accept-Encoding:
      - gzip, deflate
      User-Agent:
      - gooddata-gem/1.3.1/x86_64-darwin16/2.3.3
      Content-Type:
      - application/json
      X-Gdc-Authtt:
      - "<X_GDC_AUTHTT>"
      X-Gdc-Request:
      - 4UNvJMuSxNk9iAyK97sHpw:ofrWgX0QhbQund4TF9pCOw
      Host:
      - staging2-lcm-prod.intgdc.com
  response:
    status:
      code: 200
      message: OK
    headers:
      Date:
      - Fri, 05 Oct 2018 14:00:55 GMT
      Server:
      - GoodData WebApp
      Keep-Alive:
      - timeout=5, max=74
      X-Gdc-Log-Header:
      - ''
      Cache-Control:
      - no-cache, no-store, must-revalidate
      Content-Type:
      - application/json;charset=UTF-8
      X-Gdc-Request:
      - 4UNvJMuSxNk9iAyK97sHpw:ofrWgX0QhbQund4TF9pCOw:tRNOQJ10kFGOgGwu
      Vary:
      - origin
      X-Gdc-Request-Time:
      - '67'
      Transfer-Encoding:
      - chunked
      Strict-Transport-Security:
      - max-age=10886400; includeSubDomains; preload;
    body:
      encoding: ASCII-8BIT
      string: '{"report":{"content":{"domains":[],"definitions":["/gdc/md/hws7s5o3eu325ftrdppl1i4138ckzoah/obj/297"]},"meta":{"author":"/gdc/account/profile/5ad80b895edcc438e5a4418e222733fa","uri":"/gdc/md/hws7s5o3eu325ftrdppl1i4138ckzoah/obj/298","tags":"","created":"2018-10-05
        16:00:54","identifier":"aadL77psh91s","deprecated":"0","summary":"","isProduction":1,"title":"Report
        to delete","category":"report","updated":"2018-10-05 16:00:54","contributor":"/gdc/account/profile/5ad80b895edcc438e5a4418e222733fa"}}}'
    http_version: 
  recorded_at: Fri, 05 Oct 2018 14:00:55 GMT
- request:
    method: put
    uri: https://staging2-lcm-prod.intgdc.com/gdc/md/hws7s5o3eu325ftrdppl1i4138ckzoah/obj/298
    body:
      encoding: UTF-8
      string: '{"report":{"content":{"domains":[],"definitions":["/gdc/md/hws7s5o3eu325ftrdppl1i4138ckzoah/obj/297"]},"meta":{"author":"/gdc/account/profile/5ad80b895edcc438e5a4418e222733fa","uri":"/gdc/md/hws7s5o3eu325ftrdppl1i4138ckzoah/obj/298","tags":"","created":"2018-10-05
        16:00:54","identifier":"aadL77psh91s","deprecated":"0","summary":"","isProduction":1,"title":"Report
        to delete","category":"report","updated":"2018-10-05 16:00:54","contributor":"/gdc/account/profile/5ad80b895edcc438e5a4418e222733fa"}}}'
    headers:
      Accept:
      - application/json, application/zip
      Accept-Encoding:
      - gzip, deflate
      User-Agent:
      - gooddata-gem/1.3.1/x86_64-darwin16/2.3.3
      Content-Type:
      - application/json
      X-Gdc-Authtt:
      - "<X_GDC_AUTHTT>"
      X-Gdc-Request:
      - 4UNvJMuSxNk9iAyK97sHpw:V2vKOXqhaBL5xNBGW9y3Bg
      Content-Length:
      - '501'
      Host:
      - staging2-lcm-prod.intgdc.com
  response:
    status:
      code: 200
      message: OK
    headers:
      Date:
      - Fri, 05 Oct 2018 14:00:56 GMT
      Server:
      - GoodData WebApp
      Keep-Alive:
      - timeout=5, max=78
      X-Gdc-Log-Header:
      - ''
      Cache-Control:
      - no-cache, no-store, must-revalidate
      Content-Type:
      - application/json;charset=UTF-8
      X-Gdc-Request:
      - 4UNvJMuSxNk9iAyK97sHpw:V2vKOXqhaBL5xNBGW9y3Bg:sqP0BMCOgaqMQqZu
      Vary:
      - origin
      X-Gdc-Request-Time:
      - '52'
      Transfer-Encoding:
      - chunked
      Strict-Transport-Security:
      - max-age=10886400; includeSubDomains; preload;
    body:
      encoding: ASCII-8BIT
      string: '{"uri":"/gdc/md/hws7s5o3eu325ftrdppl1i4138ckzoah/obj/298"}'
    http_version: 
  recorded_at: Fri, 05 Oct 2018 14:00:56 GMT
- request:
    method: get
    uri: https://staging2-lcm-prod.intgdc.com/gdc/md/hws7s5o3eu325ftrdppl1i4138ckzoah/obj/297
    body:
      encoding: US-ASCII
      string: ''
    headers:
      Accept:
      - application/json, application/zip
      Accept-Encoding:
      - gzip, deflate
      User-Agent:
      - gooddata-gem/1.3.1/x86_64-darwin16/2.3.3
      Content-Type:
      - application/json
      X-Gdc-Authtt:
      - "<X_GDC_AUTHTT>"
      X-Gdc-Request:
      - 4UNvJMuSxNk9iAyK97sHpw:vhsHpgUez-WYJ5lHsGDmwQ
      Host:
      - staging2-lcm-prod.intgdc.com
  response:
    status:
      code: 200
      message: OK
    headers:
      Date:
      - Fri, 05 Oct 2018 14:00:56 GMT
      Server:
      - GoodData WebApp
      Keep-Alive:
      - timeout=5, max=77
      X-Gdc-Log-Header:
      - ''
      Cache-Control:
      - no-cache, no-store, must-revalidate
      Content-Type:
      - application/json;charset=UTF-8
      X-Gdc-Request:
      - 4UNvJMuSxNk9iAyK97sHpw:vhsHpgUez-WYJ5lHsGDmwQ:mMIEm487b9cOrxFB
      Vary:
      - origin
      X-Gdc-Request-Time:
      - '27'
      Transfer-Encoding:
      - chunked
      Strict-Transport-Security:
      - max-age=10886400; includeSubDomains; preload;
    body:
      encoding: ASCII-8BIT
      string: '{"reportDefinition":{"content":{"grid":{"sort":{"columns":[],"rows":[]},"columnWidths":[],"columns":["metricGroup"],"metrics":[{"alias":"My
        metric","uri":"/gdc/md/hws7s5o3eu325ftrdppl1i4138ckzoah/obj/269"}],"rows":[]},"format":"grid","filters":[]},"links":{"explain2":"/gdc/md/hws7s5o3eu325ftrdppl1i4138ckzoah/obj/297/explain2"},"meta":{"author":"/gdc/account/profile/5ad80b895edcc438e5a4418e222733fa","uri":"/gdc/md/hws7s5o3eu325ftrdppl1i4138ckzoah/obj/297","tags":"","created":"2018-10-05
        16:00:53","identifier":"aabL8bg3b5HT","deprecated":"0","summary":"","isProduction":1,"title":"Untitled
        report definition","category":"reportDefinition","updated":"2018-10-05 16:00:53","contributor":"/gdc/account/profile/5ad80b895edcc438e5a4418e222733fa"}}}'
    http_version: 
  recorded_at: Fri, 05 Oct 2018 14:00:56 GMT
- request:
    method: delete
    uri: https://staging2-lcm-prod.intgdc.com/gdc/md/hws7s5o3eu325ftrdppl1i4138ckzoah/obj/298
    body:
      encoding: US-ASCII
      string: ''
    headers:
      Accept:
      - application/json, application/zip
      Accept-Encoding:
      - gzip, deflate
      User-Agent:
      - gooddata-gem/1.3.1/x86_64-darwin16/2.3.3
      Content-Type:
      - application/json
      X-Gdc-Authtt:
      - "<X_GDC_AUTHTT>"
      X-Gdc-Request:
      - 4UNvJMuSxNk9iAyK97sHpw:h2r59BYJH8W-QGqyJ8_pSg
      Host:
      - staging2-lcm-prod.intgdc.com
  response:
    status:
      code: 204
      message: No Content
    headers:
      Date:
      - Fri, 05 Oct 2018 14:00:57 GMT
      Server:
      - GoodData WebApp
      Keep-Alive:
      - timeout=5, max=84
      X-Gdc-Log-Header:
      - ''
      Cache-Control:
      - no-cache, no-store, must-revalidate
      X-Gdc-Request-Time:
      - '54'
      X-Gdc-Request:
      - 4UNvJMuSxNk9iAyK97sHpw:h2r59BYJH8W-QGqyJ8_pSg:1SZMuNXNNn3OjXGm
      Vary:
      - origin
      Strict-Transport-Security:
      - max-age=10886400; includeSubDomains; preload;
    body:
      encoding: UTF-8
      string: ''
    http_version: 
  recorded_at: Fri, 05 Oct 2018 14:00:57 GMT
- request:
    method: delete
    uri: https://staging2-lcm-prod.intgdc.com/gdc/md/hws7s5o3eu325ftrdppl1i4138ckzoah/obj/297
    body:
      encoding: US-ASCII
      string: ''
    headers:
      Accept:
      - application/json, application/zip
      Accept-Encoding:
      - gzip, deflate
      User-Agent:
      - gooddata-gem/1.3.1/x86_64-darwin16/2.3.3
      Content-Type:
      - application/json
      X-Gdc-Authtt:
      - "<X_GDC_AUTHTT>"
      X-Gdc-Request:
      - 4UNvJMuSxNk9iAyK97sHpw:FIu5agf13wofX6nPQdwT2A
      Host:
      - staging2-lcm-prod.intgdc.com
  response:
    status:
      code: 204
      message: No Content
    headers:
      Date:
      - Fri, 05 Oct 2018 14:00:58 GMT
      Server:
      - GoodData WebApp
      Keep-Alive:
      - timeout=5, max=73
      X-Gdc-Log-Header:
      - ''
      Cache-Control:
      - no-cache, no-store, must-revalidate
      X-Gdc-Request-Time:
      - '52'
      X-Gdc-Request:
      - 4UNvJMuSxNk9iAyK97sHpw:FIu5agf13wofX6nPQdwT2A:kYrkuizwUtrBhoKR
      Vary:
      - origin
      Strict-Transport-Security:
      - max-age=10886400; includeSubDomains; preload;
    body:
      encoding: UTF-8
      string: ''
    http_version: 
  recorded_at: Fri, 05 Oct 2018 14:00:58 GMT
- request:
    method: get
    uri: https://staging2-lcm-prod.intgdc.com/gdc/md/hws7s5o3eu325ftrdppl1i4138ckzoah/obj/297
    body:
      encoding: US-ASCII
      string: ''
    headers:
      Accept:
      - application/json, application/zip
      Accept-Encoding:
      - gzip, deflate
      User-Agent:
      - gooddata-gem/1.3.1/x86_64-darwin16/2.3.3
      Content-Type:
      - application/json
      X-Gdc-Authtt:
      - "<X_GDC_AUTHTT>"
      X-Gdc-Request:
      - 4UNvJMuSxNk9iAyK97sHpw:H6SfbnfCmwmVhfBPJFmXbg
      Host:
      - staging2-lcm-prod.intgdc.com
  response:
    status:
      code: 404
      message: Not Found
    headers:
      Date:
      - Fri, 05 Oct 2018 14:00:58 GMT
      Server:
      - GoodData WebApp
      Expires:
      - Mon, 26 Jul 1997 05:00:00 GMT
      Cache-Control:
      - no-store, no-cache, must-revalidate, max-age=0
      Pragma:
      - no-cache
      Keep-Alive:
      - timeout=5, max=75
      X-Gdc-Log-Header:
      - ''
      Content-Type:
      - application/json;charset=UTF-8
      X-Gdc-Request:
      - 4UNvJMuSxNk9iAyK97sHpw:H6SfbnfCmwmVhfBPJFmXbg:DGFAD6seFR2R4nxS
      Vary:
      - origin
      X-Gdc-Request-Time:
      - '27'
      Transfer-Encoding:
      - chunked
      Strict-Transport-Security:
      - max-age=10886400; includeSubDomains; preload;
    body:
      encoding: ASCII-8BIT
      string: '{"error":{"parameters":["297"],"requestId":"4UNvJMuSxNk9iAyK97sHpw:H6SfbnfCmwmVhfBPJFmXbg:DGFAD6seFR2R4nxS:XMi6EB37Mb8dolIc:jhjf7dmfwqos0m2t","component":"Resource::Obj::Service","errorClass":"GDC::Exception::NotFound","message":"Object
        ID %s not found"}}'
    http_version: 
  recorded_at: Fri, 05 Oct 2018 14:00:58 GMT
- request:
    method: get
    uri: https://staging2-lcm-prod.intgdc.com/gdc/md/kox3qimhjpq0mbp0g8q6qkqiv0wbapxp/objects/query?category=metric&limit=50&offset=0
    body:
      encoding: US-ASCII
      string: ''
    headers:
      Accept:
      - application/json, application/zip
      Accept-Encoding:
      - gzip, deflate
      User-Agent:
      - gooddata-gem/1.3.6/x86_64-linux/2.3.6
      Content-Type:
      - application/json
      X-Gdc-Authtt:
      - "<X_GDC_AUTHTT>"
      X-Gdc-Request:
      - ":MI5onfuWjw3LK8LA44DUlw:OVPZdlg7_sh7wNOXyfCMzQ"
      Stats-On:
      - ''
      Host:
      - staging2-lcm-prod.intgdc.com
  response:
    status:
      code: 200
      message: OK
    headers:
      Date:
      - Mon, 21 Jan 2019 19:06:17 GMT
      Server:
      - GoodData WebApp
      Keep-Alive:
      - timeout=5, max=81
      X-Gdc-Log-Header:
      - ''
      Cache-Control:
      - no-cache, no-store, must-revalidate
      Content-Type:
      - application/json;charset=UTF-8
      Transfer-Encoding:
      - chunked
      Vary:
      - Accept-Encoding
      - origin
      X-Gdc-Request:
      - ":MI5onfuWjw3LK8LA44DUlw:OVPZdlg7_sh7wNOXyfCMzQ:HhyEIillB4wvfaRb"
      X-Gdc-Request-Time:
      - '45'
      Strict-Transport-Security:
      - max-age=10886400; includeSubDomains; preload;
    body:
      encoding: ASCII-8BIT
      string: '{"objects":{"paging":{"count":4,"offset":0},"items":[{"metric":{"content":{"format":"#,##0","tree":{"content":[{"content":[{"value":"SUM","content":[{"value":"/gdc/md/kox3qimhjpq0mbp0g8q6qkqiv0wbapxp/obj/223","position":{"column":25,"line":1},"type":"fact
        object"}],"position":{"column":21,"line":1},"type":"function"}],"position":{"column":21,"line":1},"type":"expression"}],"position":{"column":14,"line":1},"type":"metric"},"expression":"SELECT
        SUM([/gdc/md/kox3qimhjpq0mbp0g8q6qkqiv0wbapxp/obj/223])"},"links":{"explain2":"/gdc/md/kox3qimhjpq0mbp0g8q6qkqiv0wbapxp/obj/269/explain2"},"meta":{"author":"/gdc/account/profile/5ad80b895edcc438e5a4418e222733fa","uri":"/gdc/md/kox3qimhjpq0mbp0g8q6qkqiv0wbapxp/obj/269","tags":"","created":"2019-01-21
        19:58:50","identifier":"acjYOYclgE5W","deprecated":"0","summary":"","isProduction":1,"title":"My
        metric","category":"metric","updated":"2019-01-21 19:59:15","contributor":"/gdc/account/profile/5ad80b895edcc438e5a4418e222733fa"}}},{"metric":{"content":{"format":"#,##0","tree":{"content":[{"content":[{"value":"COUNT","content":[{"value":"/gdc/md/kox3qimhjpq0mbp0g8q6qkqiv0wbapxp/obj/216","position":{"column":27,"line":1},"type":"attribute
        object"}],"position":{"column":21,"line":1},"type":"function"}],"position":{"column":21,"line":1},"type":"expression"}],"position":{"column":14,"line":1},"type":"metric"},"expression":"SELECT
        COUNT([/gdc/md/kox3qimhjpq0mbp0g8q6qkqiv0wbapxp/obj/216])"},"links":{"explain2":"/gdc/md/kox3qimhjpq0mbp0g8q6qkqiv0wbapxp/obj/291/explain2"},"meta":{"author":"/gdc/account/profile/5ad80b895edcc438e5a4418e222733fa","uri":"/gdc/md/kox3qimhjpq0mbp0g8q6qkqiv0wbapxp/obj/291","tags":"","created":"2019-01-21
        20:02:02","identifier":"aaCYQv0zigLE","deprecated":"0","summary":"","isProduction":1,"title":"My
        test metric","category":"metric","updated":"2019-01-21 20:02:06","contributor":"/gdc/account/profile/5ad80b895edcc438e5a4418e222733fa"}}},{"metric":{"content":{"format":"#,##0","tree":{"content":[{"content":[{"value":"COUNT","content":[{"value":"/gdc/md/kox3qimhjpq0mbp0g8q6qkqiv0wbapxp/obj/216","position":{"column":27,"line":1},"type":"attribute
        object"}],"position":{"column":21,"line":1},"type":"function"}],"position":{"column":21,"line":1},"type":"expression"}],"position":{"column":14,"line":1},"type":"metric"},"expression":"SELECT
        COUNT([/gdc/md/kox3qimhjpq0mbp0g8q6qkqiv0wbapxp/obj/216])"},"links":{"explain2":"/gdc/md/kox3qimhjpq0mbp0g8q6qkqiv0wbapxp/obj/293/explain2"},"meta":{"author":"/gdc/account/profile/5ad80b895edcc438e5a4418e222733fa","uri":"/gdc/md/kox3qimhjpq0mbp0g8q6qkqiv0wbapxp/obj/293","tags":"","created":"2019-01-21
        20:03:49","identifier":"aaOYQs8gewXa","deprecated":"0","summary":"","isProduction":1,"title":"Clone
        of My test metric","category":"metric","updated":"2019-01-21 20:02:06","contributor":"/gdc/account/profile/5ad80b895edcc438e5a4418e222733fa"}}},{"metric":{"content":{"format":"#,##0","tree":{"content":[{"content":[{"value":"SUM","content":[{"value":"/gdc/md/kox3qimhjpq0mbp0g8q6qkqiv0wbapxp/obj/223","position":{"column":25,"line":1},"type":"fact
        object"}],"position":{"column":21,"line":1},"type":"function"}],"position":{"column":21,"line":1},"type":"expression"}],"position":{"column":14,"line":1},"type":"metric"},"expression":"SELECT
        SUM([/gdc/md/kox3qimhjpq0mbp0g8q6qkqiv0wbapxp/obj/223])"},"links":{"explain2":"/gdc/md/kox3qimhjpq0mbp0g8q6qkqiv0wbapxp/obj/294/explain2"},"meta":{"author":"/gdc/account/profile/5ad80b895edcc438e5a4418e222733fa","uri":"/gdc/md/kox3qimhjpq0mbp0g8q6qkqiv0wbapxp/obj/294","tags":"","created":"2019-01-21
        20:04:39","identifier":"metric.cloned_metric","deprecated":"0","summary":"","isProduction":1,"title":"sum
        of Lines Changed","category":"metric","updated":"2019-01-21 20:04:42","contributor":"/gdc/account/profile/5ad80b895edcc438e5a4418e222733fa"}}}]}}'
    http_version: 
  recorded_at: Mon, 21 Jan 2019 19:06:17 GMT
- request:
    method: post
    uri: https://staging2-lcm-prod.intgdc.com/gdc/md/kox3qimhjpq0mbp0g8q6qkqiv0wbapxp/obj
    body:
      encoding: UTF-8
      string: '{"reportDefinition":{"content":{"grid":{"sort":{"columns":[],"rows":[]},"columnWidths":[],"columns":["metricGroup"],"metrics":[{"alias":"My
        metric","uri":"/gdc/md/kox3qimhjpq0mbp0g8q6qkqiv0wbapxp/obj/269"}],"rows":[]},"format":"grid","filters":[]},"meta":{"tags":"","summary":"","title":"Untitled
        report definition"}}}'
    headers:
      Accept:
      - application/json, application/zip
      Accept-Encoding:
      - gzip, deflate
      User-Agent:
      - gooddata-gem/1.3.6/x86_64-linux/2.3.6
      Content-Type:
      - application/json
      X-Gdc-Authtt:
      - "<X_GDC_AUTHTT>"
      X-Gdc-Request:
      - ":MI5onfuWjw3LK8LA44DUlw:fFdzbNLOYkYxdb7zzDr4jA"
      Stats-On:
      - ''
      Content-Length:
      - '318'
      Host:
      - staging2-lcm-prod.intgdc.com
  response:
    status:
      code: 200
      message: OK
    headers:
      Date:
      - Mon, 21 Jan 2019 19:06:18 GMT
      Server:
      - GoodData WebApp
      Keep-Alive:
      - timeout=5, max=97
      X-Gdc-Log-Header:
      - ''
      Cache-Control:
      - no-cache, no-store, must-revalidate
      Content-Type:
      - application/json;charset=UTF-8
      X-Gdc-Request:
      - ":MI5onfuWjw3LK8LA44DUlw:fFdzbNLOYkYxdb7zzDr4jA:e7NXnuofZGuy7hkG"
      Vary:
      - origin
      X-Gdc-Request-Time:
      - '43'
      Transfer-Encoding:
      - chunked
      Strict-Transport-Security:
      - max-age=10886400; includeSubDomains; preload;
    body:
      encoding: ASCII-8BIT
      string: '{"uri":"/gdc/md/kox3qimhjpq0mbp0g8q6qkqiv0wbapxp/obj/297"}'
    http_version: 
  recorded_at: Mon, 21 Jan 2019 19:06:18 GMT
- request:
    method: get
    uri: https://staging2-lcm-prod.intgdc.com/gdc/md/kox3qimhjpq0mbp0g8q6qkqiv0wbapxp/obj/297
    body:
      encoding: US-ASCII
      string: ''
    headers:
      Accept:
      - application/json, application/zip
      Accept-Encoding:
      - gzip, deflate
      User-Agent:
      - gooddata-gem/1.3.6/x86_64-linux/2.3.6
      Content-Type:
      - application/json
      X-Gdc-Authtt:
      - "<X_GDC_AUTHTT>"
      X-Gdc-Request:
      - ":MI5onfuWjw3LK8LA44DUlw:uBADglhZKYzylZhTeF56Ew"
      Stats-On:
      - ''
      Host:
      - staging2-lcm-prod.intgdc.com
  response:
    status:
      code: 200
      message: OK
    headers:
      Date:
      - Mon, 21 Jan 2019 19:06:19 GMT
      Server:
      - GoodData WebApp
      Keep-Alive:
      - timeout=5, max=47
      X-Gdc-Log-Header:
      - ''
      Cache-Control:
      - no-cache, no-store, must-revalidate
      Content-Type:
      - application/json;charset=UTF-8
      X-Gdc-Request:
      - ":MI5onfuWjw3LK8LA44DUlw:uBADglhZKYzylZhTeF56Ew:gkCVDk5fA6VgtMwE"
      Vary:
      - origin
      X-Gdc-Request-Time:
      - '28'
      Transfer-Encoding:
      - chunked
      Strict-Transport-Security:
      - max-age=10886400; includeSubDomains; preload;
    body:
      encoding: ASCII-8BIT
      string: '{"reportDefinition":{"content":{"grid":{"sort":{"columns":[],"rows":[]},"columnWidths":[],"columns":["metricGroup"],"metrics":[{"alias":"My
        metric","uri":"/gdc/md/kox3qimhjpq0mbp0g8q6qkqiv0wbapxp/obj/269"}],"rows":[]},"format":"grid","filters":[]},"links":{"explain2":"/gdc/md/kox3qimhjpq0mbp0g8q6qkqiv0wbapxp/obj/297/explain2"},"meta":{"author":"/gdc/account/profile/5ad80b895edcc438e5a4418e222733fa","uri":"/gdc/md/kox3qimhjpq0mbp0g8q6qkqiv0wbapxp/obj/297","tags":"","created":"2019-01-21
        20:06:18","identifier":"acjYQjyPgP2D","deprecated":"0","summary":"","isProduction":1,"title":"Untitled
        report definition","category":"reportDefinition","updated":"2019-01-21 20:06:18","contributor":"/gdc/account/profile/5ad80b895edcc438e5a4418e222733fa"}}}'
    http_version: 
  recorded_at: Mon, 21 Jan 2019 19:06:19 GMT
- request:
    method: post
    uri: https://staging2-lcm-prod.intgdc.com/gdc/md/kox3qimhjpq0mbp0g8q6qkqiv0wbapxp/obj
    body:
      encoding: UTF-8
      string: '{"report":{"content":{"domains":[],"definitions":["/gdc/md/kox3qimhjpq0mbp0g8q6qkqiv0wbapxp/obj/297"]},"meta":{"tags":"","deprecated":"0","summary":"","title":"Report
        to delete"}}}'
    headers:
      Accept:
      - application/json, application/zip
      Accept-Encoding:
      - gzip, deflate
      User-Agent:
      - gooddata-gem/1.3.6/x86_64-linux/2.3.6
      Content-Type:
      - application/json
      X-Gdc-Authtt:
      - "<X_GDC_AUTHTT>"
      X-Gdc-Request:
      - ":MI5onfuWjw3LK8LA44DUlw:ARluCcC8arcFbqn6Y-1dyg"
      Stats-On:
      - ''
      Content-Length:
      - '180'
      Host:
      - staging2-lcm-prod.intgdc.com
  response:
    status:
      code: 200
      message: OK
    headers:
      Date:
      - Mon, 21 Jan 2019 19:06:20 GMT
      Server:
      - GoodData WebApp
      Keep-Alive:
      - timeout=5, max=75
      X-Gdc-Log-Header:
      - ''
      Cache-Control:
      - no-cache, no-store, must-revalidate
      Content-Type:
      - application/json;charset=UTF-8
      X-Gdc-Request:
      - ":MI5onfuWjw3LK8LA44DUlw:ARluCcC8arcFbqn6Y-1dyg:Q1QUQ3DbLfMnQyhX"
      Vary:
      - origin
      X-Gdc-Request-Time:
      - '46'
      Transfer-Encoding:
      - chunked
      Strict-Transport-Security:
      - max-age=10886400; includeSubDomains; preload;
    body:
      encoding: ASCII-8BIT
      string: '{"uri":"/gdc/md/kox3qimhjpq0mbp0g8q6qkqiv0wbapxp/obj/298"}'
    http_version: 
  recorded_at: Mon, 21 Jan 2019 19:06:20 GMT
- request:
    method: get
    uri: https://staging2-lcm-prod.intgdc.com/gdc/md/kox3qimhjpq0mbp0g8q6qkqiv0wbapxp/obj/298
    body:
      encoding: US-ASCII
      string: ''
    headers:
      Accept:
      - application/json, application/zip
      Accept-Encoding:
      - gzip, deflate
      User-Agent:
      - gooddata-gem/1.3.6/x86_64-linux/2.3.6
      Content-Type:
      - application/json
      X-Gdc-Authtt:
      - "<X_GDC_AUTHTT>"
      X-Gdc-Request:
      - ":MI5onfuWjw3LK8LA44DUlw:n62SaE4Pq8M5_tbbgFFlyw"
      Stats-On:
      - ''
      Host:
      - staging2-lcm-prod.intgdc.com
  response:
    status:
      code: 200
      message: OK
    headers:
      Date:
      - Mon, 21 Jan 2019 19:06:21 GMT
      Server:
      - GoodData WebApp
      Keep-Alive:
      - timeout=5, max=85
      X-Gdc-Log-Header:
      - ''
      Cache-Control:
      - no-cache, no-store, must-revalidate
      Content-Type:
      - application/json;charset=UTF-8
      X-Gdc-Request:
      - ":MI5onfuWjw3LK8LA44DUlw:n62SaE4Pq8M5_tbbgFFlyw:RwSyOQTSkiQEqniW"
      Vary:
      - origin
      X-Gdc-Request-Time:
      - '31'
      Transfer-Encoding:
      - chunked
      Strict-Transport-Security:
      - max-age=10886400; includeSubDomains; preload;
    body:
      encoding: ASCII-8BIT
      string: '{"report":{"content":{"domains":[],"definitions":["/gdc/md/kox3qimhjpq0mbp0g8q6qkqiv0wbapxp/obj/297"]},"meta":{"author":"/gdc/account/profile/5ad80b895edcc438e5a4418e222733fa","uri":"/gdc/md/kox3qimhjpq0mbp0g8q6qkqiv0wbapxp/obj/298","tags":"","created":"2019-01-21
        20:06:20","identifier":"abqYQZxKim2m","deprecated":"0","summary":"","isProduction":1,"title":"Report
        to delete","category":"report","updated":"2019-01-21 20:06:20","contributor":"/gdc/account/profile/5ad80b895edcc438e5a4418e222733fa"}}}'
    http_version: 
  recorded_at: Mon, 21 Jan 2019 19:06:21 GMT
- request:
    method: put
    uri: https://staging2-lcm-prod.intgdc.com/gdc/md/kox3qimhjpq0mbp0g8q6qkqiv0wbapxp/obj/298
    body:
      encoding: UTF-8
      string: '{"report":{"content":{"domains":[],"definitions":["/gdc/md/kox3qimhjpq0mbp0g8q6qkqiv0wbapxp/obj/297"]},"meta":{"author":"/gdc/account/profile/5ad80b895edcc438e5a4418e222733fa","uri":"/gdc/md/kox3qimhjpq0mbp0g8q6qkqiv0wbapxp/obj/298","tags":"","created":"2019-01-21
        20:06:20","identifier":"abqYQZxKim2m","deprecated":"0","summary":"","isProduction":1,"title":"Report
        to delete","category":"report","updated":"2019-01-21 20:06:20","contributor":"/gdc/account/profile/5ad80b895edcc438e5a4418e222733fa"}}}'
    headers:
      Accept:
      - application/json, application/zip
      Accept-Encoding:
      - gzip, deflate
      User-Agent:
      - gooddata-gem/1.3.6/x86_64-linux/2.3.6
      Content-Type:
      - application/json
      X-Gdc-Authtt:
      - "<X_GDC_AUTHTT>"
      X-Gdc-Request:
      - ":MI5onfuWjw3LK8LA44DUlw:Tg4IRN-cjBsyt56VqGS1jA"
      Stats-On:
      - ''
      Content-Length:
      - '501'
      Host:
      - staging2-lcm-prod.intgdc.com
  response:
    status:
      code: 200
      message: OK
    headers:
      Date:
      - Mon, 21 Jan 2019 19:06:22 GMT
      Server:
      - GoodData WebApp
      Keep-Alive:
      - timeout=5, max=86
      X-Gdc-Log-Header:
      - ''
      Cache-Control:
      - no-cache, no-store, must-revalidate
      Content-Type:
      - application/json;charset=UTF-8
      X-Gdc-Request:
      - ":MI5onfuWjw3LK8LA44DUlw:Tg4IRN-cjBsyt56VqGS1jA:cg1351KPPQ6jNzPf"
      Vary:
      - origin
      X-Gdc-Request-Time:
      - '61'
      Transfer-Encoding:
      - chunked
      Strict-Transport-Security:
      - max-age=10886400; includeSubDomains; preload;
    body:
      encoding: ASCII-8BIT
      string: '{"uri":"/gdc/md/kox3qimhjpq0mbp0g8q6qkqiv0wbapxp/obj/298"}'
    http_version: 
  recorded_at: Mon, 21 Jan 2019 19:06:22 GMT
- request:
    method: get
    uri: https://staging2-lcm-prod.intgdc.com/gdc/md/kox3qimhjpq0mbp0g8q6qkqiv0wbapxp/obj/297
    body:
      encoding: US-ASCII
      string: ''
    headers:
      Accept:
      - application/json, application/zip
      Accept-Encoding:
      - gzip, deflate
      User-Agent:
      - gooddata-gem/1.3.6/x86_64-linux/2.3.6
      Content-Type:
      - application/json
      X-Gdc-Authtt:
      - "<X_GDC_AUTHTT>"
      X-Gdc-Request:
      - ":MI5onfuWjw3LK8LA44DUlw:x9GV1ryxYPIP5bl0HM4ufQ"
      Stats-On:
      - ''
      Host:
      - staging2-lcm-prod.intgdc.com
  response:
    status:
      code: 200
      message: OK
    headers:
      Date:
      - Mon, 21 Jan 2019 19:06:23 GMT
      Server:
      - GoodData WebApp
      Keep-Alive:
      - timeout=5, max=97
      X-Gdc-Log-Header:
      - ''
      Cache-Control:
      - no-cache, no-store, must-revalidate
      Content-Type:
      - application/json;charset=UTF-8
      X-Gdc-Request:
      - ":MI5onfuWjw3LK8LA44DUlw:x9GV1ryxYPIP5bl0HM4ufQ:KAjuOLYnT769lqE4"
      Vary:
      - origin
      X-Gdc-Request-Time:
      - '30'
      Transfer-Encoding:
      - chunked
      Strict-Transport-Security:
      - max-age=10886400; includeSubDomains; preload;
    body:
      encoding: ASCII-8BIT
      string: '{"reportDefinition":{"content":{"grid":{"sort":{"columns":[],"rows":[]},"columnWidths":[],"columns":["metricGroup"],"metrics":[{"alias":"My
        metric","uri":"/gdc/md/kox3qimhjpq0mbp0g8q6qkqiv0wbapxp/obj/269"}],"rows":[]},"format":"grid","filters":[]},"links":{"explain2":"/gdc/md/kox3qimhjpq0mbp0g8q6qkqiv0wbapxp/obj/297/explain2"},"meta":{"author":"/gdc/account/profile/5ad80b895edcc438e5a4418e222733fa","uri":"/gdc/md/kox3qimhjpq0mbp0g8q6qkqiv0wbapxp/obj/297","tags":"","created":"2019-01-21
        20:06:18","identifier":"acjYQjyPgP2D","deprecated":"0","summary":"","isProduction":1,"title":"Untitled
        report definition","category":"reportDefinition","updated":"2019-01-21 20:06:18","contributor":"/gdc/account/profile/5ad80b895edcc438e5a4418e222733fa"}}}'
    http_version: 
  recorded_at: Mon, 21 Jan 2019 19:06:23 GMT
- request:
    method: delete
    uri: https://staging2-lcm-prod.intgdc.com/gdc/md/kox3qimhjpq0mbp0g8q6qkqiv0wbapxp/obj/298
    body:
      encoding: US-ASCII
      string: ''
    headers:
      Accept:
      - application/json, application/zip
      Accept-Encoding:
      - gzip, deflate
      User-Agent:
      - gooddata-gem/1.3.6/x86_64-linux/2.3.6
      Content-Type:
      - application/json
      X-Gdc-Authtt:
      - "<X_GDC_AUTHTT>"
      X-Gdc-Request:
      - ":MI5onfuWjw3LK8LA44DUlw:YlBOErLpOELQRyC_uYNgpg"
      Stats-On:
      - ''
      Host:
      - staging2-lcm-prod.intgdc.com
  response:
    status:
      code: 204
      message: No Content
    headers:
      Date:
      - Mon, 21 Jan 2019 19:06:24 GMT
      Server:
      - GoodData WebApp
      Keep-Alive:
      - timeout=5, max=63
      X-Gdc-Log-Header:
      - ''
      Cache-Control:
      - no-cache, no-store, must-revalidate
      X-Gdc-Request-Time:
      - '66'
      X-Gdc-Request:
      - ":MI5onfuWjw3LK8LA44DUlw:YlBOErLpOELQRyC_uYNgpg:p6LCTgg1eBidpTH1"
      Vary:
      - origin
      Strict-Transport-Security:
      - max-age=10886400; includeSubDomains; preload;
    body:
      encoding: UTF-8
      string: ''
    http_version: 
  recorded_at: Mon, 21 Jan 2019 19:06:24 GMT
- request:
    method: delete
    uri: https://staging2-lcm-prod.intgdc.com/gdc/md/kox3qimhjpq0mbp0g8q6qkqiv0wbapxp/obj/297
    body:
      encoding: US-ASCII
      string: ''
    headers:
      Accept:
      - application/json, application/zip
      Accept-Encoding:
      - gzip, deflate
      User-Agent:
      - gooddata-gem/1.3.6/x86_64-linux/2.3.6
      Content-Type:
      - application/json
      X-Gdc-Authtt:
      - "<X_GDC_AUTHTT>"
      X-Gdc-Request:
      - ":MI5onfuWjw3LK8LA44DUlw:Gwr72PoY-XU-ImVcWqs_7A"
      Stats-On:
      - ''
      Host:
      - staging2-lcm-prod.intgdc.com
  response:
    status:
      code: 204
      message: No Content
    headers:
      Date:
      - Mon, 21 Jan 2019 19:06:25 GMT
      Server:
      - GoodData WebApp
      Keep-Alive:
      - timeout=5, max=75
      X-Gdc-Log-Header:
      - ''
      Cache-Control:
      - no-cache, no-store, must-revalidate
      X-Gdc-Request-Time:
      - '54'
      X-Gdc-Request:
      - ":MI5onfuWjw3LK8LA44DUlw:Gwr72PoY-XU-ImVcWqs_7A:tqpubONBLfgqVLg1"
      Vary:
      - origin
      Strict-Transport-Security:
      - max-age=10886400; includeSubDomains; preload;
    body:
      encoding: UTF-8
      string: ''
    http_version: 
  recorded_at: Mon, 21 Jan 2019 19:06:25 GMT
- request:
    method: get
    uri: https://staging2-lcm-prod.intgdc.com/gdc/md/kox3qimhjpq0mbp0g8q6qkqiv0wbapxp/obj/297
    body:
      encoding: US-ASCII
      string: ''
    headers:
      Accept:
      - application/json, application/zip
      Accept-Encoding:
      - gzip, deflate
      User-Agent:
      - gooddata-gem/1.3.6/x86_64-linux/2.3.6
      Content-Type:
      - application/json
      X-Gdc-Authtt:
      - "<X_GDC_AUTHTT>"
      X-Gdc-Request:
      - ":MI5onfuWjw3LK8LA44DUlw:IkWG68Gp9sZzWzLxO9xMDA"
      Stats-On:
      - ''
      Host:
      - staging2-lcm-prod.intgdc.com
  response:
    status:
      code: 404
      message: Not Found
    headers:
      Date:
      - Mon, 21 Jan 2019 19:06:26 GMT
      Server:
      - GoodData WebApp
      Expires:
      - Mon, 26 Jul 1997 05:00:00 GMT
      Cache-Control:
      - no-store, no-cache, must-revalidate, max-age=0
      Pragma:
      - no-cache
      Keep-Alive:
      - timeout=5, max=92
      X-Gdc-Log-Header:
      - ''
      Content-Type:
      - application/json;charset=UTF-8
      X-Gdc-Request:
      - ":MI5onfuWjw3LK8LA44DUlw:IkWG68Gp9sZzWzLxO9xMDA:Gvkakg0rxcsAW0Ls"
      Vary:
      - origin
      X-Gdc-Request-Time:
      - '32'
      Transfer-Encoding:
      - chunked
      Strict-Transport-Security:
      - max-age=10886400; includeSubDomains; preload;
    body:
      encoding: ASCII-8BIT
      string: '{"error":{"parameters":["297"],"requestId":":MI5onfuWjw3LK8LA44DUlw:IkWG68Gp9sZzWzLxO9xMDA:Gvkakg0rxcsAW0Ls:zeeTeJ9CAecGyxe7:er1tacizqim3iecg","component":"Resource::Obj::Service","errorClass":"GDC::Exception::NotFound","message":"Object
        ID %s not found"}}'
    http_version: 
  recorded_at: Mon, 21 Jan 2019 19:06:27 GMT
- request:
    method: get
    uri: https://staging2-lcm-prod.intgdc.com/gdc/md/l40ehvu3qvgnvwytea4yt8ml2lnlqwec/objects/query?category=metric&limit=50&offset=0
    body:
      encoding: US-ASCII
      string: ''
    headers:
      Accept:
      - application/json, application/zip
      Accept-Encoding:
      - gzip, deflate
      User-Agent:
      - gooddata-gem/1.3.6/x86_64-linux/2.3.6
      Content-Type:
      - application/json
      X-Gdc-Authtt:
      - "<X_GDC_AUTHTT>"
      X-Gdc-Request:
      - ":5nkIgsVhoFUfrtJPVTipNw:NdKxTW8wW3dZ_JjwM6-NLg"
      Stats-On:
      - ''
      Host:
      - staging2-lcm-prod.intgdc.com
  response:
    status:
      code: 200
      message: OK
    headers:
      Date:
      - Mon, 21 Jan 2019 19:39:30 GMT
      Server:
      - GoodData WebApp
      Keep-Alive:
      - timeout=5, max=64
      X-Gdc-Log-Header:
      - ''
      Cache-Control:
      - no-cache, no-store, must-revalidate
      Content-Type:
      - application/json;charset=UTF-8
      Transfer-Encoding:
      - chunked
      Vary:
      - Accept-Encoding
      - origin
      X-Gdc-Request:
      - ":5nkIgsVhoFUfrtJPVTipNw:NdKxTW8wW3dZ_JjwM6-NLg:dIXsIpcFBYc76iu5"
      X-Gdc-Request-Time:
      - '46'
      Strict-Transport-Security:
      - max-age=10886400; includeSubDomains; preload;
    body:
      encoding: ASCII-8BIT
      string: '{"objects":{"paging":{"count":4,"offset":0},"items":[{"metric":{"content":{"format":"#,##0","tree":{"content":[{"content":[{"value":"SUM","content":[{"value":"/gdc/md/l40ehvu3qvgnvwytea4yt8ml2lnlqwec/obj/223","position":{"column":25,"line":1},"type":"fact
        object"}],"position":{"column":21,"line":1},"type":"function"}],"position":{"column":21,"line":1},"type":"expression"}],"position":{"column":14,"line":1},"type":"metric"},"expression":"SELECT
        SUM([/gdc/md/l40ehvu3qvgnvwytea4yt8ml2lnlqwec/obj/223])"},"links":{"explain2":"/gdc/md/l40ehvu3qvgnvwytea4yt8ml2lnlqwec/obj/269/explain2"},"meta":{"author":"/gdc/account/profile/5ad80b895edcc438e5a4418e222733fa","uri":"/gdc/md/l40ehvu3qvgnvwytea4yt8ml2lnlqwec/obj/269","tags":"","created":"2019-01-21
        20:32:18","identifier":"acAYW2L2aOPh","deprecated":"0","summary":"","isProduction":1,"title":"My
        metric","category":"metric","updated":"2019-01-21 20:32:43","contributor":"/gdc/account/profile/5ad80b895edcc438e5a4418e222733fa"}}},{"metric":{"content":{"format":"#,##0","tree":{"content":[{"content":[{"value":"COUNT","content":[{"value":"/gdc/md/l40ehvu3qvgnvwytea4yt8ml2lnlqwec/obj/216","position":{"column":27,"line":1},"type":"attribute
        object"}],"position":{"column":21,"line":1},"type":"function"}],"position":{"column":21,"line":1},"type":"expression"}],"position":{"column":14,"line":1},"type":"metric"},"expression":"SELECT
        COUNT([/gdc/md/l40ehvu3qvgnvwytea4yt8ml2lnlqwec/obj/216])"},"links":{"explain2":"/gdc/md/l40ehvu3qvgnvwytea4yt8ml2lnlqwec/obj/291/explain2"},"meta":{"author":"/gdc/account/profile/5ad80b895edcc438e5a4418e222733fa","uri":"/gdc/md/l40ehvu3qvgnvwytea4yt8ml2lnlqwec/obj/291","tags":"","created":"2019-01-21
        20:35:21","identifier":"abiYX62gaZqb","deprecated":"0","summary":"","isProduction":1,"title":"My
        test metric","category":"metric","updated":"2019-01-21 20:35:25","contributor":"/gdc/account/profile/5ad80b895edcc438e5a4418e222733fa"}}},{"metric":{"content":{"format":"#,##0","tree":{"content":[{"content":[{"value":"COUNT","content":[{"value":"/gdc/md/l40ehvu3qvgnvwytea4yt8ml2lnlqwec/obj/216","position":{"column":27,"line":1},"type":"attribute
        object"}],"position":{"column":21,"line":1},"type":"function"}],"position":{"column":21,"line":1},"type":"expression"}],"position":{"column":14,"line":1},"type":"metric"},"expression":"SELECT
        COUNT([/gdc/md/l40ehvu3qvgnvwytea4yt8ml2lnlqwec/obj/216])"},"links":{"explain2":"/gdc/md/l40ehvu3qvgnvwytea4yt8ml2lnlqwec/obj/293/explain2"},"meta":{"author":"/gdc/account/profile/5ad80b895edcc438e5a4418e222733fa","uri":"/gdc/md/l40ehvu3qvgnvwytea4yt8ml2lnlqwec/obj/293","tags":"","created":"2019-01-21
        20:37:09","identifier":"aabYZBmlibqG","deprecated":"0","summary":"","isProduction":1,"title":"Clone
        of My test metric","category":"metric","updated":"2019-01-21 20:35:25","contributor":"/gdc/account/profile/5ad80b895edcc438e5a4418e222733fa"}}},{"metric":{"content":{"format":"#,##0","tree":{"content":[{"content":[{"value":"SUM","content":[{"value":"/gdc/md/l40ehvu3qvgnvwytea4yt8ml2lnlqwec/obj/223","position":{"column":25,"line":1},"type":"fact
        object"}],"position":{"column":21,"line":1},"type":"function"}],"position":{"column":21,"line":1},"type":"expression"}],"position":{"column":14,"line":1},"type":"metric"},"expression":"SELECT
        SUM([/gdc/md/l40ehvu3qvgnvwytea4yt8ml2lnlqwec/obj/223])"},"links":{"explain2":"/gdc/md/l40ehvu3qvgnvwytea4yt8ml2lnlqwec/obj/294/explain2"},"meta":{"author":"/gdc/account/profile/5ad80b895edcc438e5a4418e222733fa","uri":"/gdc/md/l40ehvu3qvgnvwytea4yt8ml2lnlqwec/obj/294","tags":"","created":"2019-01-21
        20:37:57","identifier":"metric.cloned_metric","deprecated":"0","summary":"","isProduction":1,"title":"sum
        of Lines Changed","category":"metric","updated":"2019-01-21 20:37:58","contributor":"/gdc/account/profile/5ad80b895edcc438e5a4418e222733fa"}}}]}}'
    http_version: 
  recorded_at: Mon, 21 Jan 2019 19:39:30 GMT
- request:
    method: post
    uri: https://staging2-lcm-prod.intgdc.com/gdc/md/l40ehvu3qvgnvwytea4yt8ml2lnlqwec/obj
    body:
      encoding: UTF-8
      string: '{"reportDefinition":{"content":{"grid":{"sort":{"columns":[],"rows":[]},"columnWidths":[],"columns":["metricGroup"],"metrics":[{"alias":"My
        metric","uri":"/gdc/md/l40ehvu3qvgnvwytea4yt8ml2lnlqwec/obj/269"}],"rows":[]},"format":"grid","filters":[]},"meta":{"tags":"","summary":"","title":"Untitled
        report definition"}}}'
    headers:
      Accept:
      - application/json, application/zip
      Accept-Encoding:
      - gzip, deflate
      User-Agent:
      - gooddata-gem/1.3.6/x86_64-linux/2.3.6
      Content-Type:
      - application/json
      X-Gdc-Authtt:
      - "<X_GDC_AUTHTT>"
      X-Gdc-Request:
      - ":5nkIgsVhoFUfrtJPVTipNw:dihdk7tB9HWL6duIqc802A"
      Stats-On:
      - ''
      Content-Length:
      - '318'
      Host:
      - staging2-lcm-prod.intgdc.com
  response:
    status:
      code: 200
      message: OK
    headers:
      Date:
      - Mon, 21 Jan 2019 19:39:31 GMT
      Server:
      - GoodData WebApp
      Keep-Alive:
      - timeout=5, max=99
      X-Gdc-Log-Header:
      - ''
      Cache-Control:
      - no-cache, no-store, must-revalidate
      Content-Type:
      - application/json;charset=UTF-8
      X-Gdc-Request:
      - ":5nkIgsVhoFUfrtJPVTipNw:dihdk7tB9HWL6duIqc802A:cedQTmtznxK9ux9N"
      Vary:
      - origin
      X-Gdc-Request-Time:
      - '53'
      Transfer-Encoding:
      - chunked
      Strict-Transport-Security:
      - max-age=10886400; includeSubDomains; preload;
    body:
      encoding: ASCII-8BIT
      string: '{"uri":"/gdc/md/l40ehvu3qvgnvwytea4yt8ml2lnlqwec/obj/297"}'
    http_version: 
  recorded_at: Mon, 21 Jan 2019 19:39:31 GMT
- request:
    method: get
    uri: https://staging2-lcm-prod.intgdc.com/gdc/md/l40ehvu3qvgnvwytea4yt8ml2lnlqwec/obj/297
    body:
      encoding: US-ASCII
      string: ''
    headers:
      Accept:
      - application/json, application/zip
      Accept-Encoding:
      - gzip, deflate
      User-Agent:
      - gooddata-gem/1.3.6/x86_64-linux/2.3.6
      Content-Type:
      - application/json
      X-Gdc-Authtt:
      - "<X_GDC_AUTHTT>"
      X-Gdc-Request:
      - ":5nkIgsVhoFUfrtJPVTipNw:4G6A_mcHXYFtGUvLunvp3Q"
      Stats-On:
      - ''
      Host:
      - staging2-lcm-prod.intgdc.com
  response:
    status:
      code: 200
      message: OK
    headers:
      Date:
      - Mon, 21 Jan 2019 19:39:32 GMT
      Server:
      - GoodData WebApp
      Keep-Alive:
      - timeout=5, max=95
      X-Gdc-Log-Header:
      - ''
      Cache-Control:
      - no-cache, no-store, must-revalidate
      Content-Type:
      - application/json;charset=UTF-8
      X-Gdc-Request:
      - ":5nkIgsVhoFUfrtJPVTipNw:4G6A_mcHXYFtGUvLunvp3Q:pe1NE4OsRLZT7KUs"
      Vary:
      - origin
      X-Gdc-Request-Time:
      - '37'
      Transfer-Encoding:
      - chunked
      Strict-Transport-Security:
      - max-age=10886400; includeSubDomains; preload;
    body:
      encoding: ASCII-8BIT
      string: '{"reportDefinition":{"content":{"grid":{"sort":{"columns":[],"rows":[]},"columnWidths":[],"columns":["metricGroup"],"metrics":[{"alias":"My
        metric","uri":"/gdc/md/l40ehvu3qvgnvwytea4yt8ml2lnlqwec/obj/269"}],"rows":[]},"format":"grid","filters":[]},"links":{"explain2":"/gdc/md/l40ehvu3qvgnvwytea4yt8ml2lnlqwec/obj/297/explain2"},"meta":{"author":"/gdc/account/profile/5ad80b895edcc438e5a4418e222733fa","uri":"/gdc/md/l40ehvu3qvgnvwytea4yt8ml2lnlqwec/obj/297","tags":"","created":"2019-01-21
        20:39:31","identifier":"aabY0ciIfSOU","deprecated":"0","summary":"","isProduction":1,"title":"Untitled
        report definition","category":"reportDefinition","updated":"2019-01-21 20:39:31","contributor":"/gdc/account/profile/5ad80b895edcc438e5a4418e222733fa"}}}'
    http_version: 
  recorded_at: Mon, 21 Jan 2019 19:39:32 GMT
- request:
    method: post
    uri: https://staging2-lcm-prod.intgdc.com/gdc/md/l40ehvu3qvgnvwytea4yt8ml2lnlqwec/obj
    body:
      encoding: UTF-8
      string: '{"report":{"content":{"domains":[],"definitions":["/gdc/md/l40ehvu3qvgnvwytea4yt8ml2lnlqwec/obj/297"]},"meta":{"tags":"","deprecated":"0","summary":"","title":"Report
        to delete"}}}'
    headers:
      Accept:
      - application/json, application/zip
      Accept-Encoding:
      - gzip, deflate
      User-Agent:
      - gooddata-gem/1.3.6/x86_64-linux/2.3.6
      Content-Type:
      - application/json
      X-Gdc-Authtt:
      - "<X_GDC_AUTHTT>"
      X-Gdc-Request:
      - ":5nkIgsVhoFUfrtJPVTipNw:kV0JfUGuMpy3lYCLoMa7Ng"
      Stats-On:
      - ''
      Content-Length:
      - '180'
      Host:
      - staging2-lcm-prod.intgdc.com
  response:
    status:
      code: 200
      message: OK
    headers:
      Date:
      - Mon, 21 Jan 2019 19:39:33 GMT
      Server:
      - GoodData WebApp
      Keep-Alive:
      - timeout=5, max=98
      X-Gdc-Log-Header:
      - ''
      Cache-Control:
      - no-cache, no-store, must-revalidate
      Content-Type:
      - application/json;charset=UTF-8
      X-Gdc-Request:
      - ":5nkIgsVhoFUfrtJPVTipNw:kV0JfUGuMpy3lYCLoMa7Ng:brPXDAVtPvbUQw5o"
      Vary:
      - origin
      X-Gdc-Request-Time:
      - '51'
      Transfer-Encoding:
      - chunked
      Strict-Transport-Security:
      - max-age=10886400; includeSubDomains; preload;
    body:
      encoding: ASCII-8BIT
      string: '{"uri":"/gdc/md/l40ehvu3qvgnvwytea4yt8ml2lnlqwec/obj/298"}'
    http_version: 
  recorded_at: Mon, 21 Jan 2019 19:39:33 GMT
- request:
    method: get
    uri: https://staging2-lcm-prod.intgdc.com/gdc/md/l40ehvu3qvgnvwytea4yt8ml2lnlqwec/obj/298
    body:
      encoding: US-ASCII
      string: ''
    headers:
      Accept:
      - application/json, application/zip
      Accept-Encoding:
      - gzip, deflate
      User-Agent:
      - gooddata-gem/1.3.6/x86_64-linux/2.3.6
      Content-Type:
      - application/json
      X-Gdc-Authtt:
      - "<X_GDC_AUTHTT>"
      X-Gdc-Request:
      - ":5nkIgsVhoFUfrtJPVTipNw:t131Y77bD-_4pHf06Fzklw"
      Stats-On:
      - ''
      Host:
      - staging2-lcm-prod.intgdc.com
  response:
    status:
      code: 200
      message: OK
    headers:
      Date:
      - Mon, 21 Jan 2019 19:39:34 GMT
      Server:
      - GoodData WebApp
      Keep-Alive:
      - timeout=5, max=78
      X-Gdc-Log-Header:
      - ''
      Cache-Control:
      - no-cache, no-store, must-revalidate
      Content-Type:
      - application/json;charset=UTF-8
      X-Gdc-Request:
      - ":5nkIgsVhoFUfrtJPVTipNw:t131Y77bD-_4pHf06Fzklw:wU2N4jxVN1w7hwfA"
      Vary:
      - origin
      X-Gdc-Request-Time:
      - '31'
      Transfer-Encoding:
      - chunked
      Strict-Transport-Security:
      - max-age=10886400; includeSubDomains; preload;
    body:
      encoding: ASCII-8BIT
      string: '{"report":{"content":{"domains":[],"definitions":["/gdc/md/l40ehvu3qvgnvwytea4yt8ml2lnlqwec/obj/297"]},"meta":{"author":"/gdc/account/profile/5ad80b895edcc438e5a4418e222733fa","uri":"/gdc/md/l40ehvu3qvgnvwytea4yt8ml2lnlqwec/obj/298","tags":"","created":"2019-01-21
        20:39:33","identifier":"adiYX78QhX7Q","deprecated":"0","summary":"","isProduction":1,"title":"Report
        to delete","category":"report","updated":"2019-01-21 20:39:33","contributor":"/gdc/account/profile/5ad80b895edcc438e5a4418e222733fa"}}}'
    http_version: 
  recorded_at: Mon, 21 Jan 2019 19:39:34 GMT
- request:
    method: put
    uri: https://staging2-lcm-prod.intgdc.com/gdc/md/l40ehvu3qvgnvwytea4yt8ml2lnlqwec/obj/298
    body:
      encoding: UTF-8
      string: '{"report":{"content":{"domains":[],"definitions":["/gdc/md/l40ehvu3qvgnvwytea4yt8ml2lnlqwec/obj/297"]},"meta":{"author":"/gdc/account/profile/5ad80b895edcc438e5a4418e222733fa","uri":"/gdc/md/l40ehvu3qvgnvwytea4yt8ml2lnlqwec/obj/298","tags":"","created":"2019-01-21
        20:39:33","identifier":"adiYX78QhX7Q","deprecated":"0","summary":"","isProduction":1,"title":"Report
        to delete","category":"report","updated":"2019-01-21 20:39:33","contributor":"/gdc/account/profile/5ad80b895edcc438e5a4418e222733fa"}}}'
    headers:
      Accept:
      - application/json, application/zip
      Accept-Encoding:
      - gzip, deflate
      User-Agent:
      - gooddata-gem/1.3.6/x86_64-linux/2.3.6
      Content-Type:
      - application/json
      X-Gdc-Authtt:
      - "<X_GDC_AUTHTT>"
      X-Gdc-Request:
      - ":5nkIgsVhoFUfrtJPVTipNw:MfZ8655MGFSUBZrZ190OCA"
      Stats-On:
      - ''
      Content-Length:
      - '501'
      Host:
      - staging2-lcm-prod.intgdc.com
  response:
    status:
      code: 200
      message: OK
    headers:
      Date:
      - Mon, 21 Jan 2019 19:39:35 GMT
      Server:
      - GoodData WebApp
      Keep-Alive:
      - timeout=5, max=90
      X-Gdc-Log-Header:
      - ''
      Cache-Control:
      - no-cache, no-store, must-revalidate
      Content-Type:
      - application/json;charset=UTF-8
      X-Gdc-Request:
      - ":5nkIgsVhoFUfrtJPVTipNw:MfZ8655MGFSUBZrZ190OCA:rrHnIeYTmaLGo76y"
      Vary:
      - origin
      X-Gdc-Request-Time:
      - '55'
      Transfer-Encoding:
      - chunked
      Strict-Transport-Security:
      - max-age=10886400; includeSubDomains; preload;
    body:
      encoding: ASCII-8BIT
      string: '{"uri":"/gdc/md/l40ehvu3qvgnvwytea4yt8ml2lnlqwec/obj/298"}'
    http_version: 
  recorded_at: Mon, 21 Jan 2019 19:39:35 GMT
- request:
    method: get
    uri: https://staging2-lcm-prod.intgdc.com/gdc/md/l40ehvu3qvgnvwytea4yt8ml2lnlqwec/obj/297
    body:
      encoding: US-ASCII
      string: ''
    headers:
      Accept:
      - application/json, application/zip
      Accept-Encoding:
      - gzip, deflate
      User-Agent:
      - gooddata-gem/1.3.6/x86_64-linux/2.3.6
      Content-Type:
      - application/json
      X-Gdc-Authtt:
      - "<X_GDC_AUTHTT>"
      X-Gdc-Request:
      - ":5nkIgsVhoFUfrtJPVTipNw:sap9Cks9fLJD51RSlpeh1Q"
      Stats-On:
      - ''
      Host:
      - staging2-lcm-prod.intgdc.com
  response:
    status:
      code: 200
      message: OK
    headers:
      Date:
      - Mon, 21 Jan 2019 19:39:36 GMT
      Server:
      - GoodData WebApp
      Keep-Alive:
      - timeout=5, max=40
      X-Gdc-Log-Header:
      - ''
      Cache-Control:
      - no-cache, no-store, must-revalidate
      Content-Type:
      - application/json;charset=UTF-8
      X-Gdc-Request:
      - ":5nkIgsVhoFUfrtJPVTipNw:sap9Cks9fLJD51RSlpeh1Q:FLyG648zsf1hqxEN"
      Vary:
      - origin
      X-Gdc-Request-Time:
      - '29'
      Transfer-Encoding:
      - chunked
      Strict-Transport-Security:
      - max-age=10886400; includeSubDomains; preload;
    body:
      encoding: ASCII-8BIT
      string: '{"reportDefinition":{"content":{"grid":{"sort":{"columns":[],"rows":[]},"columnWidths":[],"columns":["metricGroup"],"metrics":[{"alias":"My
        metric","uri":"/gdc/md/l40ehvu3qvgnvwytea4yt8ml2lnlqwec/obj/269"}],"rows":[]},"format":"grid","filters":[]},"links":{"explain2":"/gdc/md/l40ehvu3qvgnvwytea4yt8ml2lnlqwec/obj/297/explain2"},"meta":{"author":"/gdc/account/profile/5ad80b895edcc438e5a4418e222733fa","uri":"/gdc/md/l40ehvu3qvgnvwytea4yt8ml2lnlqwec/obj/297","tags":"","created":"2019-01-21
        20:39:31","identifier":"aabY0ciIfSOU","deprecated":"0","summary":"","isProduction":1,"title":"Untitled
        report definition","category":"reportDefinition","updated":"2019-01-21 20:39:31","contributor":"/gdc/account/profile/5ad80b895edcc438e5a4418e222733fa"}}}'
    http_version: 
  recorded_at: Mon, 21 Jan 2019 19:39:36 GMT
- request:
    method: delete
    uri: https://staging2-lcm-prod.intgdc.com/gdc/md/l40ehvu3qvgnvwytea4yt8ml2lnlqwec/obj/298
    body:
      encoding: US-ASCII
      string: ''
    headers:
      Accept:
      - application/json, application/zip
      Accept-Encoding:
      - gzip, deflate
      User-Agent:
      - gooddata-gem/1.3.6/x86_64-linux/2.3.6
      Content-Type:
      - application/json
      X-Gdc-Authtt:
      - "<X_GDC_AUTHTT>"
      X-Gdc-Request:
      - ":5nkIgsVhoFUfrtJPVTipNw:qNTzqxcOWUjXrYBvMLgKkw"
      Stats-On:
      - ''
      Host:
      - staging2-lcm-prod.intgdc.com
  response:
    status:
      code: 204
      message: No Content
    headers:
      Date:
      - Mon, 21 Jan 2019 19:39:37 GMT
      Server:
      - GoodData WebApp
      Keep-Alive:
      - timeout=5, max=100
      X-Gdc-Log-Header:
      - ''
      Cache-Control:
      - no-cache, no-store, must-revalidate
      X-Gdc-Request-Time:
      - '88'
      X-Gdc-Request:
      - ":5nkIgsVhoFUfrtJPVTipNw:qNTzqxcOWUjXrYBvMLgKkw:cMu3ZNeu36EQNoW4"
      Vary:
      - origin
      Strict-Transport-Security:
      - max-age=10886400; includeSubDomains; preload;
    body:
      encoding: UTF-8
      string: ''
    http_version: 
  recorded_at: Mon, 21 Jan 2019 19:39:37 GMT
- request:
    method: delete
    uri: https://staging2-lcm-prod.intgdc.com/gdc/md/l40ehvu3qvgnvwytea4yt8ml2lnlqwec/obj/297
    body:
      encoding: US-ASCII
      string: ''
    headers:
      Accept:
      - application/json, application/zip
      Accept-Encoding:
      - gzip, deflate
      User-Agent:
      - gooddata-gem/1.3.6/x86_64-linux/2.3.6
      Content-Type:
      - application/json
      X-Gdc-Authtt:
      - "<X_GDC_AUTHTT>"
      X-Gdc-Request:
      - ":5nkIgsVhoFUfrtJPVTipNw:aVduHZ81bTzmBgEH8wzSdQ"
      Stats-On:
      - ''
      Host:
      - staging2-lcm-prod.intgdc.com
  response:
    status:
      code: 204
      message: No Content
    headers:
      Date:
      - Mon, 21 Jan 2019 19:39:38 GMT
      Server:
      - GoodData WebApp
      Keep-Alive:
      - timeout=5, max=86
      X-Gdc-Log-Header:
      - ''
      Cache-Control:
      - no-cache, no-store, must-revalidate
      X-Gdc-Request-Time:
      - '50'
      X-Gdc-Request:
      - ":5nkIgsVhoFUfrtJPVTipNw:aVduHZ81bTzmBgEH8wzSdQ:3mN4qY0i68hdjiwJ"
      Vary:
      - origin
      Strict-Transport-Security:
      - max-age=10886400; includeSubDomains; preload;
    body:
      encoding: UTF-8
      string: ''
    http_version: 
  recorded_at: Mon, 21 Jan 2019 19:39:39 GMT
- request:
    method: get
    uri: https://staging2-lcm-prod.intgdc.com/gdc/md/l40ehvu3qvgnvwytea4yt8ml2lnlqwec/obj/297
    body:
      encoding: US-ASCII
      string: ''
    headers:
      Accept:
      - application/json, application/zip
      Accept-Encoding:
      - gzip, deflate
      User-Agent:
      - gooddata-gem/1.3.6/x86_64-linux/2.3.6
      Content-Type:
      - application/json
      X-Gdc-Authtt:
      - "<X_GDC_AUTHTT>"
      X-Gdc-Request:
      - ":5nkIgsVhoFUfrtJPVTipNw:MKXD8i4qY3T93deiWKndAA"
      Stats-On:
      - ''
      Host:
      - staging2-lcm-prod.intgdc.com
  response:
    status:
      code: 404
      message: Not Found
    headers:
      Date:
      - Mon, 21 Jan 2019 19:39:39 GMT
      Server:
      - GoodData WebApp
      Expires:
      - Mon, 26 Jul 1997 05:00:00 GMT
      Cache-Control:
      - no-store, no-cache, must-revalidate, max-age=0
      Pragma:
      - no-cache
      Keep-Alive:
      - timeout=5, max=79
      X-Gdc-Log-Header:
      - ''
      Content-Type:
      - application/json;charset=UTF-8
      X-Gdc-Request:
      - ":5nkIgsVhoFUfrtJPVTipNw:MKXD8i4qY3T93deiWKndAA:bCMoEBIGXivnAnUy"
      Vary:
      - origin
      X-Gdc-Request-Time:
      - '37'
      Transfer-Encoding:
      - chunked
      Strict-Transport-Security:
      - max-age=10886400; includeSubDomains; preload;
    body:
      encoding: ASCII-8BIT
      string: '{"error":{"parameters":["297"],"requestId":":5nkIgsVhoFUfrtJPVTipNw:MKXD8i4qY3T93deiWKndAA:bCMoEBIGXivnAnUy:QkyUMXMeXdUGd70Q:1cmwvdsjbypwzj4x","component":"Resource::Obj::Service","errorClass":"GDC::Exception::NotFound","message":"Object
        ID %s not found"}}'
    http_version: 
  recorded_at: Mon, 21 Jan 2019 19:39:40 GMT
recorded_with: VCR 4.0.0
