---
http_interactions:
- request:
    method: post
    uri: https://staging3-lcm-prod.intgdc.com/gdc/md/roqdh0atnyjbinu96lns32v0k79uhkpe/identifiers
    body:
      encoding: UTF-8
      string: '{"identifierToUri":["attr.comp.my_computed_attr"]}'
    headers:
      Accept:
      - application/json, application/zip
      Accept-Encoding:
      - gzip, deflate
      User-Agent:
      - gooddata-gem/1.3.6/x86_64-linux/2.3.6
      Content-Type:
      - application/json
      X-Gdc-Authtt:
      - "<X_GDC_AUTHTT>"
      X-Gdc-Request:
      - ":xPn2gFDlr9TCvWW5O_ZxqA:0DvIGSIQwj_dwPUitgb4GA"
      Stats-On:
      - ''
      Content-Length:
      - '50'
      Host:
      - staging3-lcm-prod.intgdc.com
  response:
    status:
      code: 200
      message: OK
    headers:
      Date:
      - Thu, 21 Feb 2019 09:58:51 GMT
      Server:
      - GoodData WebApp
      Keep-Alive:
      - timeout=5, max=71
      X-Gdc-Log-Header:
      - ''
      Cache-Control:
      - no-cache, no-store, must-revalidate
      Content-Type:
      - application/json;charset=UTF-8
      X-Gdc-Request:
      - ":xPn2gFDlr9TCvWW5O_ZxqA:0DvIGSIQwj_dwPUitgb4GA:4rnkhWOvI7zXPZqf"
      Vary:
      - origin
      X-Gdc-Request-Time:
      - '28'
      Transfer-Encoding:
      - chunked
      Strict-Transport-Security:
      - max-age=10886400; includeSubDomains; preload;
    body:
      encoding: ASCII-8BIT
      string: '{"identifiers":[{"identifier":"attr.comp.my_computed_attr","uri":"/gdc/md/roqdh0atnyjbinu96lns32v0k79uhkpe/obj/309"}]}'
    http_version: 
  recorded_at: Thu, 21 Feb 2019 09:58:51 GMT
- request:
    method: get
    uri: https://staging3-lcm-prod.intgdc.com/gdc/md/roqdh0atnyjbinu96lns32v0k79uhkpe/obj/309
    body:
      encoding: US-ASCII
      string: ''
    headers:
      Accept:
      - application/json, application/zip
      Accept-Encoding:
      - gzip, deflate
      User-Agent:
      - gooddata-gem/1.3.6/x86_64-linux/2.3.6
      Content-Type:
      - application/json
      X-Gdc-Authtt:
      - "<X_GDC_AUTHTT>"
      X-Gdc-Request:
      - ":xPn2gFDlr9TCvWW5O_ZxqA:X6ihpxTW1rb6JBX0f8bKPw"
      Stats-On:
      - ''
      Host:
      - staging3-lcm-prod.intgdc.com
  response:
    status:
      code: 200
      message: OK
    headers:
      Date:
      - Thu, 21 Feb 2019 09:58:51 GMT
      Server:
      - GoodData WebApp
      Keep-Alive:
      - timeout=5, max=66
      X-Gdc-Log-Header:
      - ''
      Cache-Control:
      - no-cache, no-store, must-revalidate
      Content-Type:
      - application/json;charset=UTF-8
      Transfer-Encoding:
      - chunked
      Vary:
      - Accept-Encoding
      - origin
      X-Gdc-Request:
      - ":xPn2gFDlr9TCvWW5O_ZxqA:X6ihpxTW1rb6JBX0f8bKPw:SkI9epRWskd5qRrS"
      X-Gdc-Request-Time:
      - '35'
      Strict-Transport-Security:
      - max-age=10886400; includeSubDomains; preload;
    body:
      encoding: ASCII-8BIT
      string: '{"attribute":{"content":{"rel":["to {attr.csv_policies.state} as case
        when {metric.customers.count} <= 1000 then {attr.comp.my_computed_attr?\"Small\"},
        when {metric.customers.count} <= 2000 then {attr.comp.my_computed_attr?\"Medium\"},
        when {metric.customers.count} > 2000 then {attr.comp.my_computed_attr?\"Large\"}
        else {attr.comp.my_computed_attr?\"\"} end"],"drillDownStepAttributeDF":"/gdc/md/roqdh0atnyjbinu96lns32v0k79uhkpe/obj/285","pk":[{"type":"col","data":"/gdc/md/roqdh0atnyjbinu96lns32v0k79uhkpe/obj/101"}],"dimension":"/gdc/md/roqdh0atnyjbinu96lns32v0k79uhkpe/obj/308","displayForms":[{"content":{"formOf":"/gdc/md/roqdh0atnyjbinu96lns32v0k79uhkpe/obj/309","expression":"[/gdc/md/roqdh0atnyjbinu96lns32v0k79uhkpe/obj/103]","default":1},"links":{"elements":"/gdc/md/roqdh0atnyjbinu96lns32v0k79uhkpe/obj/310/elements"},"meta":{"author":"/gdc/account/profile/a4c644d7b42b65c34e5a0f46809f7164","uri":"/gdc/md/roqdh0atnyjbinu96lns32v0k79uhkpe/obj/310","tags":"","created":"2019-02-21
        10:49:38","identifier":"label.comp.my_computed_attr","deprecated":"0","summary":"","isProduction":1,"title":"Label.Comp.My
        Computed Attr","category":"attributeDisplayForm","updated":"2019-02-21 10:51:48","contributor":"/gdc/account/profile/a4c644d7b42b65c34e5a0f46809f7164"}}]},"meta":{"author":"/gdc/account/profile/a4c644d7b42b65c34e5a0f46809f7164","uri":"/gdc/md/roqdh0atnyjbinu96lns32v0k79uhkpe/obj/309","tags":"","created":"2019-02-21
        10:49:38","identifier":"attr.comp.my_computed_attr","deprecated":"0","summary":"","isProduction":1,"title":"My
        computed attribute","category":"attribute","updated":"2019-02-21 10:52:08","contributor":"/gdc/account/profile/a4c644d7b42b65c34e5a0f46809f7164"}}}'
    http_version: 
  recorded_at: Thu, 21 Feb 2019 09:58:51 GMT
- request:
    method: post
    uri: https://staging3-lcm-prod.intgdc.com/gdc/md/roqdh0atnyjbinu96lns32v0k79uhkpe/identifiers
    body:
      encoding: UTF-8
      string: '{"identifierToUri":["attr.csv_policies.customer"]}'
    headers:
      Accept:
      - application/json, application/zip
      Accept-Encoding:
      - gzip, deflate
      User-Agent:
      - gooddata-gem/1.3.6/x86_64-linux/2.3.6
      Content-Type:
      - application/json
      X-Gdc-Authtt:
      - "<X_GDC_AUTHTT>"
      X-Gdc-Request:
      - ":xPn2gFDlr9TCvWW5O_ZxqA:u5nxifWO_Oz-DFZvfHAR9w"
      Stats-On:
      - ''
      Content-Length:
      - '50'
      Host:
      - staging3-lcm-prod.intgdc.com
  response:
    status:
      code: 200
      message: OK
    headers:
      Date:
      - Thu, 21 Feb 2019 09:58:52 GMT
      Server:
      - GoodData WebApp
      Keep-Alive:
      - timeout=5, max=85
      X-Gdc-Log-Header:
      - ''
      Cache-Control:
      - no-cache, no-store, must-revalidate
      Content-Type:
      - application/json;charset=UTF-8
      X-Gdc-Request:
      - ":xPn2gFDlr9TCvWW5O_ZxqA:u5nxifWO_Oz-DFZvfHAR9w:frIQz4hxOm9nVbkO"
      Vary:
      - origin
      X-Gdc-Request-Time:
      - '21'
      Transfer-Encoding:
      - chunked
      Strict-Transport-Security:
      - max-age=10886400; includeSubDomains; preload;
    body:
      encoding: ASCII-8BIT
      string: '{"identifiers":[{"identifier":"attr.csv_policies.customer","uri":"/gdc/md/roqdh0atnyjbinu96lns32v0k79uhkpe/obj/284"}]}'
    http_version: 
  recorded_at: Thu, 21 Feb 2019 09:58:52 GMT
- request:
    method: get
    uri: https://staging3-lcm-prod.intgdc.com/gdc/md/roqdh0atnyjbinu96lns32v0k79uhkpe/obj/284
    body:
      encoding: US-ASCII
      string: ''
    headers:
      Accept:
      - application/json, application/zip
      Accept-Encoding:
      - gzip, deflate
      User-Agent:
      - gooddata-gem/1.3.6/x86_64-linux/2.3.6
      Content-Type:
      - application/json
      X-Gdc-Authtt:
      - "<X_GDC_AUTHTT>"
      X-Gdc-Request:
      - ":xPn2gFDlr9TCvWW5O_ZxqA:MMuagslljO4l76PKyT_ZUA"
      Stats-On:
      - ''
      Host:
      - staging3-lcm-prod.intgdc.com
  response:
    status:
      code: 200
      message: OK
    headers:
      Date:
      - Thu, 21 Feb 2019 09:58:53 GMT
      Server:
      - GoodData WebApp
      Keep-Alive:
      - timeout=5, max=93
      X-Gdc-Log-Header:
      - ''
      Cache-Control:
      - no-cache, no-store, must-revalidate
      Content-Type:
      - application/json;charset=UTF-8
      Transfer-Encoding:
      - chunked
      Vary:
      - Accept-Encoding
      - origin
      X-Gdc-Request:
      - ":xPn2gFDlr9TCvWW5O_ZxqA:MMuagslljO4l76PKyT_ZUA:1nVvud40PpBJDElP"
      X-Gdc-Request-Time:
      - '44'
      Strict-Transport-Security:
      - max-age=10886400; includeSubDomains; preload;
    body:
      encoding: ASCII-8BIT
      string: '{"attribute":{"content":{"pk":[{"type":"col","data":"/gdc/md/roqdh0atnyjbinu96lns32v0k79uhkpe/obj/86"}],"dimension":"/gdc/md/roqdh0atnyjbinu96lns32v0k79uhkpe/obj/282","displayForms":[{"content":{"formOf":"/gdc/md/roqdh0atnyjbinu96lns32v0k79uhkpe/obj/284","expression":"[/gdc/md/roqdh0atnyjbinu96lns32v0k79uhkpe/obj/88]","default":1},"links":{"elements":"/gdc/md/roqdh0atnyjbinu96lns32v0k79uhkpe/obj/285/elements"},"meta":{"author":"/gdc/account/profile/a4c644d7b42b65c34e5a0f46809f7164","uri":"/gdc/md/roqdh0atnyjbinu96lns32v0k79uhkpe/obj/285","tags":"","created":"2019-02-21
        10:49:37","identifier":"label.csv_policies.customer","deprecated":"0","summary":"","isProduction":1,"title":"Customer","category":"attributeDisplayForm","updated":"2019-02-21
        10:51:48","contributor":"/gdc/account/profile/a4c644d7b42b65c34e5a0f46809f7164"}}],"fk":[{"multivalue":false,"type":"col","data":"/gdc/md/roqdh0atnyjbinu96lns32v0k79uhkpe/obj/26"}]},"meta":{"author":"/gdc/account/profile/a4c644d7b42b65c34e5a0f46809f7164","uri":"/gdc/md/roqdh0atnyjbinu96lns32v0k79uhkpe/obj/284","tags":"","created":"2019-02-21
        10:49:37","identifier":"attr.csv_policies.customer","deprecated":"0","summary":"","isProduction":1,"title":"Customer","category":"attribute","updated":"2019-02-21
        10:51:48","contributor":"/gdc/account/profile/a4c644d7b42b65c34e5a0f46809f7164"}}}'
    http_version: 
  recorded_at: Thu, 21 Feb 2019 09:58:53 GMT
- request:
    method: get
    uri: https://staging3-lcm-prod.intgdc.com/gdc/md/roqdh0atnyjbinu96lns32v0k79uhkpe/obj/285
    body:
      encoding: US-ASCII
      string: ''
    headers:
      Accept:
      - application/json, application/zip
      Accept-Encoding:
      - gzip, deflate
      User-Agent:
      - gooddata-gem/1.3.6/x86_64-linux/2.3.6
      Content-Type:
      - application/json
      X-Gdc-Authtt:
      - "<X_GDC_AUTHTT>"
      X-Gdc-Request:
      - ":xPn2gFDlr9TCvWW5O_ZxqA:xWgLjAw0AOV2pdQx7BBVcA"
      Stats-On:
      - ''
      Host:
      - staging3-lcm-prod.intgdc.com
  response:
    status:
      code: 200
      message: OK
    headers:
      Date:
      - Thu, 21 Feb 2019 09:58:53 GMT
      Server:
      - GoodData WebApp
      Keep-Alive:
      - timeout=5, max=70
      X-Gdc-Log-Header:
      - ''
      Cache-Control:
      - no-cache, no-store, must-revalidate
      Content-Type:
      - application/json;charset=UTF-8
      X-Gdc-Request:
      - ":xPn2gFDlr9TCvWW5O_ZxqA:xWgLjAw0AOV2pdQx7BBVcA:QYiUYUokXJOU8sNl"
      Vary:
      - origin
      X-Gdc-Request-Time:
      - '29'
      Transfer-Encoding:
      - chunked
      Strict-Transport-Security:
      - max-age=10886400; includeSubDomains; preload;
    body:
      encoding: ASCII-8BIT
      string: '{"attributeDisplayForm":{"content":{"formOf":"/gdc/md/roqdh0atnyjbinu96lns32v0k79uhkpe/obj/284","expression":"[/gdc/md/roqdh0atnyjbinu96lns32v0k79uhkpe/obj/88]","default":1},"links":{"elements":"/gdc/md/roqdh0atnyjbinu96lns32v0k79uhkpe/obj/285/elements"},"meta":{"author":"/gdc/account/profile/a4c644d7b42b65c34e5a0f46809f7164","uri":"/gdc/md/roqdh0atnyjbinu96lns32v0k79uhkpe/obj/285","tags":"","created":"2019-02-21
        10:49:37","identifier":"label.csv_policies.customer","deprecated":"0","summary":"","isProduction":1,"title":"Customer","category":"attributeDisplayForm","updated":"2019-02-21
        10:51:48","contributor":"/gdc/account/profile/a4c644d7b42b65c34e5a0f46809f7164"}}}'
    http_version: 
  recorded_at: Thu, 21 Feb 2019 09:58:53 GMT
- request:
    method: post
    uri: https://staging3-lcm-prod.intgdc.com/gdc/md/i57v53e4woqlrddf1qdxywjnr8iinfuv/identifiers
    body:
      encoding: UTF-8
      string: '{"identifierToUri":["attr.comp.my_computed_attr"]}'
    headers:
      Accept:
      - application/json, application/zip
      Accept-Encoding:
      - gzip, deflate
      User-Agent:
      - gooddata-gem/1.3.6/x86_64-linux/2.3.6
      Content-Type:
      - application/json
      X-Gdc-Authtt:
      - "<X_GDC_AUTHTT>"
      X-Gdc-Request:
      - ":xPn2gFDlr9TCvWW5O_ZxqA:krSLssHV8J6YUidh6vV8mg"
      Stats-On:
      - ''
      Content-Length:
      - '50'
      Host:
      - staging3-lcm-prod.intgdc.com
  response:
    status:
      code: 200
      message: OK
    headers:
      Date:
      - Thu, 21 Feb 2019 09:58:54 GMT
      Server:
      - GoodData WebApp
      Keep-Alive:
      - timeout=5, max=65
      X-Gdc-Log-Header:
      - ''
      Cache-Control:
      - no-cache, no-store, must-revalidate
      Content-Type:
      - application/json;charset=UTF-8
      X-Gdc-Request:
      - ":xPn2gFDlr9TCvWW5O_ZxqA:krSLssHV8J6YUidh6vV8mg:lYgJYDbN3nb5MS3v"
      Vary:
      - origin
      X-Gdc-Request-Time:
      - '22'
      Transfer-Encoding:
      - chunked
      Strict-Transport-Security:
      - max-age=10886400; includeSubDomains; preload;
    body:
      encoding: ASCII-8BIT
      string: '{"identifiers":[{"identifier":"attr.comp.my_computed_attr","uri":"/gdc/md/i57v53e4woqlrddf1qdxywjnr8iinfuv/obj/309"}]}'
    http_version: 
  recorded_at: Thu, 21 Feb 2019 09:58:54 GMT
- request:
    method: get
    uri: https://staging3-lcm-prod.intgdc.com/gdc/md/i57v53e4woqlrddf1qdxywjnr8iinfuv/obj/309
    body:
      encoding: US-ASCII
      string: ''
    headers:
      Accept:
      - application/json, application/zip
      Accept-Encoding:
      - gzip, deflate
      User-Agent:
      - gooddata-gem/1.3.6/x86_64-linux/2.3.6
      Content-Type:
      - application/json
      X-Gdc-Authtt:
      - "<X_GDC_AUTHTT>"
      X-Gdc-Request:
      - ":xPn2gFDlr9TCvWW5O_ZxqA:eAHqgaMZdBAiJM9d1pQ86Q"
      Stats-On:
      - ''
      Host:
      - staging3-lcm-prod.intgdc.com
  response:
    status:
      code: 200
      message: OK
    headers:
      Date:
      - Thu, 21 Feb 2019 09:58:55 GMT
      Server:
      - GoodData WebApp
      Keep-Alive:
      - timeout=5, max=92
      X-Gdc-Log-Header:
      - ''
      Cache-Control:
      - no-cache, no-store, must-revalidate
      Content-Type:
      - application/json;charset=UTF-8
      Transfer-Encoding:
      - chunked
      Vary:
      - Accept-Encoding
      - origin
      X-Gdc-Request:
      - ":xPn2gFDlr9TCvWW5O_ZxqA:eAHqgaMZdBAiJM9d1pQ86Q:LSy9sHprgSuGZt8v"
      X-Gdc-Request-Time:
      - '33'
      Strict-Transport-Security:
      - max-age=10886400; includeSubDomains; preload;
    body:
      encoding: ASCII-8BIT
      string: '{"attribute":{"content":{"rel":["to {attr.csv_policies.state} as case
        when {metric.customers.count} <= 1000 then {attr.comp.my_computed_attr?\"Small\"},
        when {metric.customers.count} <= 2000 then {attr.comp.my_computed_attr?\"Medium\"},
        when {metric.customers.count} > 2000 then {attr.comp.my_computed_attr?\"Large\"}
        else {attr.comp.my_computed_attr?\"\"} end"],"drillDownStepAttributeDF":"/gdc/md/i57v53e4woqlrddf1qdxywjnr8iinfuv/obj/285","pk":[{"type":"col","data":"/gdc/md/i57v53e4woqlrddf1qdxywjnr8iinfuv/obj/101"}],"dimension":"/gdc/md/i57v53e4woqlrddf1qdxywjnr8iinfuv/obj/308","displayForms":[{"content":{"formOf":"/gdc/md/i57v53e4woqlrddf1qdxywjnr8iinfuv/obj/309","expression":"[/gdc/md/i57v53e4woqlrddf1qdxywjnr8iinfuv/obj/103]","default":1},"links":{"elements":"/gdc/md/i57v53e4woqlrddf1qdxywjnr8iinfuv/obj/310/elements"},"meta":{"author":"/gdc/account/profile/a4c644d7b42b65c34e5a0f46809f7164","uri":"/gdc/md/i57v53e4woqlrddf1qdxywjnr8iinfuv/obj/310","tags":"","created":"2019-02-21
        10:49:38","identifier":"label.comp.my_computed_attr","deprecated":"0","summary":"","isProduction":1,"title":"Label.Comp.My
        Computed Attr","category":"attributeDisplayForm","updated":"2019-02-21 10:51:48","contributor":"/gdc/account/profile/a4c644d7b42b65c34e5a0f46809f7164"}}]},"meta":{"author":"/gdc/account/profile/a4c644d7b42b65c34e5a0f46809f7164","uri":"/gdc/md/i57v53e4woqlrddf1qdxywjnr8iinfuv/obj/309","tags":"","created":"2019-02-21
        10:49:38","identifier":"attr.comp.my_computed_attr","deprecated":"0","summary":"","isProduction":1,"title":"My
        computed attribute","category":"attribute","updated":"2019-02-21 10:52:08","contributor":"/gdc/account/profile/a4c644d7b42b65c34e5a0f46809f7164"}}}'
    http_version: 
  recorded_at: Thu, 21 Feb 2019 09:58:55 GMT
- request:
    method: post
    uri: https://staging3-lcm-prod.intgdc.com/gdc/md/i57v53e4woqlrddf1qdxywjnr8iinfuv/identifiers
    body:
      encoding: UTF-8
      string: '{"identifierToUri":["attr.csv_policies.customer"]}'
    headers:
      Accept:
      - application/json, application/zip
      Accept-Encoding:
      - gzip, deflate
      User-Agent:
      - gooddata-gem/1.3.6/x86_64-linux/2.3.6
      Content-Type:
      - application/json
      X-Gdc-Authtt:
      - "<X_GDC_AUTHTT>"
      X-Gdc-Request:
      - ":xPn2gFDlr9TCvWW5O_ZxqA:R6LeftGELFF4Q1vNzbzREg"
      Stats-On:
      - ''
      Content-Length:
      - '50'
      Host:
      - staging3-lcm-prod.intgdc.com
  response:
    status:
      code: 200
      message: OK
    headers:
      Date:
      - Thu, 21 Feb 2019 09:58:55 GMT
      Server:
      - GoodData WebApp
      Keep-Alive:
      - timeout=5, max=84
      X-Gdc-Log-Header:
      - ''
      Cache-Control:
      - no-cache, no-store, must-revalidate
      Content-Type:
      - application/json;charset=UTF-8
      X-Gdc-Request:
      - ":xPn2gFDlr9TCvWW5O_ZxqA:R6LeftGELFF4Q1vNzbzREg:EayNDJlSRu2UMOyI"
      Vary:
      - origin
      X-Gdc-Request-Time:
      - '22'
      Transfer-Encoding:
      - chunked
      Strict-Transport-Security:
      - max-age=10886400; includeSubDomains; preload;
    body:
      encoding: ASCII-8BIT
      string: '{"identifiers":[{"identifier":"attr.csv_policies.customer","uri":"/gdc/md/i57v53e4woqlrddf1qdxywjnr8iinfuv/obj/284"}]}'
    http_version: 
  recorded_at: Thu, 21 Feb 2019 09:58:55 GMT
- request:
    method: get
    uri: https://staging3-lcm-prod.intgdc.com/gdc/md/i57v53e4woqlrddf1qdxywjnr8iinfuv/obj/284
    body:
      encoding: US-ASCII
      string: ''
    headers:
      Accept:
      - application/json, application/zip
      Accept-Encoding:
      - gzip, deflate
      User-Agent:
      - gooddata-gem/1.3.6/x86_64-linux/2.3.6
      Content-Type:
      - application/json
      X-Gdc-Authtt:
      - "<X_GDC_AUTHTT>"
      X-Gdc-Request:
      - ":xPn2gFDlr9TCvWW5O_ZxqA:WX1Q8lVXxEfYWicW1MDapQ"
      Stats-On:
      - ''
      Host:
      - staging3-lcm-prod.intgdc.com
  response:
    status:
      code: 200
      message: OK
    headers:
      Date:
      - Thu, 21 Feb 2019 09:58:56 GMT
      Server:
      - GoodData WebApp
      Keep-Alive:
      - timeout=5, max=91
      X-Gdc-Log-Header:
      - ''
      Cache-Control:
      - no-cache, no-store, must-revalidate
      Content-Type:
      - application/json;charset=UTF-8
      Transfer-Encoding:
      - chunked
      Vary:
      - Accept-Encoding
      - origin
      X-Gdc-Request:
      - ":xPn2gFDlr9TCvWW5O_ZxqA:WX1Q8lVXxEfYWicW1MDapQ:4mbV4kR3AVRcwiON"
      X-Gdc-Request-Time:
      - '40'
      Strict-Transport-Security:
      - max-age=10886400; includeSubDomains; preload;
    body:
      encoding: ASCII-8BIT
      string: '{"attribute":{"content":{"pk":[{"type":"col","data":"/gdc/md/i57v53e4woqlrddf1qdxywjnr8iinfuv/obj/86"}],"dimension":"/gdc/md/i57v53e4woqlrddf1qdxywjnr8iinfuv/obj/282","displayForms":[{"content":{"formOf":"/gdc/md/i57v53e4woqlrddf1qdxywjnr8iinfuv/obj/284","expression":"[/gdc/md/i57v53e4woqlrddf1qdxywjnr8iinfuv/obj/88]","default":1},"links":{"elements":"/gdc/md/i57v53e4woqlrddf1qdxywjnr8iinfuv/obj/285/elements"},"meta":{"author":"/gdc/account/profile/a4c644d7b42b65c34e5a0f46809f7164","uri":"/gdc/md/i57v53e4woqlrddf1qdxywjnr8iinfuv/obj/285","tags":"","created":"2019-02-21
        10:49:37","identifier":"label.csv_policies.customer","deprecated":"0","summary":"","isProduction":1,"title":"Customer","category":"attributeDisplayForm","updated":"2019-02-21
        10:51:48","contributor":"/gdc/account/profile/a4c644d7b42b65c34e5a0f46809f7164"}}],"fk":[{"multivalue":false,"type":"col","data":"/gdc/md/i57v53e4woqlrddf1qdxywjnr8iinfuv/obj/26"}]},"meta":{"author":"/gdc/account/profile/a4c644d7b42b65c34e5a0f46809f7164","uri":"/gdc/md/i57v53e4woqlrddf1qdxywjnr8iinfuv/obj/284","tags":"","created":"2019-02-21
        10:49:37","identifier":"attr.csv_policies.customer","deprecated":"0","summary":"","isProduction":1,"title":"Customer","category":"attribute","updated":"2019-02-21
        10:51:48","contributor":"/gdc/account/profile/a4c644d7b42b65c34e5a0f46809f7164"}}}'
    http_version: 
  recorded_at: Thu, 21 Feb 2019 09:58:56 GMT
- request:
    method: get
    uri: https://staging3-lcm-prod.intgdc.com/gdc/md/i57v53e4woqlrddf1qdxywjnr8iinfuv/obj/285
    body:
      encoding: US-ASCII
      string: ''
    headers:
      Accept:
      - application/json, application/zip
      Accept-Encoding:
      - gzip, deflate
      User-Agent:
      - gooddata-gem/1.3.6/x86_64-linux/2.3.6
      Content-Type:
      - application/json
      X-Gdc-Authtt:
      - "<X_GDC_AUTHTT>"
      X-Gdc-Request:
      - ":xPn2gFDlr9TCvWW5O_ZxqA:Ywr0BXMi-1ZCgC0Dt3vS3A"
      Stats-On:
      - ''
      Host:
      - staging3-lcm-prod.intgdc.com
  response:
    status:
      code: 200
      message: OK
    headers:
      Date:
      - Thu, 21 Feb 2019 09:58:57 GMT
      Server:
      - GoodData WebApp
      Keep-Alive:
      - timeout=5, max=69
      X-Gdc-Log-Header:
      - ''
      Cache-Control:
      - no-cache, no-store, must-revalidate
      Content-Type:
      - application/json;charset=UTF-8
      X-Gdc-Request:
      - ":xPn2gFDlr9TCvWW5O_ZxqA:Ywr0BXMi-1ZCgC0Dt3vS3A:dgxWZaDAYymiq7oz"
      Vary:
      - origin
      X-Gdc-Request-Time:
      - '28'
      Transfer-Encoding:
      - chunked
      Strict-Transport-Security:
      - max-age=10886400; includeSubDomains; preload;
    body:
      encoding: ASCII-8BIT
      string: '{"attributeDisplayForm":{"content":{"formOf":"/gdc/md/i57v53e4woqlrddf1qdxywjnr8iinfuv/obj/284","expression":"[/gdc/md/i57v53e4woqlrddf1qdxywjnr8iinfuv/obj/88]","default":1},"links":{"elements":"/gdc/md/i57v53e4woqlrddf1qdxywjnr8iinfuv/obj/285/elements"},"meta":{"author":"/gdc/account/profile/a4c644d7b42b65c34e5a0f46809f7164","uri":"/gdc/md/i57v53e4woqlrddf1qdxywjnr8iinfuv/obj/285","tags":"","created":"2019-02-21
        10:49:37","identifier":"label.csv_policies.customer","deprecated":"0","summary":"","isProduction":1,"title":"Customer","category":"attributeDisplayForm","updated":"2019-02-21
        10:51:48","contributor":"/gdc/account/profile/a4c644d7b42b65c34e5a0f46809f7164"}}}'
    http_version: 
  recorded_at: Thu, 21 Feb 2019 09:58:57 GMT
- request:
    method: post
    uri: https://staging3-lcm-prod.intgdc.com/gdc/md/cb9v0ygjc58fefdwwscxqcw4jp30wyij/identifiers
    body:
      encoding: UTF-8
      string: '{"identifierToUri":["attr.comp.my_computed_attr"]}'
    headers:
      Accept:
      - application/json, application/zip
      Accept-Encoding:
      - gzip, deflate
      User-Agent:
      - gooddata-gem/1.3.6/x86_64-linux/2.3.6
      Content-Type:
      - application/json
      X-Gdc-Authtt:
      - "<X_GDC_AUTHTT>"
      X-Gdc-Request:
      - ":xPn2gFDlr9TCvWW5O_ZxqA:YlHktXxRX0kFiWqFBESv4g"
      Stats-On:
      - ''
      Content-Length:
      - '50'
      Host:
      - staging3-lcm-prod.intgdc.com
  response:
    status:
      code: 200
      message: OK
    headers:
      Date:
      - Thu, 21 Feb 2019 09:58:58 GMT
      Server:
      - GoodData WebApp
      Keep-Alive:
      - timeout=5, max=63
      X-Gdc-Log-Header:
      - ''
      Cache-Control:
      - no-cache, no-store, must-revalidate
      Content-Type:
      - application/json;charset=UTF-8
      X-Gdc-Request:
      - ":xPn2gFDlr9TCvWW5O_ZxqA:YlHktXxRX0kFiWqFBESv4g:fmxsn2IjvVVLHvQR"
      Vary:
      - origin
      X-Gdc-Request-Time:
      - '22'
      Transfer-Encoding:
      - chunked
      Strict-Transport-Security:
      - max-age=10886400; includeSubDomains; preload;
    body:
      encoding: ASCII-8BIT
      string: '{"identifiers":[{"identifier":"attr.comp.my_computed_attr","uri":"/gdc/md/cb9v0ygjc58fefdwwscxqcw4jp30wyij/obj/309"}]}'
    http_version: 
  recorded_at: Thu, 21 Feb 2019 09:58:58 GMT
- request:
    method: get
    uri: https://staging3-lcm-prod.intgdc.com/gdc/md/cb9v0ygjc58fefdwwscxqcw4jp30wyij/obj/309
    body:
      encoding: US-ASCII
      string: ''
    headers:
      Accept:
      - application/json, application/zip
      Accept-Encoding:
      - gzip, deflate
      User-Agent:
      - gooddata-gem/1.3.6/x86_64-linux/2.3.6
      Content-Type:
      - application/json
      X-Gdc-Authtt:
      - "<X_GDC_AUTHTT>"
      X-Gdc-Request:
      - ":xPn2gFDlr9TCvWW5O_ZxqA:rxNjpRZjgGMcZqQwLAArXA"
      Stats-On:
      - ''
      Host:
      - staging3-lcm-prod.intgdc.com
  response:
    status:
      code: 200
      message: OK
    headers:
      Date:
      - Thu, 21 Feb 2019 09:58:58 GMT
      Server:
      - GoodData WebApp
      Keep-Alive:
      - timeout=5, max=83
      X-Gdc-Log-Header:
      - ''
      Cache-Control:
      - no-cache, no-store, must-revalidate
      Content-Type:
      - application/json;charset=UTF-8
      Transfer-Encoding:
      - chunked
      Vary:
      - Accept-Encoding
      - origin
      X-Gdc-Request:
      - ":xPn2gFDlr9TCvWW5O_ZxqA:rxNjpRZjgGMcZqQwLAArXA:b3o1LEQDFrd2oAWV"
      X-Gdc-Request-Time:
      - '32'
      Strict-Transport-Security:
      - max-age=10886400; includeSubDomains; preload;
    body:
      encoding: ASCII-8BIT
      string: '{"attribute":{"content":{"rel":["to {attr.csv_policies.state} as case
        when {metric.customers.count} <= 1000 then {attr.comp.my_computed_attr?\"Small\"},
        when {metric.customers.count} <= 2000 then {attr.comp.my_computed_attr?\"Medium\"},
        when {metric.customers.count} > 2000 then {attr.comp.my_computed_attr?\"Large\"}
        else {attr.comp.my_computed_attr?\"\"} end"],"drillDownStepAttributeDF":"/gdc/md/cb9v0ygjc58fefdwwscxqcw4jp30wyij/obj/285","pk":[{"type":"col","data":"/gdc/md/cb9v0ygjc58fefdwwscxqcw4jp30wyij/obj/101"}],"dimension":"/gdc/md/cb9v0ygjc58fefdwwscxqcw4jp30wyij/obj/308","displayForms":[{"content":{"formOf":"/gdc/md/cb9v0ygjc58fefdwwscxqcw4jp30wyij/obj/309","expression":"[/gdc/md/cb9v0ygjc58fefdwwscxqcw4jp30wyij/obj/103]","default":1},"links":{"elements":"/gdc/md/cb9v0ygjc58fefdwwscxqcw4jp30wyij/obj/310/elements"},"meta":{"author":"/gdc/account/profile/a4c644d7b42b65c34e5a0f46809f7164","uri":"/gdc/md/cb9v0ygjc58fefdwwscxqcw4jp30wyij/obj/310","tags":"","created":"2019-02-21
        10:49:38","identifier":"label.comp.my_computed_attr","deprecated":"0","summary":"","isProduction":1,"title":"Label.Comp.My
        Computed Attr","category":"attributeDisplayForm","updated":"2019-02-21 10:51:48","contributor":"/gdc/account/profile/a4c644d7b42b65c34e5a0f46809f7164"}}]},"meta":{"author":"/gdc/account/profile/a4c644d7b42b65c34e5a0f46809f7164","uri":"/gdc/md/cb9v0ygjc58fefdwwscxqcw4jp30wyij/obj/309","tags":"","created":"2019-02-21
        10:49:38","identifier":"attr.comp.my_computed_attr","deprecated":"0","summary":"","isProduction":1,"title":"My
        computed attribute","category":"attribute","updated":"2019-02-21 10:52:08","contributor":"/gdc/account/profile/a4c644d7b42b65c34e5a0f46809f7164"}}}'
    http_version: 
  recorded_at: Thu, 21 Feb 2019 09:58:58 GMT
- request:
    method: post
    uri: https://staging3-lcm-prod.intgdc.com/gdc/md/cb9v0ygjc58fefdwwscxqcw4jp30wyij/identifiers
    body:
      encoding: UTF-8
      string: '{"identifierToUri":["attr.csv_policies.customer"]}'
    headers:
      Accept:
      - application/json, application/zip
      Accept-Encoding:
      - gzip, deflate
      User-Agent:
      - gooddata-gem/1.3.6/x86_64-linux/2.3.6
      Content-Type:
      - application/json
      X-Gdc-Authtt:
      - "<X_GDC_AUTHTT>"
      X-Gdc-Request:
      - ":xPn2gFDlr9TCvWW5O_ZxqA:E_f0Q6xQ1dAHwyBeQLqEeQ"
      Stats-On:
      - ''
      Content-Length:
      - '50'
      Host:
      - staging3-lcm-prod.intgdc.com
  response:
    status:
      code: 200
      message: OK
    headers:
      Date:
      - Thu, 21 Feb 2019 09:58:59 GMT
      Server:
      - GoodData WebApp
      Keep-Alive:
      - timeout=5, max=90
      X-Gdc-Log-Header:
      - ''
      Cache-Control:
      - no-cache, no-store, must-revalidate
      Content-Type:
      - application/json;charset=UTF-8
      X-Gdc-Request:
      - ":xPn2gFDlr9TCvWW5O_ZxqA:E_f0Q6xQ1dAHwyBeQLqEeQ:Ypyh3lkMmCS2ItVE"
      Vary:
      - origin
      X-Gdc-Request-Time:
      - '27'
      Transfer-Encoding:
      - chunked
      Strict-Transport-Security:
      - max-age=10886400; includeSubDomains; preload;
    body:
      encoding: ASCII-8BIT
      string: '{"identifiers":[{"identifier":"attr.csv_policies.customer","uri":"/gdc/md/cb9v0ygjc58fefdwwscxqcw4jp30wyij/obj/284"}]}'
    http_version: 
  recorded_at: Thu, 21 Feb 2019 09:58:59 GMT
- request:
    method: get
    uri: https://staging3-lcm-prod.intgdc.com/gdc/md/cb9v0ygjc58fefdwwscxqcw4jp30wyij/obj/284
    body:
      encoding: US-ASCII
      string: ''
    headers:
      Accept:
      - application/json, application/zip
      Accept-Encoding:
      - gzip, deflate
      User-Agent:
      - gooddata-gem/1.3.6/x86_64-linux/2.3.6
      Content-Type:
      - application/json
      X-Gdc-Authtt:
      - "<X_GDC_AUTHTT>"
      X-Gdc-Request:
      - ":xPn2gFDlr9TCvWW5O_ZxqA:5Jb6a-BwbaeU1EVrH3QIrQ"
      Stats-On:
      - ''
      Host:
      - staging3-lcm-prod.intgdc.com
  response:
    status:
      code: 200
      message: OK
    headers:
      Date:
      - Thu, 21 Feb 2019 09:59:00 GMT
      Server:
      - GoodData WebApp
      Keep-Alive:
      - timeout=5, max=68
      X-Gdc-Log-Header:
      - ''
      Cache-Control:
      - no-cache, no-store, must-revalidate
      Content-Type:
      - application/json;charset=UTF-8
      Transfer-Encoding:
      - chunked
      Vary:
      - Accept-Encoding
      - origin
      X-Gdc-Request:
      - ":xPn2gFDlr9TCvWW5O_ZxqA:5Jb6a-BwbaeU1EVrH3QIrQ:8TE2CSsxvFAKv8J6"
      X-Gdc-Request-Time:
      - '32'
      Strict-Transport-Security:
      - max-age=10886400; includeSubDomains; preload;
    body:
      encoding: ASCII-8BIT
      string: '{"attribute":{"content":{"pk":[{"type":"col","data":"/gdc/md/cb9v0ygjc58fefdwwscxqcw4jp30wyij/obj/86"}],"dimension":"/gdc/md/cb9v0ygjc58fefdwwscxqcw4jp30wyij/obj/282","displayForms":[{"content":{"formOf":"/gdc/md/cb9v0ygjc58fefdwwscxqcw4jp30wyij/obj/284","expression":"[/gdc/md/cb9v0ygjc58fefdwwscxqcw4jp30wyij/obj/88]","default":1},"links":{"elements":"/gdc/md/cb9v0ygjc58fefdwwscxqcw4jp30wyij/obj/285/elements"},"meta":{"author":"/gdc/account/profile/a4c644d7b42b65c34e5a0f46809f7164","uri":"/gdc/md/cb9v0ygjc58fefdwwscxqcw4jp30wyij/obj/285","tags":"","created":"2019-02-21
        10:49:37","identifier":"label.csv_policies.customer","deprecated":"0","summary":"","isProduction":1,"title":"Customer","category":"attributeDisplayForm","updated":"2019-02-21
        10:51:48","contributor":"/gdc/account/profile/a4c644d7b42b65c34e5a0f46809f7164"}}],"fk":[{"multivalue":false,"type":"col","data":"/gdc/md/cb9v0ygjc58fefdwwscxqcw4jp30wyij/obj/26"}]},"meta":{"author":"/gdc/account/profile/a4c644d7b42b65c34e5a0f46809f7164","uri":"/gdc/md/cb9v0ygjc58fefdwwscxqcw4jp30wyij/obj/284","tags":"","created":"2019-02-21
        10:49:37","identifier":"attr.csv_policies.customer","deprecated":"0","summary":"","isProduction":1,"title":"Customer","category":"attribute","updated":"2019-02-21
        10:51:48","contributor":"/gdc/account/profile/a4c644d7b42b65c34e5a0f46809f7164"}}}'
    http_version: 
  recorded_at: Thu, 21 Feb 2019 09:59:00 GMT
- request:
    method: get
    uri: https://staging3-lcm-prod.intgdc.com/gdc/md/cb9v0ygjc58fefdwwscxqcw4jp30wyij/obj/285
    body:
      encoding: US-ASCII
      string: ''
    headers:
      Accept:
      - application/json, application/zip
      Accept-Encoding:
      - gzip, deflate
      User-Agent:
      - gooddata-gem/1.3.6/x86_64-linux/2.3.6
      Content-Type:
      - application/json
      X-Gdc-Authtt:
      - "<X_GDC_AUTHTT>"
      X-Gdc-Request:
      - ":xPn2gFDlr9TCvWW5O_ZxqA:7_plNYSo1gn2EgFnhyaVnA"
      Stats-On:
      - ''
      Host:
      - staging3-lcm-prod.intgdc.com
  response:
    status:
      code: 200
      message: OK
    headers:
      Date:
      - Thu, 21 Feb 2019 09:59:01 GMT
      Server:
      - GoodData WebApp
      Keep-Alive:
      - timeout=5, max=62
      X-Gdc-Log-Header:
      - ''
      Cache-Control:
      - no-cache, no-store, must-revalidate
      Content-Type:
      - application/json;charset=UTF-8
      X-Gdc-Request:
      - ":xPn2gFDlr9TCvWW5O_ZxqA:7_plNYSo1gn2EgFnhyaVnA:U1kZSyz6RTqejGRH"
      Vary:
      - origin
      X-Gdc-Request-Time:
      - '32'
      Transfer-Encoding:
      - chunked
      Strict-Transport-Security:
      - max-age=10886400; includeSubDomains; preload;
    body:
      encoding: ASCII-8BIT
      string: '{"attributeDisplayForm":{"content":{"formOf":"/gdc/md/cb9v0ygjc58fefdwwscxqcw4jp30wyij/obj/284","expression":"[/gdc/md/cb9v0ygjc58fefdwwscxqcw4jp30wyij/obj/88]","default":1},"links":{"elements":"/gdc/md/cb9v0ygjc58fefdwwscxqcw4jp30wyij/obj/285/elements"},"meta":{"author":"/gdc/account/profile/a4c644d7b42b65c34e5a0f46809f7164","uri":"/gdc/md/cb9v0ygjc58fefdwwscxqcw4jp30wyij/obj/285","tags":"","created":"2019-02-21
        10:49:37","identifier":"label.csv_policies.customer","deprecated":"0","summary":"","isProduction":1,"title":"Customer","category":"attributeDisplayForm","updated":"2019-02-21
        10:51:48","contributor":"/gdc/account/profile/a4c644d7b42b65c34e5a0f46809f7164"}}}'
    http_version: 
  recorded_at: Thu, 21 Feb 2019 09:59:01 GMT
recorded_with: VCR 4.0.0
