---
http_interactions:
- request:
    method: get
    uri: https://staging3-lcm-prod.intgdc.com/gdc/dataload/projects/uxied118kzjwc2yzlzufb82fi3gaeuk5/outputStage
    body:
      encoding: US-ASCII
      string: ''
    headers:
      Accept:
      - application/json, application/zip
      Accept-Encoding:
      - gzip, deflate
      User-Agent:
      - gooddata-gem/1.3.3/x86_64-darwin16/2.3.4
      Content-Type:
      - application/json
      X-Gdc-Authtt:
      - "<X_GDC_AUTHTT>"
      X-Gdc-Request:
      - LLO1bbQKIJKr6Y7N4ZhtaQ:uSVllorhdqAREHCshBcEwg
      Host:
      - staging3-lcm-prod.intgdc.com
  response:
    status:
      code: 200
      message: OK
    headers:
      X-Gdc-Log-Header:
      - ''
      Date:
      - Thu, 13 Dec 2018 12:49:13 GMT
      Server:
      - GoodData WebApp
      Cache-Control:
      - no-cache, no-store, must-revalidate
      Content-Type:
      - application/json;charset=UTF-8
      X-Gdc-Request:
      - LLO1bbQKIJKr6Y7N4ZhtaQ:uSVllorhdqAREHCshBcEwg:3lBZqdPY7ZRaH5eb
      Vary:
      - origin
      X-Gdc-Request-Time:
      - '107'
      Transfer-Encoding:
      - chunked
      Strict-Transport-Security:
      - max-age=10886400; includeSubDomains; preload;
    body:
      encoding: ASCII-8BIT
      string: '{"outputStage":{"links":{"self":"/gdc/dataload/projects/uxied118kzjwc2yzlzufb82fi3gaeuk5/outputStage","outputStageDiff":"/gdc/dataload/projects/uxied118kzjwc2yzlzufb82fi3gaeuk5/outputStage/sqlDiff"}}}'
    http_version: 
  recorded_at: Thu, 13 Dec 2018 12:49:14 GMT
- request:
    method: get
    uri: https://staging3-lcm-prod.intgdc.com/gdc/dataload/projects/cn0e66ez01xxl9onyuukb08on756mpqm/outputStage
    body:
      encoding: US-ASCII
      string: ''
    headers:
      Accept:
      - application/json, application/zip
      Accept-Encoding:
      - gzip, deflate
      User-Agent:
      - gooddata-gem/1.3.3/x86_64-darwin16/2.3.4
      Content-Type:
      - application/json
      X-Gdc-Authtt:
      - "<X_GDC_AUTHTT>"
      X-Gdc-Request:
      - LLO1bbQKIJKr6Y7N4ZhtaQ:8Dmx_jK8AWRldOJVhPmZnA
      Host:
      - staging3-lcm-prod.intgdc.com
  response:
    status:
      code: 200
      message: OK
    headers:
      X-Gdc-Log-Header:
      - ''
      Date:
      - Thu, 13 Dec 2018 12:49:15 GMT
      Server:
      - GoodData WebApp
      Cache-Control:
      - no-cache, no-store, must-revalidate
      Content-Type:
      - application/json;charset=UTF-8
      X-Gdc-Request:
      - LLO1bbQKIJKr6Y7N4ZhtaQ:8Dmx_jK8AWRldOJVhPmZnA:k4yM2baQHLG04JXT
      Vary:
      - origin
      X-Gdc-Request-Time:
      - '147'
      Transfer-Encoding:
      - chunked
      Strict-Transport-Security:
      - max-age=10886400; includeSubDomains; preload;
    body:
      encoding: ASCII-8BIT
      string: '{"outputStage":{"links":{"self":"/gdc/dataload/projects/cn0e66ez01xxl9onyuukb08on756mpqm/outputStage","outputStageDiff":"/gdc/dataload/projects/cn0e66ez01xxl9onyuukb08on756mpqm/outputStage/sqlDiff"}}}'
    http_version: 
  recorded_at: Thu, 13 Dec 2018 12:49:15 GMT
- request:
    method: get
    uri: https://staging3-lcm-prod.intgdc.com/gdc/dataload/projects/np9cke7ukj3p139o276advdvtwjlin8v/outputStage
    body:
      encoding: US-ASCII
      string: ''
    headers:
      Accept:
      - application/json, application/zip
      Accept-Encoding:
      - gzip, deflate
      User-Agent:
      - gooddata-gem/1.3.3/x86_64-darwin16/2.3.4
      Content-Type:
      - application/json
      X-Gdc-Authtt:
      - "<X_GDC_AUTHTT>"
      X-Gdc-Request:
      - LLO1bbQKIJKr6Y7N4ZhtaQ:wjpjT-OENeu7MYIZkibleg
      Host:
      - staging3-lcm-prod.intgdc.com
  response:
    status:
      code: 200
      message: OK
    headers:
      X-Gdc-Log-Header:
      - ''
      Date:
      - Thu, 13 Dec 2018 12:49:17 GMT
      Server:
      - GoodData WebApp
      Cache-Control:
      - no-cache, no-store, must-revalidate
      Content-Type:
      - application/json;charset=UTF-8
      X-Gdc-Request:
      - LLO1bbQKIJKr6Y7N4ZhtaQ:wjpjT-OENeu7MYIZkibleg:wunbrVIcKYmulFjV
      Vary:
      - origin
      X-Gdc-Request-Time:
      - '101'
      Transfer-Encoding:
      - chunked
      Strict-Transport-Security:
      - max-age=10886400; includeSubDomains; preload;
    body:
      encoding: ASCII-8BIT
      string: '{"outputStage":{"links":{"self":"/gdc/dataload/projects/np9cke7ukj3p139o276advdvtwjlin8v/outputStage","outputStageDiff":"/gdc/dataload/projects/np9cke7ukj3p139o276advdvtwjlin8v/outputStage/sqlDiff"}}}'
    http_version: 
  recorded_at: Thu, 13 Dec 2018 12:49:17 GMT
- request:
    method: get
    uri: https://staging-lcm-prod.intgdc.com/gdc/dataload/projects/t2ksyc5wv8h5vr924y4w90r7qly5itzf/outputStage
    body:
      encoding: US-ASCII
      string: ''
    headers:
      Accept:
      - application/json, application/zip
      Accept-Encoding:
      - gzip, deflate
      User-Agent:
      - gooddata-gem/1.3.6/x86_64-darwin16/2.3.3
      Content-Type:
      - application/json
      X-Gdc-Authtt:
      - "<X_GDC_AUTHTT>"
      X-Gdc-Request:
      - WhZ7Jojorq8H0wuBTVl00g:baC2A0YARrxTaPmbL1G2sg
      Host:
      - staging-lcm-prod.intgdc.com
  response:
    status:
      code: 200
      message: OK
    headers:
      X-Gdc-Log-Header:
      - ''
      Date:
      - Mon, 21 Jan 2019 09:43:24 GMT
      Server:
      - GoodData WebApp
      Cache-Control:
      - no-cache, no-store, must-revalidate
      Content-Type:
      - application/json;charset=UTF-8
      X-Gdc-Request:
      - WhZ7Jojorq8H0wuBTVl00g:baC2A0YARrxTaPmbL1G2sg:qMUDS4Ry5QL3IFkg
      Vary:
      - origin
      X-Gdc-Request-Time:
      - '133'
      Transfer-Encoding:
      - chunked
      Strict-Transport-Security:
      - max-age=10886400; includeSubDomains; preload;
    body:
      encoding: ASCII-8BIT
      string: '{"outputStage":{"links":{"self":"/gdc/dataload/projects/t2ksyc5wv8h5vr924y4w90r7qly5itzf/outputStage","outputStageDiff":"/gdc/dataload/projects/t2ksyc5wv8h5vr924y4w90r7qly5itzf/outputStage/sqlDiff"}}}'
    http_version: 
  recorded_at: Mon, 21 Jan 2019 09:43:25 GMT
- request:
    method: get
    uri: https://staging-lcm-prod.intgdc.com/gdc/dataload/projects/b6i9k372fa30zvencu45w82hjhmbxvcd/outputStage
    body:
      encoding: US-ASCII
      string: ''
    headers:
      Accept:
      - application/json, application/zip
      Accept-Encoding:
      - gzip, deflate
      User-Agent:
      - gooddata-gem/1.3.6/x86_64-darwin16/2.3.3
      Content-Type:
      - application/json
      X-Gdc-Authtt:
      - "<X_GDC_AUTHTT>"
      X-Gdc-Request:
      - WhZ7Jojorq8H0wuBTVl00g:M2phjsggI6G9r7_5H99UzA
      Host:
      - staging-lcm-prod.intgdc.com
  response:
    status:
      code: 200
      message: OK
    headers:
      X-Gdc-Log-Header:
      - ''
      Date:
      - Mon, 21 Jan 2019 09:43:25 GMT
      Server:
      - GoodData WebApp
      Cache-Control:
      - no-cache, no-store, must-revalidate
      Content-Type:
      - application/json;charset=UTF-8
      X-Gdc-Request:
      - WhZ7Jojorq8H0wuBTVl00g:M2phjsggI6G9r7_5H99UzA:RTXbCft0V5kH6HVF
      Vary:
      - origin
      X-Gdc-Request-Time:
      - '132'
      Transfer-Encoding:
      - chunked
      Strict-Transport-Security:
      - max-age=10886400; includeSubDomains; preload;
    body:
      encoding: ASCII-8BIT
      string: '{"outputStage":{"links":{"self":"/gdc/dataload/projects/b6i9k372fa30zvencu45w82hjhmbxvcd/outputStage","outputStageDiff":"/gdc/dataload/projects/b6i9k372fa30zvencu45w82hjhmbxvcd/outputStage/sqlDiff"}}}'
    http_version: 
  recorded_at: Mon, 21 Jan 2019 09:43:25 GMT
- request:
    method: get
    uri: https://staging-lcm-prod.intgdc.com/gdc/dataload/projects/syfma5nx5pph2r603kh6y4972r8dleg8/outputStage
    body:
      encoding: US-ASCII
      string: ''
    headers:
      Accept:
      - application/json, application/zip
      Accept-Encoding:
      - gzip, deflate
      User-Agent:
      - gooddata-gem/1.3.6/x86_64-darwin16/2.3.3
      Content-Type:
      - application/json
      X-Gdc-Authtt:
      - "<X_GDC_AUTHTT>"
      X-Gdc-Request:
      - WhZ7Jojorq8H0wuBTVl00g:4gKXQtektDPuiGD4P0nI1w
      Host:
      - staging-lcm-prod.intgdc.com
  response:
    status:
      code: 200
      message: OK
    headers:
      X-Gdc-Log-Header:
      - ''
      Date:
      - Mon, 21 Jan 2019 09:43:25 GMT
      Server:
      - GoodData WebApp
      Cache-Control:
      - no-cache, no-store, must-revalidate
      Content-Type:
      - application/json;charset=UTF-8
      X-Gdc-Request:
      - WhZ7Jojorq8H0wuBTVl00g:4gKXQtektDPuiGD4P0nI1w:9QVIjwlkIzIge2sO
      Vary:
      - origin
      X-Gdc-Request-Time:
      - '126'
      Transfer-Encoding:
      - chunked
      Strict-Transport-Security:
      - max-age=10886400; includeSubDomains; preload;
    body:
      encoding: ASCII-8BIT
      string: '{"outputStage":{"links":{"self":"/gdc/dataload/projects/syfma5nx5pph2r603kh6y4972r8dleg8/outputStage","outputStageDiff":"/gdc/dataload/projects/syfma5nx5pph2r603kh6y4972r8dleg8/outputStage/sqlDiff"}}}'
    http_version: 
  recorded_at: Mon, 21 Jan 2019 09:43:26 GMT
- request:
    method: get
    uri: https://staging3-lcm-prod.intgdc.com/gdc/dataload/projects/usv2plnsajrcvwlxi4ky5fx9fpf25egg/outputStage
    body:
      encoding: US-ASCII
      string: ''
    headers:
      Accept:
      - application/json, application/zip
      Accept-Encoding:
      - gzip, deflate
      User-Agent:
      - gooddata-gem/1.3.6/x86_64-darwin16/2.3.3
      Content-Type:
      - application/json
      X-Gdc-Authtt:
      - "<X_GDC_AUTHTT>"
      X-Gdc-Request:
      - gIisXH-xSqeIbcipCrinig:kd_eZeLdlzodsZv2xf61mA
      Host:
      - staging3-lcm-prod.intgdc.com
  response:
    status:
      code: 200
      message: OK
    headers:
      X-Gdc-Log-Header:
      - ''
      Date:
      - Mon, 21 Jan 2019 12:59:34 GMT
      Server:
      - GoodData WebApp
      Cache-Control:
      - no-cache, no-store, must-revalidate
      Content-Type:
      - application/json;charset=UTF-8
      X-Gdc-Request:
      - gIisXH-xSqeIbcipCrinig:kd_eZeLdlzodsZv2xf61mA:k2JUUKbzIFvRyWgH
      Vary:
      - origin
      X-Gdc-Request-Time:
      - '111'
      Transfer-Encoding:
      - chunked
      Strict-Transport-Security:
      - max-age=10886400; includeSubDomains; preload;
    body:
      encoding: ASCII-8BIT
      string: '{"outputStage":{"links":{"self":"/gdc/dataload/projects/usv2plnsajrcvwlxi4ky5fx9fpf25egg/outputStage","outputStageDiff":"/gdc/dataload/projects/usv2plnsajrcvwlxi4ky5fx9fpf25egg/outputStage/sqlDiff"}}}'
    http_version: 
  recorded_at: Mon, 21 Jan 2019 12:59:34 GMT
- request:
    method: get
    uri: https://staging3-lcm-prod.intgdc.com/gdc/dataload/projects/e7gdvwe2ozfv3ndhw95a3gu5l568yntu/outputStage
    body:
      encoding: US-ASCII
      string: ''
    headers:
      Accept:
      - application/json, application/zip
      Accept-Encoding:
      - gzip, deflate
      User-Agent:
      - gooddata-gem/1.3.6/x86_64-darwin16/2.3.3
      Content-Type:
      - application/json
      X-Gdc-Authtt:
      - "<X_GDC_AUTHTT>"
      X-Gdc-Request:
      - gIisXH-xSqeIbcipCrinig:KOoB88aJcQrG4oxJdi9zlw
      Host:
      - staging3-lcm-prod.intgdc.com
  response:
    status:
      code: 200
      message: OK
    headers:
      X-Gdc-Log-Header:
      - ''
      Date:
      - Mon, 21 Jan 2019 12:59:34 GMT
      Server:
      - GoodData WebApp
      Cache-Control:
      - no-cache, no-store, must-revalidate
      Content-Type:
      - application/json;charset=UTF-8
      X-Gdc-Request:
      - gIisXH-xSqeIbcipCrinig:KOoB88aJcQrG4oxJdi9zlw:10eq7fUOYvG5KwjQ
      Vary:
      - origin
      X-Gdc-Request-Time:
      - '131'
      Transfer-Encoding:
      - chunked
      Strict-Transport-Security:
      - max-age=10886400; includeSubDomains; preload;
    body:
      encoding: ASCII-8BIT
      string: '{"outputStage":{"links":{"self":"/gdc/dataload/projects/e7gdvwe2ozfv3ndhw95a3gu5l568yntu/outputStage","outputStageDiff":"/gdc/dataload/projects/e7gdvwe2ozfv3ndhw95a3gu5l568yntu/outputStage/sqlDiff"}}}'
    http_version: 
  recorded_at: Mon, 21 Jan 2019 12:59:34 GMT
- request:
    method: get
    uri: https://staging3-lcm-prod.intgdc.com/gdc/dataload/projects/g6og09ase2wmxcu6jz95ndkl54cmbd3x/outputStage
    body:
      encoding: US-ASCII
      string: ''
    headers:
      Accept:
      - application/json, application/zip
      Accept-Encoding:
      - gzip, deflate
      User-Agent:
      - gooddata-gem/1.3.6/x86_64-darwin16/2.3.3
      Content-Type:
      - application/json
      X-Gdc-Authtt:
      - "<X_GDC_AUTHTT>"
      X-Gdc-Request:
      - gIisXH-xSqeIbcipCrinig:ggsSOqH4fgxKSCHgVedvhw
      Host:
      - staging3-lcm-prod.intgdc.com
  response:
    status:
      code: 200
      message: OK
    headers:
      X-Gdc-Log-Header:
      - ''
      Date:
      - Mon, 21 Jan 2019 12:59:35 GMT
      Server:
      - GoodData WebApp
      Cache-Control:
      - no-cache, no-store, must-revalidate
      Content-Type:
      - application/json;charset=UTF-8
      X-Gdc-Request:
      - gIisXH-xSqeIbcipCrinig:ggsSOqH4fgxKSCHgVedvhw:abkhe6cRDeXQNT5n
      Vary:
      - origin
      X-Gdc-Request-Time:
      - '108'
      Transfer-Encoding:
      - chunked
      Strict-Transport-Security:
      - max-age=10886400; includeSubDomains; preload;
    body:
      encoding: ASCII-8BIT
      string: '{"outputStage":{"links":{"self":"/gdc/dataload/projects/g6og09ase2wmxcu6jz95ndkl54cmbd3x/outputStage","outputStageDiff":"/gdc/dataload/projects/g6og09ase2wmxcu6jz95ndkl54cmbd3x/outputStage/sqlDiff"}}}'
    http_version: 
  recorded_at: Mon, 21 Jan 2019 12:59:36 GMT
- request:
    method: get
    uri: https://staging3-lcm-prod.intgdc.com/gdc/dataload/projects/b31fkm23j7ju9hufo1iy8al6s6v5m6xw/outputStage
    body:
      encoding: US-ASCII
      string: ''
    headers:
      Accept:
      - application/json, application/zip
      Accept-Encoding:
      - gzip, deflate
      User-Agent:
      - gooddata-gem/1.3.6/x86_64-darwin16/2.3.3
      Content-Type:
      - application/json
      X-Gdc-Authtt:
      - "<X_GDC_AUTHTT>"
      X-Gdc-Request:
      - ":K8sdEiUlQj5DSxX0nCQFkw:GkR7tSvPzl1w2DC2nqCHSA"
      Stats-On:
      - ''
      Host:
      - staging3-lcm-prod.intgdc.com
  response:
    status:
      code: 200
      message: OK
    headers:
      X-Gdc-Log-Header:
      - ''
      Date:
      - Wed, 23 Jan 2019 15:29:49 GMT
      Server:
      - GoodData WebApp
      Cache-Control:
      - no-cache, no-store, must-revalidate
      Content-Type:
      - application/json;charset=UTF-8
      X-Gdc-Request:
      - ":K8sdEiUlQj5DSxX0nCQFkw:GkR7tSvPzl1w2DC2nqCHSA:hU74Hbh9HqLd2ikM"
      Vary:
      - origin
      X-Gdc-Request-Time:
      - '107'
      Transfer-Encoding:
      - chunked
      Strict-Transport-Security:
      - max-age=10886400; includeSubDomains; preload;
    body:
      encoding: ASCII-8BIT
      string: '{"outputStage":{"links":{"self":"/gdc/dataload/projects/b31fkm23j7ju9hufo1iy8al6s6v5m6xw/outputStage","outputStageDiff":"/gdc/dataload/projects/b31fkm23j7ju9hufo1iy8al6s6v5m6xw/outputStage/sqlDiff"}}}'
    http_version: 
  recorded_at: Wed, 23 Jan 2019 15:29:50 GMT
- request:
    method: get
    uri: https://staging3-lcm-prod.intgdc.com/gdc/dataload/projects/f9wa9wqeet3vhevii70b0s5gf0osdbim/outputStage
    body:
      encoding: US-ASCII
      string: ''
    headers:
      Accept:
      - application/json, application/zip
      Accept-Encoding:
      - gzip, deflate
      User-Agent:
      - gooddata-gem/1.3.6/x86_64-darwin16/2.3.3
      Content-Type:
      - application/json
      X-Gdc-Authtt:
      - "<X_GDC_AUTHTT>"
      X-Gdc-Request:
      - ":K8sdEiUlQj5DSxX0nCQFkw:0w7h8Z-MCoUvLjZVwWXavw"
      Stats-On:
      - ''
      Host:
      - staging3-lcm-prod.intgdc.com
  response:
    status:
      code: 200
      message: OK
    headers:
      X-Gdc-Log-Header:
      - ''
      Date:
      - Wed, 23 Jan 2019 15:29:50 GMT
      Server:
      - GoodData WebApp
      Cache-Control:
      - no-cache, no-store, must-revalidate
      Content-Type:
      - application/json;charset=UTF-8
      X-Gdc-Request:
      - ":K8sdEiUlQj5DSxX0nCQFkw:0w7h8Z-MCoUvLjZVwWXavw:lltWV6mxeBHr2oDz"
      Vary:
      - origin
      X-Gdc-Request-Time:
      - '122'
      Transfer-Encoding:
      - chunked
      Strict-Transport-Security:
      - max-age=10886400; includeSubDomains; preload;
    body:
      encoding: ASCII-8BIT
      string: '{"outputStage":{"links":{"self":"/gdc/dataload/projects/f9wa9wqeet3vhevii70b0s5gf0osdbim/outputStage","outputStageDiff":"/gdc/dataload/projects/f9wa9wqeet3vhevii70b0s5gf0osdbim/outputStage/sqlDiff"}}}'
    http_version: 
  recorded_at: Wed, 23 Jan 2019 15:29:51 GMT
- request:
    method: get
    uri: https://staging3-lcm-prod.intgdc.com/gdc/dataload/projects/tjxh5yoltw6un996v7h4br75adbohat6/outputStage
    body:
      encoding: US-ASCII
      string: ''
    headers:
      Accept:
      - application/json, application/zip
      Accept-Encoding:
      - gzip, deflate
      User-Agent:
      - gooddata-gem/1.3.6/x86_64-darwin16/2.3.3
      Content-Type:
      - application/json
      X-Gdc-Authtt:
      - "<X_GDC_AUTHTT>"
      X-Gdc-Request:
      - ":K8sdEiUlQj5DSxX0nCQFkw:utRCxul0-wlDyUZV64HZMA"
      Stats-On:
      - ''
      Host:
      - staging3-lcm-prod.intgdc.com
  response:
    status:
      code: 200
      message: OK
    headers:
      X-Gdc-Log-Header:
      - ''
      Date:
      - Wed, 23 Jan 2019 15:29:50 GMT
      Server:
      - GoodData WebApp
      Cache-Control:
      - no-cache, no-store, must-revalidate
      Content-Type:
      - application/json;charset=UTF-8
      X-Gdc-Request:
      - ":K8sdEiUlQj5DSxX0nCQFkw:utRCxul0-wlDyUZV64HZMA:anNBCdcMWRDjREBB"
      Vary:
      - origin
      X-Gdc-Request-Time:
      - '113'
      Transfer-Encoding:
      - chunked
      Strict-Transport-Security:
      - max-age=10886400; includeSubDomains; preload;
    body:
      encoding: ASCII-8BIT
      string: '{"outputStage":{"links":{"self":"/gdc/dataload/projects/tjxh5yoltw6un996v7h4br75adbohat6/outputStage","outputStageDiff":"/gdc/dataload/projects/tjxh5yoltw6un996v7h4br75adbohat6/outputStage/sqlDiff"}}}'
    http_version: 
  recorded_at: Wed, 23 Jan 2019 15:29:51 GMT
- request:
    method: get
    uri: https://staging3-lcm-prod.intgdc.com/gdc/dataload/projects/ivwbovwp6dq6kqf4ilozpnlatk6qhnk1/outputStage
    body:
      encoding: US-ASCII
      string: ''
    headers:
      Accept:
      - application/json, application/zip
      Accept-Encoding:
      - gzip, deflate
      User-Agent:
      - gooddata-gem/1.3.6/x86_64-darwin16/2.3.3
      Content-Type:
      - application/json
      X-Gdc-Authtt:
      - "<X_GDC_AUTHTT>"
      X-Gdc-Request:
      - ":-oZm_E2EfjD5gWoAPe1wTA:CYh6VngNw3j6R5hgEXD9wA"
      Stats-On:
      - ''
      Host:
      - staging3-lcm-prod.intgdc.com
  response:
    status:
      code: 200
      message: OK
    headers:
      X-Gdc-Log-Header:
      - ''
      Date:
      - Wed, 23 Jan 2019 17:57:07 GMT
      Server:
      - GoodData WebApp
      Cache-Control:
      - no-cache, no-store, must-revalidate
      Content-Type:
      - application/json;charset=UTF-8
      X-Gdc-Request:
      - ":-oZm_E2EfjD5gWoAPe1wTA:CYh6VngNw3j6R5hgEXD9wA:yroyhiRPjQYy9rNX"
      Vary:
      - origin
      X-Gdc-Request-Time:
      - '108'
      Transfer-Encoding:
      - chunked
      Strict-Transport-Security:
      - max-age=10886400; includeSubDomains; preload;
    body:
      encoding: ASCII-8BIT
      string: '{"outputStage":{"links":{"self":"/gdc/dataload/projects/ivwbovwp6dq6kqf4ilozpnlatk6qhnk1/outputStage","outputStageDiff":"/gdc/dataload/projects/ivwbovwp6dq6kqf4ilozpnlatk6qhnk1/outputStage/sqlDiff"}}}'
    http_version: 
  recorded_at: Wed, 23 Jan 2019 17:57:07 GMT
- request:
    method: get
    uri: https://staging3-lcm-prod.intgdc.com/gdc/dataload/projects/htve31zh0epe65byr08xkjick364vd2m/outputStage
    body:
      encoding: US-ASCII
      string: ''
    headers:
      Accept:
      - application/json, application/zip
      Accept-Encoding:
      - gzip, deflate
      User-Agent:
      - gooddata-gem/1.3.6/x86_64-darwin16/2.3.3
      Content-Type:
      - application/json
      X-Gdc-Authtt:
      - "<X_GDC_AUTHTT>"
      X-Gdc-Request:
      - ":-oZm_E2EfjD5gWoAPe1wTA:-I1OcXTjECl2toJK6Cs9WQ"
      Stats-On:
      - ''
      Host:
      - staging3-lcm-prod.intgdc.com
  response:
    status:
      code: 200
      message: OK
    headers:
      X-Gdc-Log-Header:
      - ''
      Date:
      - Wed, 23 Jan 2019 17:57:07 GMT
      Server:
      - GoodData WebApp
      Cache-Control:
      - no-cache, no-store, must-revalidate
      Content-Type:
      - application/json;charset=UTF-8
      X-Gdc-Request:
      - ":-oZm_E2EfjD5gWoAPe1wTA:-I1OcXTjECl2toJK6Cs9WQ:tnGmd7tvluLO2gCu"
      Vary:
      - origin
      X-Gdc-Request-Time:
      - '107'
      Transfer-Encoding:
      - chunked
      Strict-Transport-Security:
      - max-age=10886400; includeSubDomains; preload;
    body:
      encoding: ASCII-8BIT
      string: '{"outputStage":{"links":{"self":"/gdc/dataload/projects/htve31zh0epe65byr08xkjick364vd2m/outputStage","outputStageDiff":"/gdc/dataload/projects/htve31zh0epe65byr08xkjick364vd2m/outputStage/sqlDiff"}}}'
    http_version: 
  recorded_at: Wed, 23 Jan 2019 17:57:08 GMT
- request:
    method: get
    uri: https://staging3-lcm-prod.intgdc.com/gdc/dataload/projects/j5bm98ukfi9ir0e34nby26sfxh1z15of/outputStage
    body:
      encoding: US-ASCII
      string: ''
    headers:
      Accept:
      - application/json, application/zip
      Accept-Encoding:
      - gzip, deflate
      User-Agent:
      - gooddata-gem/1.3.6/x86_64-darwin16/2.3.3
      Content-Type:
      - application/json
      X-Gdc-Authtt:
      - "<X_GDC_AUTHTT>"
      X-Gdc-Request:
      - ":-oZm_E2EfjD5gWoAPe1wTA:vmMznKE_sAASL62YwypR-w"
      Stats-On:
      - ''
      Host:
      - staging3-lcm-prod.intgdc.com
  response:
    status:
      code: 200
      message: OK
    headers:
      X-Gdc-Log-Header:
      - ''
      Date:
      - Wed, 23 Jan 2019 17:57:08 GMT
      Server:
      - GoodData WebApp
      Cache-Control:
      - no-cache, no-store, must-revalidate
      Content-Type:
      - application/json;charset=UTF-8
      X-Gdc-Request:
      - ":-oZm_E2EfjD5gWoAPe1wTA:vmMznKE_sAASL62YwypR-w:L8MztCRlICMXs3GA"
      Vary:
      - origin
      X-Gdc-Request-Time:
      - '102'
      Transfer-Encoding:
      - chunked
      Strict-Transport-Security:
      - max-age=10886400; includeSubDomains; preload;
    body:
      encoding: ASCII-8BIT
      string: '{"outputStage":{"links":{"self":"/gdc/dataload/projects/j5bm98ukfi9ir0e34nby26sfxh1z15of/outputStage","outputStageDiff":"/gdc/dataload/projects/j5bm98ukfi9ir0e34nby26sfxh1z15of/outputStage/sqlDiff"}}}'
    http_version: 
  recorded_at: Wed, 23 Jan 2019 17:57:08 GMT
- request:
    method: get
    uri: https://staging3-lcm-prod.intgdc.com/gdc/dataload/projects/shuxp0mpor74xb0zuxmnwd6fyiemqgfa/outputStage
    body:
      encoding: US-ASCII
      string: ''
    headers:
      Accept:
      - application/json, application/zip
      Accept-Encoding:
      - gzip, deflate
      User-Agent:
      - gooddata-gem/1.3.6/x86_64-darwin16/2.3.3
      Content-Type:
      - application/json
      X-Gdc-Authtt:
      - "<X_GDC_AUTHTT>"
      X-Gdc-Request:
      - ":GYp2dUbX-QCW9OOFLER72Q:PT8JBc3oMWtrbywXm-Z45g"
      Stats-On:
      - ''
      Host:
      - staging3-lcm-prod.intgdc.com
  response:
    status:
      code: 200
      message: OK
    headers:
      X-Gdc-Log-Header:
      - ''
      Date:
      - Thu, 24 Jan 2019 12:23:15 GMT
      Server:
      - GoodData WebApp
      Cache-Control:
      - no-cache, no-store, must-revalidate
      Content-Type:
      - application/json;charset=UTF-8
      X-Gdc-Request:
      - ":GYp2dUbX-QCW9OOFLER72Q:PT8JBc3oMWtrbywXm-Z45g:DIaZiRALqkS97LOm"
      Vary:
      - origin
      X-Gdc-Request-Time:
      - '110'
      Transfer-Encoding:
      - chunked
      Strict-Transport-Security:
      - max-age=10886400; includeSubDomains; preload;
    body:
      encoding: ASCII-8BIT
      string: '{"outputStage":{"links":{"self":"/gdc/dataload/projects/shuxp0mpor74xb0zuxmnwd6fyiemqgfa/outputStage","outputStageDiff":"/gdc/dataload/projects/shuxp0mpor74xb0zuxmnwd6fyiemqgfa/outputStage/sqlDiff"}}}'
    http_version: 
  recorded_at: Thu, 24 Jan 2019 12:23:15 GMT
- request:
    method: get
    uri: https://staging3-lcm-prod.intgdc.com/gdc/dataload/projects/f457svbcjd8qsu3lvdo75qx92mszjh5s/outputStage
    body:
      encoding: US-ASCII
      string: ''
    headers:
      Accept:
      - application/json, application/zip
      Accept-Encoding:
      - gzip, deflate
      User-Agent:
      - gooddata-gem/1.3.6/x86_64-darwin16/2.3.3
      Content-Type:
      - application/json
      X-Gdc-Authtt:
      - "<X_GDC_AUTHTT>"
      X-Gdc-Request:
      - ":GYp2dUbX-QCW9OOFLER72Q:-13lk66XV7wvGy9CDtabBQ"
      Stats-On:
      - ''
      Host:
      - staging3-lcm-prod.intgdc.com
  response:
    status:
      code: 200
      message: OK
    headers:
      X-Gdc-Log-Header:
      - ''
      Date:
      - Thu, 24 Jan 2019 12:23:15 GMT
      Server:
      - GoodData WebApp
      Cache-Control:
      - no-cache, no-store, must-revalidate
      Content-Type:
      - application/json;charset=UTF-8
      X-Gdc-Request:
      - ":GYp2dUbX-QCW9OOFLER72Q:-13lk66XV7wvGy9CDtabBQ:yHzhnQky1cJUjbyg"
      Vary:
      - origin
      X-Gdc-Request-Time:
      - '115'
      Transfer-Encoding:
      - chunked
      Strict-Transport-Security:
      - max-age=10886400; includeSubDomains; preload;
    body:
      encoding: ASCII-8BIT
      string: '{"outputStage":{"links":{"self":"/gdc/dataload/projects/f457svbcjd8qsu3lvdo75qx92mszjh5s/outputStage","outputStageDiff":"/gdc/dataload/projects/f457svbcjd8qsu3lvdo75qx92mszjh5s/outputStage/sqlDiff"}}}'
    http_version: 
  recorded_at: Thu, 24 Jan 2019 12:23:16 GMT
- request:
    method: get
    uri: https://staging3-lcm-prod.intgdc.com/gdc/dataload/projects/bn7g3g2j48mu8bd82mgvoi03fq37wpmc/outputStage
    body:
      encoding: US-ASCII
      string: ''
    headers:
      Accept:
      - application/json, application/zip
      Accept-Encoding:
      - gzip, deflate
      User-Agent:
      - gooddata-gem/1.3.6/x86_64-darwin16/2.3.3
      Content-Type:
      - application/json
      X-Gdc-Authtt:
      - "<X_GDC_AUTHTT>"
      X-Gdc-Request:
      - ":GYp2dUbX-QCW9OOFLER72Q:qoH-usjaYzZSaNEtW4V3NQ"
      Stats-On:
      - ''
      Host:
      - staging3-lcm-prod.intgdc.com
  response:
    status:
      code: 200
      message: OK
    headers:
      X-Gdc-Log-Header:
      - ''
      Date:
      - Thu, 24 Jan 2019 12:23:17 GMT
      Server:
      - GoodData WebApp
      Cache-Control:
      - no-cache, no-store, must-revalidate
      Content-Type:
      - application/json;charset=UTF-8
      X-Gdc-Request:
      - ":GYp2dUbX-QCW9OOFLER72Q:qoH-usjaYzZSaNEtW4V3NQ:0BQf381gVd2foZwb"
      Vary:
      - origin
      X-Gdc-Request-Time:
      - '103'
      Transfer-Encoding:
      - chunked
      Strict-Transport-Security:
      - max-age=10886400; includeSubDomains; preload;
    body:
      encoding: ASCII-8BIT
      string: '{"outputStage":{"links":{"self":"/gdc/dataload/projects/bn7g3g2j48mu8bd82mgvoi03fq37wpmc/outputStage","outputStageDiff":"/gdc/dataload/projects/bn7g3g2j48mu8bd82mgvoi03fq37wpmc/outputStage/sqlDiff"}}}'
    http_version: 
  recorded_at: Thu, 24 Jan 2019 12:23:17 GMT
recorded_with: VCR 4.0.0
