---
http_interactions:
- request:
    method: get
    uri: https://staging2-lcm-prod.intgdc.com/gdc/account/domains/staging2-lcm-prod/users?login=gemtest_64609@gooddata.com
    body:
      encoding: US-ASCII
      string: ''
    headers:
      Accept:
      - application/json, application/zip
      Accept-Encoding:
      - gzip, deflate
      User-Agent:
      - gooddata-gem/1.1.0/x86_64-linux/2.4.1
      Content-Type:
      - application/json
      X-Gdc-Authtt:
      - "<X_GDC_AUTHTT>"
      X-Gdc-Request:
      - 25mbedlRNqSEXPNndZCxCw:icSLWPH6mLr1oaJuwY9E5A
      Host:
      - staging2-lcm-prod.intgdc.com
  response:
    status:
      code: 200
      message: OK
    headers:
      X-Gdc-Log-Header:
      - ''
      Cache-Control:
      - no-cache, no-store, must-revalidate
      Content-Type:
      - application/json;charset=UTF-8
      Date:
      - Tue, 12 Jun 2018 09:06:16 GMT
      Server:
      - GoodData WebApp
      X-Gdc-Request:
      - 25mbedlRNqSEXPNndZCxCw:icSLWPH6mLr1oaJuwY9E5A:ujxjb5Vu93b7QhJw
      Vary:
      - origin
      X-Gdc-Request-Time:
      - '15'
      Transfer-Encoding:
      - chunked
      Strict-Transport-Security:
      - max-age=10886400; includeSubDomains; preload;
    body:
      encoding: ASCII-8BIT
      string: '{"accountSettings":{"paging":{"offset":0,"count":1},"items":[{"accountSetting":{"links":{"self":"/gdc/account/profile/b098706e0f6df2f2dd9823f8ab4dd57e","projects":"/gdc/account/profile/b098706e0f6df2f2dd9823f8ab4dd57e/projects"},"firstName":"FirstName","lastName":"LastName","companyName":null,"position":null,"created":"2018-06-12
        11:05:52","updated":"2018-06-12 11:05:52","country":null,"phoneNumber":null,"authenticationModes":[],"login":"gemtest_64609@gooddata.com","timezone":null,"email":"gemtest_64609@gooddata.com","language":"en-US","ipWhitelist":null,"effectiveIpWhitelist":null}}]}}'
    http_version: 
  recorded_at: Tue, 12 Jun 2018 09:06:16 GMT
- request:
    method: get
    uri: https://staging2-lcm-prod.intgdc.com/gdc/account/domains/staging2-lcm-prod/users?login=gemtest_535850@gooddata.com
    body:
      encoding: US-ASCII
      string: ''
    headers:
      Accept:
      - application/json, application/zip
      Accept-Encoding:
      - gzip, deflate
      User-Agent:
      - gooddata-gem/1.1.0/x86_64-linux/2.4.1
      Content-Type:
      - application/json
      X-Gdc-Authtt:
      - "<X_GDC_AUTHTT>"
      X-Gdc-Request:
      - 25mbedlRNqSEXPNndZCxCw:5tEG49HxY0Cd3eFIrFkKNw
      Host:
      - staging2-lcm-prod.intgdc.com
  response:
    status:
      code: 200
      message: OK
    headers:
      X-Gdc-Log-Header:
      - ''
      Cache-Control:
      - no-cache, no-store, must-revalidate
      Content-Type:
      - application/json;charset=UTF-8
      Date:
      - Tue, 12 Jun 2018 09:06:17 GMT
      Server:
      - GoodData WebApp
      X-Gdc-Request:
      - 25mbedlRNqSEXPNndZCxCw:5tEG49HxY0Cd3eFIrFkKNw:9uj5wltOVsNJ2RD5
      Vary:
      - origin
      X-Gdc-Request-Time:
      - '17'
      Transfer-Encoding:
      - chunked
      Strict-Transport-Security:
      - max-age=10886400; includeSubDomains; preload;
    body:
      encoding: ASCII-8BIT
      string: '{"accountSettings":{"paging":{"offset":0,"count":1},"items":[{"accountSetting":{"links":{"self":"/gdc/account/profile/3b44d9952d76b9c6e9bd3d2d8cb987ef","projects":"/gdc/account/profile/3b44d9952d76b9c6e9bd3d2d8cb987ef/projects"},"firstName":"X","lastName":"X","companyName":null,"position":null,"created":"2018-06-12
        11:05:53","updated":"2018-06-12 11:05:53","country":null,"phoneNumber":null,"authenticationModes":[],"login":"gemtest_535850@gooddata.com","timezone":null,"email":"gemtest_535850@gooddata.com","language":"en-US","ipWhitelist":null,"effectiveIpWhitelist":null}}]}}'
    http_version: 
  recorded_at: Tue, 12 Jun 2018 09:06:17 GMT
- request:
    method: delete
    uri: https://staging2-lcm-prod.intgdc.com/gdc/account/profile/b098706e0f6df2f2dd9823f8ab4dd57e
    body:
      encoding: US-ASCII
      string: ''
    headers:
      Accept:
      - application/json, application/zip
      Accept-Encoding:
      - gzip, deflate
      User-Agent:
      - gooddata-gem/1.1.0/x86_64-linux/2.4.1
      Content-Type:
      - application/json
      X-Gdc-Authtt:
      - "<X_GDC_AUTHTT>"
      X-Gdc-Request:
      - 25mbedlRNqSEXPNndZCxCw:KGSvvHPsgMDtA84du00TRQ
      Host:
      - staging2-lcm-prod.intgdc.com
  response:
    status:
      code: 200
      message: OK
    headers:
      Date:
      - Tue, 12 Jun 2018 09:06:18 GMT
      Server:
      - GoodData WebApp
      Keep-Alive:
      - timeout=5, max=91
      X-Gdc-Log-Header:
      - ''
      Cache-Control:
      - no-cache, no-store, must-revalidate
      X-Gdc-Request-Time:
      - '100'
      X-Gdc-Request:
      - 25mbedlRNqSEXPNndZCxCw:KGSvvHPsgMDtA84du00TRQ:SQi2McjD81KxNgQA
      Vary:
      - origin
      Transfer-Encoding:
      - chunked
      Strict-Transport-Security:
      - max-age=10886400; includeSubDomains; preload;
    body:
      encoding: ASCII-8BIT
      string: ''
    http_version: 
  recorded_at: Tue, 12 Jun 2018 09:06:18 GMT
- request:
    method: delete
    uri: https://staging2-lcm-prod.intgdc.com/gdc/account/profile/3b44d9952d76b9c6e9bd3d2d8cb987ef
    body:
      encoding: US-ASCII
      string: ''
    headers:
      Accept:
      - application/json, application/zip
      Accept-Encoding:
      - gzip, deflate
      User-Agent:
      - gooddata-gem/1.1.0/x86_64-linux/2.4.1
      Content-Type:
      - application/json
      X-Gdc-Authtt:
      - "<X_GDC_AUTHTT>"
      X-Gdc-Request:
      - 25mbedlRNqSEXPNndZCxCw:d4myGDqzFZlhiVmU3heSTw
      Host:
      - staging2-lcm-prod.intgdc.com
  response:
    status:
      code: 200
      message: OK
    headers:
      Date:
      - Tue, 12 Jun 2018 09:06:19 GMT
      Server:
      - GoodData WebApp
      Keep-Alive:
      - timeout=5, max=86
      X-Gdc-Log-Header:
      - ''
      Cache-Control:
      - no-cache, no-store, must-revalidate
      X-Gdc-Request-Time:
      - '79'
      X-Gdc-Request:
      - 25mbedlRNqSEXPNndZCxCw:d4myGDqzFZlhiVmU3heSTw:MKVqoE61fwErMNRh
      Vary:
      - origin
      Transfer-Encoding:
      - chunked
      Strict-Transport-Security:
      - max-age=10886400; includeSubDomains; preload;
    body:
      encoding: ASCII-8BIT
      string: ''
    http_version: 
  recorded_at: Tue, 12 Jun 2018 09:06:19 GMT
- request:
    method: get
    uri: https://staging2-lcm-prod.intgdc.com/gdc/account/domains/staging2-lcm-prod/users?login=gemtest_344731@gooddata.com
    body:
      encoding: US-ASCII
      string: ''
    headers:
      Accept:
      - application/json, application/zip
      Accept-Encoding:
      - gzip, deflate
      User-Agent:
      - gooddata-gem/1.3.1/x86_64-darwin16/2.3.3
      Content-Type:
      - application/json
      X-Gdc-Authtt:
      - "<X_GDC_AUTHTT>"
      X-Gdc-Request:
      - LXWUgW5kFq1hnrhQx20fmw:SVkilLWZ9wP4z0JhUqsloA
      Host:
      - staging2-lcm-prod.intgdc.com
  response:
    status:
      code: 200
      message: OK
    headers:
      X-Gdc-Log-Header:
      - ''
      Cache-Control:
      - no-cache, no-store, must-revalidate
      Content-Type:
      - application/json;charset=UTF-8
      Date:
      - Fri, 05 Oct 2018 12:49:20 GMT
      Server:
      - GoodData WebApp
      X-Gdc-Request:
      - LXWUgW5kFq1hnrhQx20fmw:SVkilLWZ9wP4z0JhUqsloA:PS0mXK4Fbiw80nHV
      Vary:
      - origin
      X-Gdc-Request-Time:
      - '15'
      Transfer-Encoding:
      - chunked
      Strict-Transport-Security:
      - max-age=10886400; includeSubDomains; preload;
    body:
      encoding: ASCII-8BIT
      string: '{"accountSettings":{"paging":{"offset":0,"count":1},"items":[{"accountSetting":{"links":{"self":"/gdc/account/profile/bd5c481fa83d48a05a235fd2ae23700c","projects":"/gdc/account/profile/bd5c481fa83d48a05a235fd2ae23700c/projects"},"firstName":"FirstName","lastName":"LastName","companyName":null,"position":null,"created":"2018-10-05
        14:47:55","updated":"2018-10-05 14:47:55","country":null,"phoneNumber":null,"authenticationModes":[],"login":"gemtest_344731@gooddata.com","timezone":null,"email":"gemtest_344731@gooddata.com","language":"en-US","ipWhitelist":null,"effectiveIpWhitelist":null}}]}}'
    http_version: 
  recorded_at: Fri, 05 Oct 2018 12:49:20 GMT
- request:
    method: get
    uri: https://staging2-lcm-prod.intgdc.com/gdc/account/domains/staging2-lcm-prod/users?login=gemtest_314439@gooddata.com
    body:
      encoding: US-ASCII
      string: ''
    headers:
      Accept:
      - application/json, application/zip
      Accept-Encoding:
      - gzip, deflate
      User-Agent:
      - gooddata-gem/1.3.1/x86_64-darwin16/2.3.3
      Content-Type:
      - application/json
      X-Gdc-Authtt:
      - "<X_GDC_AUTHTT>"
      X-Gdc-Request:
      - LXWUgW5kFq1hnrhQx20fmw:oPMkCRWEUd2VjNNH6t9EWw
      Host:
      - staging2-lcm-prod.intgdc.com
  response:
    status:
      code: 200
      message: OK
    headers:
      X-Gdc-Log-Header:
      - ''
      Cache-Control:
      - no-cache, no-store, must-revalidate
      Content-Type:
      - application/json;charset=UTF-8
      Date:
      - Fri, 05 Oct 2018 12:49:20 GMT
      Server:
      - GoodData WebApp
      X-Gdc-Request:
      - LXWUgW5kFq1hnrhQx20fmw:oPMkCRWEUd2VjNNH6t9EWw:jNQA7LwxEm5zfFOp
      Vary:
      - origin
      X-Gdc-Request-Time:
      - '18'
      Transfer-Encoding:
      - chunked
      Strict-Transport-Security:
      - max-age=10886400; includeSubDomains; preload;
    body:
      encoding: ASCII-8BIT
      string: '{"accountSettings":{"paging":{"offset":0,"count":1},"items":[{"accountSetting":{"links":{"self":"/gdc/account/profile/7e14e5b058be01496e0c79cffea210db","projects":"/gdc/account/profile/7e14e5b058be01496e0c79cffea210db/projects"},"firstName":"X","lastName":"X","companyName":null,"position":null,"created":"2018-10-05
        14:47:57","updated":"2018-10-05 14:47:57","country":null,"phoneNumber":null,"authenticationModes":[],"login":"gemtest_314439@gooddata.com","timezone":null,"email":"gemtest_314439@gooddata.com","language":"en-US","ipWhitelist":null,"effectiveIpWhitelist":null}}]}}'
    http_version: 
  recorded_at: Fri, 05 Oct 2018 12:49:21 GMT
- request:
    method: delete
    uri: https://staging2-lcm-prod.intgdc.com/gdc/account/profile/bd5c481fa83d48a05a235fd2ae23700c
    body:
      encoding: US-ASCII
      string: ''
    headers:
      Accept:
      - application/json, application/zip
      Accept-Encoding:
      - gzip, deflate
      User-Agent:
      - gooddata-gem/1.3.1/x86_64-darwin16/2.3.3
      Content-Type:
      - application/json
      X-Gdc-Authtt:
      - "<X_GDC_AUTHTT>"
      X-Gdc-Request:
      - LXWUgW5kFq1hnrhQx20fmw:PtotSK4i_gJqwwBxp2bYpw
      Host:
      - staging2-lcm-prod.intgdc.com
  response:
    status:
      code: 200
      message: OK
    headers:
      Date:
      - Fri, 05 Oct 2018 12:49:21 GMT
      Server:
      - GoodData WebApp
      Keep-Alive:
      - timeout=5, max=95
      X-Gdc-Log-Header:
      - ''
      Cache-Control:
      - no-cache, no-store, must-revalidate
      X-Gdc-Request-Time:
      - '80'
      X-Gdc-Request:
      - LXWUgW5kFq1hnrhQx20fmw:PtotSK4i_gJqwwBxp2bYpw:71iDLg9VurAFWR9Q
      Vary:
      - origin
      Transfer-Encoding:
      - chunked
      Strict-Transport-Security:
      - max-age=10886400; includeSubDomains; preload;
    body:
      encoding: ASCII-8BIT
      string: ''
    http_version: 
  recorded_at: Fri, 05 Oct 2018 12:49:21 GMT
- request:
    method: delete
    uri: https://staging2-lcm-prod.intgdc.com/gdc/account/profile/7e14e5b058be01496e0c79cffea210db
    body:
      encoding: US-ASCII
      string: ''
    headers:
      Accept:
      - application/json, application/zip
      Accept-Encoding:
      - gzip, deflate
      User-Agent:
      - gooddata-gem/1.3.1/x86_64-darwin16/2.3.3
      Content-Type:
      - application/json
      X-Gdc-Authtt:
      - "<X_GDC_AUTHTT>"
      X-Gdc-Request:
      - LXWUgW5kFq1hnrhQx20fmw:5bczzGJF2rgXdBERKVYK2Q
      Host:
      - staging2-lcm-prod.intgdc.com
  response:
    status:
      code: 200
      message: OK
    headers:
      Date:
      - Fri, 05 Oct 2018 12:49:22 GMT
      Server:
      - GoodData WebApp
      Keep-Alive:
      - timeout=5, max=98
      X-Gdc-Log-Header:
      - ''
      Cache-Control:
      - no-cache, no-store, must-revalidate
      X-Gdc-Request-Time:
      - '70'
      X-Gdc-Request:
      - LXWUgW5kFq1hnrhQx20fmw:5bczzGJF2rgXdBERKVYK2Q:DVPnLjHfyXvAOVNo
      Vary:
      - origin
      Transfer-Encoding:
      - chunked
      Strict-Transport-Security:
      - max-age=10886400; includeSubDomains; preload;
    body:
      encoding: ASCII-8BIT
      string: ''
    http_version: 
  recorded_at: Fri, 05 Oct 2018 12:49:22 GMT
- request:
    method: get
    uri: https://staging2-lcm-prod.intgdc.com/gdc/account/domains/staging2-lcm-prod/users?login=gemtest_126107@gooddata.com
    body:
      encoding: US-ASCII
      string: ''
    headers:
      Accept:
      - application/json, application/zip
      Accept-Encoding:
      - gzip, deflate
      User-Agent:
      - gooddata-gem/1.3.2/x86_64-darwin16/2.3.3
      Content-Type:
      - application/json
      X-Gdc-Authtt:
      - "<X_GDC_AUTHTT>"
      X-Gdc-Request:
      - vMKcyPvLxtF2Pm3vGcsZLA:SO3XiANoER-vrJu_NBOrmw
      Host:
      - staging2-lcm-prod.intgdc.com
  response:
    status:
      code: 200
      message: OK
    headers:
      X-Gdc-Log-Header:
      - ''
      Cache-Control:
      - no-cache, no-store, must-revalidate
      Content-Type:
      - application/json;charset=UTF-8
      Date:
      - Wed, 10 Oct 2018 10:48:14 GMT
      Server:
      - GoodData WebApp
      X-Gdc-Request:
      - vMKcyPvLxtF2Pm3vGcsZLA:SO3XiANoER-vrJu_NBOrmw:BoiGHaEM7T2scbsO
      Vary:
      - origin
      X-Gdc-Request-Time:
      - '14'
      Transfer-Encoding:
      - chunked
      Strict-Transport-Security:
      - max-age=10886400; includeSubDomains; preload;
    body:
      encoding: ASCII-8BIT
      string: '{"accountSettings":{"paging":{"offset":0,"count":1},"items":[{"accountSetting":{"links":{"self":"/gdc/account/profile/e274526a2e148547d4488aae26d30279","projects":"/gdc/account/profile/e274526a2e148547d4488aae26d30279/projects"},"firstName":"FirstName","lastName":"LastName","companyName":null,"position":null,"created":"2018-10-10
        12:46:19","updated":"2018-10-10 12:46:19","country":null,"phoneNumber":null,"authenticationModes":[],"login":"gemtest_126107@gooddata.com","timezone":null,"email":"gemtest_126107@gooddata.com","language":"en-US","ipWhitelist":null,"effectiveIpWhitelist":null}}]}}'
    http_version: 
  recorded_at: Wed, 10 Oct 2018 10:48:14 GMT
- request:
    method: get
    uri: https://staging2-lcm-prod.intgdc.com/gdc/account/domains/staging2-lcm-prod/users?login=gemtest_490326@gooddata.com
    body:
      encoding: US-ASCII
      string: ''
    headers:
      Accept:
      - application/json, application/zip
      Accept-Encoding:
      - gzip, deflate
      User-Agent:
      - gooddata-gem/1.3.2/x86_64-darwin16/2.3.3
      Content-Type:
      - application/json
      X-Gdc-Authtt:
      - "<X_GDC_AUTHTT>"
      X-Gdc-Request:
      - vMKcyPvLxtF2Pm3vGcsZLA:hFX324aHUXl0blmjiHutew
      Host:
      - staging2-lcm-prod.intgdc.com
  response:
    status:
      code: 200
      message: OK
    headers:
      X-Gdc-Log-Header:
      - ''
      Cache-Control:
      - no-cache, no-store, must-revalidate
      Content-Type:
      - application/json;charset=UTF-8
      Date:
      - Wed, 10 Oct 2018 10:48:14 GMT
      Server:
      - GoodData WebApp
      X-Gdc-Request:
      - vMKcyPvLxtF2Pm3vGcsZLA:hFX324aHUXl0blmjiHutew:BfzZ8UHTHDWpfJL1
      Vary:
      - origin
      X-Gdc-Request-Time:
      - '15'
      Transfer-Encoding:
      - chunked
      Strict-Transport-Security:
      - max-age=10886400; includeSubDomains; preload;
    body:
      encoding: ASCII-8BIT
      string: '{"accountSettings":{"paging":{"offset":0,"count":1},"items":[{"accountSetting":{"links":{"self":"/gdc/account/profile/6fc8a3dde184ad0321036bfa81bf6d74","projects":"/gdc/account/profile/6fc8a3dde184ad0321036bfa81bf6d74/projects"},"firstName":"X","lastName":"X","companyName":null,"position":null,"created":"2018-10-10
        12:46:21","updated":"2018-10-10 12:46:21","country":null,"phoneNumber":null,"authenticationModes":[],"login":"gemtest_490326@gooddata.com","timezone":null,"email":"gemtest_490326@gooddata.com","language":"en-US","ipWhitelist":null,"effectiveIpWhitelist":null}}]}}'
    http_version: 
  recorded_at: Wed, 10 Oct 2018 10:48:15 GMT
- request:
    method: delete
    uri: https://staging2-lcm-prod.intgdc.com/gdc/account/profile/e274526a2e148547d4488aae26d30279
    body:
      encoding: US-ASCII
      string: ''
    headers:
      Accept:
      - application/json, application/zip
      Accept-Encoding:
      - gzip, deflate
      User-Agent:
      - gooddata-gem/1.3.2/x86_64-darwin16/2.3.3
      Content-Type:
      - application/json
      X-Gdc-Authtt:
      - "<X_GDC_AUTHTT>"
      X-Gdc-Request:
      - vMKcyPvLxtF2Pm3vGcsZLA:12RubXW7WORI5zNa-DFr_g
      Host:
      - staging2-lcm-prod.intgdc.com
  response:
    status:
      code: 200
      message: OK
    headers:
      Date:
      - Wed, 10 Oct 2018 10:48:15 GMT
      Server:
      - GoodData WebApp
      Keep-Alive:
      - timeout=5, max=100
      X-Gdc-Log-Header:
      - ''
      Cache-Control:
      - no-cache, no-store, must-revalidate
      X-Gdc-Request-Time:
      - '74'
      X-Gdc-Request:
      - vMKcyPvLxtF2Pm3vGcsZLA:12RubXW7WORI5zNa-DFr_g:pM1U07KArZhqrozk
      Vary:
      - origin
      Transfer-Encoding:
      - chunked
      Strict-Transport-Security:
      - max-age=10886400; includeSubDomains; preload;
    body:
      encoding: ASCII-8BIT
      string: ''
    http_version: 
  recorded_at: Wed, 10 Oct 2018 10:48:16 GMT
- request:
    method: delete
    uri: https://staging2-lcm-prod.intgdc.com/gdc/account/profile/6fc8a3dde184ad0321036bfa81bf6d74
    body:
      encoding: US-ASCII
      string: ''
    headers:
      Accept:
      - application/json, application/zip
      Accept-Encoding:
      - gzip, deflate
      User-Agent:
      - gooddata-gem/1.3.2/x86_64-darwin16/2.3.3
      Content-Type:
      - application/json
      X-Gdc-Authtt:
      - "<X_GDC_AUTHTT>"
      X-Gdc-Request:
      - vMKcyPvLxtF2Pm3vGcsZLA:6OwCWyrD8E-59QvzOt-ndg
      Host:
      - staging2-lcm-prod.intgdc.com
  response:
    status:
      code: 200
      message: OK
    headers:
      Date:
      - Wed, 10 Oct 2018 10:48:16 GMT
      Server:
      - GoodData WebApp
      Keep-Alive:
      - timeout=5, max=100
      X-Gdc-Log-Header:
      - ''
      Cache-Control:
      - no-cache, no-store, must-revalidate
      X-Gdc-Request-Time:
      - '70'
      X-Gdc-Request:
      - vMKcyPvLxtF2Pm3vGcsZLA:6OwCWyrD8E-59QvzOt-ndg:gH28lAz5yC7DWe33
      Vary:
      - origin
      Transfer-Encoding:
      - chunked
      Strict-Transport-Security:
      - max-age=10886400; includeSubDomains; preload;
    body:
      encoding: ASCII-8BIT
      string: ''
    http_version: 
  recorded_at: Wed, 10 Oct 2018 10:48:16 GMT
- request:
    method: get
    uri: https://staging2-lcm-prod.intgdc.com/gdc/account/token
    body:
      encoding: US-ASCII
      string: ''
    headers:
      Accept:
      - application/json, application/zip
      Accept-Encoding:
      - gzip, deflate
      User-Agent:
      - gooddata-gem/1.3.6/x86_64-linux/2.3.6
      Content-Type:
      - application/json
      X-Gdc-Authtt:
      - "<X_GDC_AUTHTT>"
      X-Gdc-Request:
      - ":AoVreTupz9cXirXUf1UMnQ:Jes9VtFXb6XJ6YqcNvQNPQ"
      X-Gdc-Authsst:
      - "<X_GDC_AUTHSST>"
      Dont-Reauth:
      - 'true'
      Host:
      - staging2-lcm-prod.intgdc.com
  response:
    status:
      code: 401
      message: Unauthorized
    headers:
      Www-Authenticate:
      - GoodData realm="GoodData API" cookie=GDCAuthSST location=/gdc/account/login
      Set-Cookie:
      - GDCAuthSST=""; Expires=Thu, 01-Jan-1970 00:00:10 GMT; Path=/gdc/account; Secure
      X-Gdc-Log-Header:
      - ''
      Cache-Control:
      - no-cache, no-store, must-revalidate
      Date:
      - Thu, 24 Jan 2019 12:30:35 GMT
      Server:
      - GoodData WebApp
      X-Gdc-Request-Time:
      - '15'
      X-Gdc-Request:
      - ":AoVreTupz9cXirXUf1UMnQ:Jes9VtFXb6XJ6YqcNvQNPQ:GYoIUjCw8aUkjl1v"
      Vary:
      - origin
      Transfer-Encoding:
      - chunked
      Strict-Transport-Security:
      - max-age=10886400; includeSubDomains; preload;
    body:
      encoding: ASCII-8BIT
      string: ''
    http_version: 
  recorded_at: Thu, 24 Jan 2019 12:30:35 GMT
- request:
    method: get
    uri: https://staging2-lcm-prod.intgdc.com/gdc/account/token
    body:
      encoding: US-ASCII
      string: ''
    headers:
      Accept:
      - application/json, application/zip
      Accept-Encoding:
      - gzip, deflate
      User-Agent:
      - gooddata-gem/1.3.6/x86_64-linux/2.3.6
      Content-Type:
      - application/json
      X-Gdc-Authtt:
      - "<X_GDC_AUTHTT>"
      X-Gdc-Request:
      - ":AoVreTupz9cXirXUf1UMnQ:Jes9VtFXb6XJ6YqcNvQNPQ"
      X-Gdc-Authsst:
      - "<X_GDC_AUTHSST>"
      Dont-Reauth:
      - 'true'
      Host:
      - staging2-lcm-prod.intgdc.com
  response:
    status:
      code: 401
      message: Unauthorized
    headers:
      Www-Authenticate:
      - GoodData realm="GoodData API" cookie=GDCAuthSST location=/gdc/account/login
      Set-Cookie:
      - GDCAuthSST=""; Expires=Thu, 01-Jan-1970 00:00:10 GMT; Path=/gdc/account; Secure
      X-Gdc-Log-Header:
      - ''
      Cache-Control:
      - no-cache, no-store, must-revalidate
      Date:
      - Thu, 24 Jan 2019 12:30:35 GMT
      Server:
      - GoodData WebApp
      X-Gdc-Request-Time:
      - '16'
      X-Gdc-Request:
      - ":AoVreTupz9cXirXUf1UMnQ:Jes9VtFXb6XJ6YqcNvQNPQ:vn6B9K5AJrBNupeJ"
      Vary:
      - origin
      Transfer-Encoding:
      - chunked
      Strict-Transport-Security:
      - max-age=10886400; includeSubDomains; preload;
    body:
      encoding: ASCII-8BIT
      string: ''
    http_version: 
  recorded_at: Thu, 24 Jan 2019 12:30:35 GMT
- request:
    method: get
    uri: https://staging2-lcm-prod.intgdc.com/gdc/account/token
    body:
      encoding: US-ASCII
      string: ''
    headers:
      Accept:
      - application/json, application/zip
      Accept-Encoding:
      - gzip, deflate
      User-Agent:
      - gooddata-gem/1.3.6/x86_64-linux/2.3.6
      Content-Type:
      - application/json
      X-Gdc-Authtt:
      - "<X_GDC_AUTHTT>"
      X-Gdc-Request:
      - ":AoVreTupz9cXirXUf1UMnQ:Jes9VtFXb6XJ6YqcNvQNPQ"
      X-Gdc-Authsst:
      - "<X_GDC_AUTHSST>"
      Dont-Reauth:
      - 'true'
      Host:
      - staging2-lcm-prod.intgdc.com
  response:
    status:
      code: 401
      message: Unauthorized
    headers:
      Www-Authenticate:
      - GoodData realm="GoodData API" cookie=GDCAuthSST location=/gdc/account/login
      Set-Cookie:
      - GDCAuthSST=""; Expires=Thu, 01-Jan-1970 00:00:10 GMT; Path=/gdc/account; Secure
      X-Gdc-Log-Header:
      - ''
      Cache-Control:
      - no-cache, no-store, must-revalidate
      Date:
      - Thu, 24 Jan 2019 12:30:36 GMT
      Server:
      - GoodData WebApp
      X-Gdc-Request-Time:
      - '16'
      X-Gdc-Request:
      - ":AoVreTupz9cXirXUf1UMnQ:Jes9VtFXb6XJ6YqcNvQNPQ:mHHyhVHMXX8MyIN3"
      Vary:
      - origin
      Transfer-Encoding:
      - chunked
      Strict-Transport-Security:
      - max-age=10886400; includeSubDomains; preload;
    body:
      encoding: ASCII-8BIT
      string: ''
    http_version: 
  recorded_at: Thu, 24 Jan 2019 12:30:36 GMT
- request:
    method: post
    uri: https://staging2-lcm-prod.intgdc.com/gdc/account/login
    body:
      encoding: UTF-8
      string: '{"postUserLogin":{"login":"rubydev+admin@gooddata.com","password":"<PASSWORD>","remember":1,"verify_level":2}}'
    headers:
      Accept:
      - application/json, application/zip
      Accept-Encoding:
      - gzip, deflate
      User-Agent:
      - gooddata-gem/1.3.6/x86_64-linux/2.3.6
      Content-Type:
      - application/json
      X-Gdc-Authtt:
      - ''
      X-Gdc-Request:
      - ":t4pPiA_Rw5mUR_qI0Z7msQ:pc49u05bKe1cdN6vi_GEbg"
      Dont-Reauth:
      - 'true'
      Content-Length:
      - '110'
      Host:
      - staging2-lcm-prod.intgdc.com
  response:
    status:
      code: 200
      message: OK
    headers:
      X-Gdc-Authsst:
      - "<X_GDC_AUTHSST>"
      X-Gdc-Authtt:
      - "<X_GDC_AUTHTT>"
      Expires:
      - Thu, 01 Jan 1970 00:00:00 GMT
      Cache-Control:
      - no-store, no-cache, must-revalidate, max-age=0
      Pragma:
      - no-cache
      P3p:
      - CP='IDC DSP COR ADM DEVi TAIi PSA PSD IVAi IVDi CONi HIS OUR IND CNT'
      X-Gdc-Log-Header:
      - ''
      Content-Type:
      - application/json;charset=UTF-8
      Date:
      - Thu, 24 Jan 2019 13:01:25 GMT
      Server:
      - GoodData WebApp
      X-Gdc-Request:
      - ":t4pPiA_Rw5mUR_qI0Z7msQ:pc49u05bKe1cdN6vi_GEbg:babNjZSj90NkghXx"
      Vary:
      - origin
      X-Gdc-Request-Time:
      - '53'
      Transfer-Encoding:
      - chunked
      Strict-Transport-Security:
      - max-age=10886400; includeSubDomains; preload;
    body:
      encoding: ASCII-8BIT
      string: '{"userLogin":{"profile":"/gdc/account/profile/5ad80b895edcc438e5a4418e222733fa","state":"/gdc/account/login/5ad80b895edcc438e5a4418e222733fa","token":"<TOKEN>"}}'
    http_version: 
  recorded_at: Thu, 24 Jan 2019 13:01:26 GMT
- request:
    method: get
    uri: https://staging2-lcm-prod.intgdc.com/gdc/account/token
    body:
      encoding: US-ASCII
      string: ''
    headers:
      Accept:
      - application/json, application/zip
      Accept-Encoding:
      - gzip, deflate
      User-Agent:
      - gooddata-gem/1.3.6/x86_64-linux/2.3.6
      Content-Type:
      - application/json
      X-Gdc-Authtt:
      - "<X_GDC_AUTHTT>"
      X-Gdc-Request:
      - ":t4pPiA_Rw5mUR_qI0Z7msQ:gpN7Om2XmzeDEuVaSiDgkw"
      X-Gdc-Authsst:
      - "<X_GDC_AUTHSST>"
      Dont-Reauth:
      - 'true'
      Host:
      - staging2-lcm-prod.intgdc.com
  response:
    status:
      code: 200
      message: OK
    headers:
      Expires:
      - Thu, 01 Jan 1970 00:00:00 GMT
      Cache-Control:
      - no-store, no-cache, must-revalidate, max-age=0
      Pragma:
      - no-cache
      P3p:
      - CP='IDC DSP COR ADM DEVi TAIi PSA PSD IVAi IVDi CONi HIS OUR IND CNT'
      X-Gdc-Authtt:
      - "<X_GDC_AUTHTT>"
      X-Gdc-Log-Header:
      - ''
      Content-Type:
      - application/json
      Date:
      - Thu, 24 Jan 2019 13:01:25 GMT
      Server:
      - GoodData WebApp
      X-Gdc-Request:
      - ":t4pPiA_Rw5mUR_qI0Z7msQ:gpN7Om2XmzeDEuVaSiDgkw:BF2hTNxhiwfvt0Dj"
      Vary:
      - origin
      X-Gdc-Request-Time:
      - '19'
      Transfer-Encoding:
      - chunked
      Strict-Transport-Security:
      - max-age=10886400; includeSubDomains; preload;
    body:
      encoding: ASCII-8BIT
      string: '{"userToken":{"token":"<TOKEN>"}}'
    http_version: 
  recorded_at: Thu, 24 Jan 2019 13:01:26 GMT
- request:
    method: get
    uri: https://staging2-lcm-prod.intgdc.com/gdc/account/profile/5ad80b895edcc438e5a4418e222733fa
    body:
      encoding: US-ASCII
      string: ''
    headers:
      Accept:
      - application/json, application/zip
      Accept-Encoding:
      - gzip, deflate
      User-Agent:
      - gooddata-gem/1.3.6/x86_64-linux/2.3.6
      Content-Type:
      - application/json
      X-Gdc-Authtt:
      - "<X_GDC_AUTHTT>"
      X-Gdc-Request:
      - ":t4pPiA_Rw5mUR_qI0Z7msQ:VhmvUwFggYDcCm6TatLDuA"
      Host:
      - staging2-lcm-prod.intgdc.com
  response:
    status:
      code: 200
      message: OK
    headers:
      X-Gdc-Log-Header:
      - ''
      Cache-Control:
      - no-cache, no-store, must-revalidate
      Content-Type:
      - application/json;charset=UTF-8
      Date:
      - Thu, 24 Jan 2019 13:01:27 GMT
      Server:
      - GoodData WebApp
      X-Gdc-Request:
      - ":t4pPiA_Rw5mUR_qI0Z7msQ:VhmvUwFggYDcCm6TatLDuA:y0T6PSEh86KSQUSX"
      Vary:
      - origin
      X-Gdc-Request-Time:
      - '10'
      Transfer-Encoding:
      - chunked
      Strict-Transport-Security:
      - max-age=10886400; includeSubDomains; preload;
    body:
      encoding: ASCII-8BIT
      string: '{"accountSetting":{"links":{"self":"/gdc/account/profile/5ad80b895edcc438e5a4418e222733fa","projects":"/gdc/account/profile/5ad80b895edcc438e5a4418e222733fa/projects","auditEvents":"/gdc/account/profile/5ad80b895edcc438e5a4418e222733fa/auditEvents","domain":"/gdc/domains/staging2-lcm-prod"},"firstName":"the","lastName":"1","companyName":"","position":null,"created":"2017-02-10
        12:18:01","updated":"2018-12-03 11:09:12","country":null,"phoneNumber":"","authenticationModes":["PASSWORD","SSO"],"login":"rubydev+admin@gooddata.com","timezone":null,"ssoProvider":"test-ruby","email":"rubydev+admin@gooddata.com","language":"en-US","ipWhitelist":null,"effectiveIpWhitelist":null}}'
    http_version: 
  recorded_at: Thu, 24 Jan 2019 13:01:27 GMT
- request:
    method: get
    uri: https://staging2-lcm-prod.intgdc.com/gdc
    body:
      encoding: US-ASCII
      string: ''
    headers:
      Accept:
      - application/json, application/zip
      Accept-Encoding:
      - gzip, deflate
      User-Agent:
      - gooddata-gem/1.3.6/x86_64-linux/2.3.6
      Content-Type:
      - application/json
      X-Gdc-Authtt:
      - "<X_GDC_AUTHTT>"
      X-Gdc-Request:
      - ":t4pPiA_Rw5mUR_qI0Z7msQ:bNDLLxPiYvXbwyLnCOk6gw"
      Stats-On:
      - ''
      Host:
      - staging2-lcm-prod.intgdc.com
  response:
    status:
      code: 200
      message: OK
    headers:
      Date:
      - Thu, 24 Jan 2019 13:01:28 GMT
      Server:
      - GoodData WebApp
      Keep-Alive:
      - timeout=5, max=100
      X-Gdc-Log-Header:
      - ''
      Cache-Control:
      - no-cache, no-store, must-revalidate
      Content-Type:
      - application/json;charset=UTF-8
      Transfer-Encoding:
      - chunked
      Vary:
      - Accept-Encoding
      - origin
      X-Gdc-Request:
      - ":t4pPiA_Rw5mUR_qI0Z7msQ:bNDLLxPiYvXbwyLnCOk6gw:UPpRyXxAAIvpU9oi"
      X-Gdc-Request-Time:
      - '29'
      Strict-Transport-Security:
      - max-age=10886400; includeSubDomains; preload;
    body:
      encoding: ASCII-8BIT
      string: '{"about":{"summary":"Use links to navigate the services.","category":"GoodData
        API root","links":[{"link":"/gdc/","summary":"","category":"home","title":"home"},{"link":"/gdc/account/token","summary":"Temporary
        token generator.","category":"token","title":"token"},{"link":"/gdc/account/login","summary":"Authentication
        service.","category":"login","title":"login"},{"link":"/gdc/md","summary":"Metadata
        resources.","category":"md","title":"metadata"},{"link":"/gdc/xtab2","summary":"Report
        execution resource.","category":"xtab","title":"xtab"},{"link":"/gdc/exporter","summary":"Report
        exporting resource.","category":"report-exporter","title":"exporter"},{"link":"/gdc/account","summary":"Resource
        for logged in account manipulation.","category":"account","title":"account"},{"link":"/gdc/projects","summary":"Resource
        for user and project management.","category":"projects","title":"projects"},{"link":"/gdc/tool","summary":"Miscellaneous
        resources.","category":"tool","title":"tool"},{"link":"/gdc/releaseInfo","summary":"Release
        information.","category":"releaseInfo","title":"releaseInfo"},{"link":"/gdc/uploads","summary":"User
        data staging area.","category":"uploads","title":"user-uploads"}]}}'
    http_version: 
  recorded_at: Thu, 24 Jan 2019 13:01:28 GMT
- request:
    method: get
    uri: https://staging2-lcm-prod.intgdc.com/gdc/account/domains/staging2-lcm-prod/users?login=gemtest_405146@gooddata.com
    body:
      encoding: US-ASCII
      string: ''
    headers:
      Accept:
      - application/json, application/zip
      Accept-Encoding:
      - gzip, deflate
      User-Agent:
      - gooddata-gem/1.3.6/x86_64-linux/2.3.6
      Content-Type:
      - application/json
      X-Gdc-Authtt:
      - "<X_GDC_AUTHTT>"
      X-Gdc-Request:
      - ":t4pPiA_Rw5mUR_qI0Z7msQ:dziAyTGkxBzKV23d3YgQzQ"
      Stats-On:
      - ''
      Host:
      - staging2-lcm-prod.intgdc.com
  response:
    status:
      code: 200
      message: OK
    headers:
      X-Gdc-Log-Header:
      - ''
      Cache-Control:
      - no-cache, no-store, must-revalidate
      Content-Type:
      - application/json;charset=UTF-8
      Date:
      - Thu, 24 Jan 2019 13:03:08 GMT
      Server:
      - GoodData WebApp
      X-Gdc-Request:
      - ":t4pPiA_Rw5mUR_qI0Z7msQ:dziAyTGkxBzKV23d3YgQzQ:z4HVWcNsHrexSTtx"
      Vary:
      - origin
      X-Gdc-Request-Time:
      - '14'
      Transfer-Encoding:
      - chunked
      Strict-Transport-Security:
      - max-age=10886400; includeSubDomains; preload;
    body:
      encoding: ASCII-8BIT
      string: '{"accountSettings":{"paging":{"offset":0,"count":1},"items":[{"accountSetting":{"links":{"self":"/gdc/account/profile/1f5c9c98bf86845381af8cd36eec4b9d","projects":"/gdc/account/profile/1f5c9c98bf86845381af8cd36eec4b9d/projects","auditEvents":"/gdc/account/profile/1f5c9c98bf86845381af8cd36eec4b9d/auditEvents","domain":"/gdc/domains/staging2-lcm-prod"},"firstName":"FirstName","lastName":"LastName","companyName":null,"position":null,"created":"2019-01-24
        14:01:29","updated":"2019-01-24 14:01:29","country":null,"phoneNumber":null,"authenticationModes":[],"login":"gemtest_405146@gooddata.com","timezone":null,"ssoProvider":null,"email":"gemtest_405146@gooddata.com","language":"en-US","ipWhitelist":null,"effectiveIpWhitelist":null}}]}}'
    http_version: 
  recorded_at: Thu, 24 Jan 2019 13:03:08 GMT
- request:
    method: get
    uri: https://staging2-lcm-prod.intgdc.com/gdc/account/domains/staging2-lcm-prod/users?login=gemtest_370870@gooddata.com
    body:
      encoding: US-ASCII
      string: ''
    headers:
      Accept:
      - application/json, application/zip
      Accept-Encoding:
      - gzip, deflate
      User-Agent:
      - gooddata-gem/1.3.6/x86_64-linux/2.3.6
      Content-Type:
      - application/json
      X-Gdc-Authtt:
      - "<X_GDC_AUTHTT>"
      X-Gdc-Request:
      - ":t4pPiA_Rw5mUR_qI0Z7msQ:aYHh-fVqHToGkMPSwJ74Bg"
      Stats-On:
      - ''
      Host:
      - staging2-lcm-prod.intgdc.com
  response:
    status:
      code: 200
      message: OK
    headers:
      X-Gdc-Log-Header:
      - ''
      Cache-Control:
      - no-cache, no-store, must-revalidate
      Content-Type:
      - application/json;charset=UTF-8
      Date:
      - Thu, 24 Jan 2019 13:03:08 GMT
      Server:
      - GoodData WebApp
      X-Gdc-Request:
      - ":t4pPiA_Rw5mUR_qI0Z7msQ:aYHh-fVqHToGkMPSwJ74Bg:UjvaVeIBDXMilK6G"
      Vary:
      - origin
      X-Gdc-Request-Time:
      - '15'
      Transfer-Encoding:
      - chunked
      Strict-Transport-Security:
      - max-age=10886400; includeSubDomains; preload;
    body:
      encoding: ASCII-8BIT
      string: '{"accountSettings":{"paging":{"offset":0,"count":1},"items":[{"accountSetting":{"links":{"self":"/gdc/account/profile/c221c9632ef8960acf7eaf0c76814389","projects":"/gdc/account/profile/c221c9632ef8960acf7eaf0c76814389/projects","auditEvents":"/gdc/account/profile/c221c9632ef8960acf7eaf0c76814389/auditEvents","domain":"/gdc/domains/staging2-lcm-prod"},"firstName":"X","lastName":"X","companyName":null,"position":null,"created":"2019-01-24
        14:01:30","updated":"2019-01-24 14:01:30","country":null,"phoneNumber":null,"authenticationModes":[],"login":"gemtest_370870@gooddata.com","timezone":null,"ssoProvider":null,"email":"gemtest_370870@gooddata.com","language":"en-US","ipWhitelist":null,"effectiveIpWhitelist":null}}]}}'
    http_version: 
  recorded_at: Thu, 24 Jan 2019 13:03:09 GMT
- request:
    method: delete
    uri: https://staging2-lcm-prod.intgdc.com/gdc/account/profile/1f5c9c98bf86845381af8cd36eec4b9d
    body:
      encoding: US-ASCII
      string: ''
    headers:
      Accept:
      - application/json, application/zip
      Accept-Encoding:
      - gzip, deflate
      User-Agent:
      - gooddata-gem/1.3.6/x86_64-linux/2.3.6
      Content-Type:
      - application/json
      X-Gdc-Authtt:
      - "<X_GDC_AUTHTT>"
      X-Gdc-Request:
      - ":t4pPiA_Rw5mUR_qI0Z7msQ:kuVUc6nDCQJI2iy5ERssyg"
      Stats-On:
      - ''
      Host:
      - staging2-lcm-prod.intgdc.com
  response:
    status:
      code: 200
      message: OK
    headers:
      X-Gdc-Log-Header:
      - ''
      Cache-Control:
      - no-cache, no-store, must-revalidate
      Date:
      - Thu, 24 Jan 2019 13:03:09 GMT
      Server:
      - GoodData WebApp
      X-Gdc-Request-Time:
      - '72'
      X-Gdc-Request:
      - ":t4pPiA_Rw5mUR_qI0Z7msQ:kuVUc6nDCQJI2iy5ERssyg:SaJ8eJQODSgQkOYs"
      Vary:
      - origin
      Transfer-Encoding:
      - chunked
      Strict-Transport-Security:
      - max-age=10886400; includeSubDomains; preload;
    body:
      encoding: ASCII-8BIT
      string: ''
    http_version: 
  recorded_at: Thu, 24 Jan 2019 13:03:09 GMT
- request:
    method: delete
    uri: https://staging2-lcm-prod.intgdc.com/gdc/account/profile/c221c9632ef8960acf7eaf0c76814389
    body:
      encoding: US-ASCII
      string: ''
    headers:
      Accept:
      - application/json, application/zip
      Accept-Encoding:
      - gzip, deflate
      User-Agent:
      - gooddata-gem/1.3.6/x86_64-linux/2.3.6
      Content-Type:
      - application/json
      X-Gdc-Authtt:
      - "<X_GDC_AUTHTT>"
      X-Gdc-Request:
      - ":t4pPiA_Rw5mUR_qI0Z7msQ:TVuQzGDXZx4VpYVA2mYUaA"
      Stats-On:
      - ''
      Host:
      - staging2-lcm-prod.intgdc.com
  response:
    status:
      code: 200
      message: OK
    headers:
      X-Gdc-Log-Header:
      - ''
      Cache-Control:
      - no-cache, no-store, must-revalidate
      Date:
      - Thu, 24 Jan 2019 13:03:09 GMT
      Server:
      - GoodData WebApp
      X-Gdc-Request-Time:
      - '65'
      X-Gdc-Request:
      - ":t4pPiA_Rw5mUR_qI0Z7msQ:TVuQzGDXZx4VpYVA2mYUaA:C7tdwK1IvfKLltwM"
      Vary:
      - origin
      Transfer-Encoding:
      - chunked
      Strict-Transport-Security:
      - max-age=10886400; includeSubDomains; preload;
    body:
      encoding: ASCII-8BIT
      string: ''
    http_version: 
  recorded_at: Thu, 24 Jan 2019 13:03:10 GMT
- request:
    method: delete
    uri: https://staging2-lcm-prod.intgdc.com/gdc/account/login/5ad80b895edcc438e5a4418e222733fa
    body:
      encoding: US-ASCII
      string: ''
    headers:
      Accept:
      - application/json, application/zip
      Accept-Encoding:
      - gzip, deflate
      User-Agent:
      - gooddata-gem/1.3.6/x86_64-linux/2.3.6
      Content-Type:
      - application/json
      X-Gdc-Authtt:
      - "<X_GDC_AUTHTT>"
      X-Gdc-Request:
      - ":TZzC3p7hrO45gqp3peh9uw:mBNs4IIMa_1T_AXxLNr0Gw"
      X-Gdc-Authsst:
      - "<X_GDC_AUTHSST>"
      Host:
      - staging2-lcm-prod.intgdc.com
  response:
    status:
      code: 204
      message: No Content
    headers:
      X-Gdc-Log-Header:
      - ''
      Cache-Control:
      - no-cache, no-store, must-revalidate
      Date:
      - Thu, 24 Jan 2019 13:03:10 GMT
      Server:
      - GoodData WebApp
      X-Gdc-Request-Time:
      - '28'
      X-Gdc-Request:
      - ":TZzC3p7hrO45gqp3peh9uw:mBNs4IIMa_1T_AXxLNr0Gw:4DfVKkFyRk3ej96G"
      Vary:
      - origin
      Strict-Transport-Security:
      - max-age=10886400; includeSubDomains; preload;
    body:
      encoding: UTF-8
      string: ''
    http_version: 
  recorded_at: Thu, 24 Jan 2019 13:03:10 GMT
recorded_with: VCR 4.0.0
