---
http_interactions:
- request:
    method: get
    uri: https://staging3-lcm-dev.intgdc.com/gdc/md/hspavgwen70lfmb7e5miz8jeu1v7gei8/objects/query?category=projectDashboard&limit=50&offset=0
    body:
      encoding: US-ASCII
      string: ''
    headers:
      Accept:
      - application/json, application/zip
      Accept-Encoding:
      - gzip, deflate
      User-Agent:
      - gooddata-gem/1.3.6/x86_64-linux/2.3.6
      Content-Type:
      - application/json
      X-Gdc-Authtt:
      - "<X_GDC_AUTHTT>"
      X-Gdc-Request:
      - ":9T_8nX3xOHi4vkQaJF4n7Q:0N96GT57Oz47cGv8iP-WQA"
      Stats-On:
      - ''
      Host:
      - staging3-lcm-dev.intgdc.com
  response:
    status:
      code: 200
      message: OK
    headers:
      Date:
      - Thu, 21 Feb 2019 09:54:55 GMT
      Server:
      - GoodData WebApp
      Keep-Alive:
      - timeout=5, max=90
      X-Gdc-Log-Header:
      - ''
      Cache-Control:
      - no-cache, no-store, must-revalidate
      Content-Type:
      - application/json;charset=UTF-8
      Transfer-Encoding:
      - chunked
      Vary:
      - Accept-Encoding
      - origin
      X-Gdc-Request:
      - ":9T_8nX3xOHi4vkQaJF4n7Q:0N96GT57Oz47cGv8iP-WQA:DroRthnPf31u0hYV"
      X-Gdc-Request-Time:
      - '45'
      Strict-Transport-Security:
      - max-age=10886400; includeSubDomains; preload;
    body:
      encoding: ASCII-8BIT
      string: '{"objects":{"paging":{"count":2,"offset":0},"items":[{"projectDashboard":{"content":{"tabs":[{"identifier":"aaiRPz7EapFI","title":"Tab
        1","items":[{"reportItem":{"obj":"/gdc/md/hspavgwen70lfmb7e5miz8jeu1v7gei8/obj/380","sizeY":100,"sizeX":640,"visualization":{"grid":{"columnWidths":[]},"oneNumber":{"labels":{}}},"style":{"displayTitle":1,"background":{"opacity":0.0}},"positionY":0,"filters":[],"positionX":0}},{"reportItem":{"obj":"/gdc/md/hspavgwen70lfmb7e5miz8jeu1v7gei8/obj/382","sizeY":100,"sizeX":640,"visualization":{"grid":{"columnWidths":[]},"oneNumber":{"labels":{}}},"style":{"displayTitle":1,"background":{"opacity":0.0}},"positionY":150,"filters":[],"positionX":0}},{"reportItem":{"obj":"/gdc/md/hspavgwen70lfmb7e5miz8jeu1v7gei8/obj/392","sizeY":100,"sizeX":640,"visualization":{"grid":{"columnWidths":[]},"oneNumber":{"labels":{}}},"style":{"displayTitle":1,"background":{"opacity":0.0}},"positionY":0,"filters":[],"positionX":0}}]},{"identifier":"aajRPz7EapFI","title":"Tab
        2","items":[{"reportItem":{"obj":"/gdc/md/hspavgwen70lfmb7e5miz8jeu1v7gei8/obj/380","sizeY":100,"sizeX":640,"visualization":{"grid":{"columnWidths":[]},"oneNumber":{"labels":{}}},"style":{"displayTitle":1,"background":{"opacity":0.0}},"positionY":0,"filters":[],"positionX":0}},{"reportItem":{"obj":"/gdc/md/hspavgwen70lfmb7e5miz8jeu1v7gei8/obj/382","sizeY":100,"sizeX":640,"visualization":{"grid":{"columnWidths":[]},"oneNumber":{"labels":{}}},"style":{"displayTitle":1,"background":{"opacity":0.0}},"positionY":150,"filters":[],"positionX":0}},{"reportItem":{"obj":"/gdc/md/hspavgwen70lfmb7e5miz8jeu1v7gei8/obj/392","sizeY":100,"sizeX":640,"visualization":{"grid":{"columnWidths":[]},"oneNumber":{"labels":{}}},"style":{"displayTitle":1,"background":{"opacity":0.0}},"positionY":0,"filters":[],"positionX":0}}]}],"filters":[]},"meta":{"author":"/gdc/account/profile/04848a0813ded971f3359f63d533c440","uri":"/gdc/md/hspavgwen70lfmb7e5miz8jeu1v7gei8/obj/393","tags":"dashboard","created":"2019-02-21
        10:47:16","identifier":"dashboard.dashboard.1","deprecated":"0","summary":"","isProduction":1,"title":"Dashboard
        1","category":"projectDashboard","updated":"2019-02-21 10:47:17","contributor":"/gdc/account/profile/04848a0813ded971f3359f63d533c440"}}},{"projectDashboard":{"content":{"tabs":[{"identifier":"aaiRQJCUeE4w","title":"Tab
        1","items":[{"reportItem":{"obj":"/gdc/md/hspavgwen70lfmb7e5miz8jeu1v7gei8/obj/380","sizeY":100,"sizeX":640,"visualization":{"grid":{"columnWidths":[]},"oneNumber":{"labels":{}}},"style":{"displayTitle":1,"background":{"opacity":0.0}},"positionY":0,"filters":[],"positionX":0}},{"reportItem":{"obj":"/gdc/md/hspavgwen70lfmb7e5miz8jeu1v7gei8/obj/382","sizeY":100,"sizeX":640,"visualization":{"grid":{"columnWidths":[]},"oneNumber":{"labels":{}}},"style":{"displayTitle":1,"background":{"opacity":0.0}},"positionY":150,"filters":[],"positionX":0}},{"reportItem":{"obj":"/gdc/md/hspavgwen70lfmb7e5miz8jeu1v7gei8/obj/392","sizeY":100,"sizeX":640,"visualization":{"grid":{"columnWidths":[]},"oneNumber":{"labels":{}}},"style":{"displayTitle":1,"background":{"opacity":0.0}},"positionY":0,"filters":[],"positionX":0}}]},{"identifier":"aajRQJCUeE4w","title":"Tab
        2","items":[{"reportItem":{"obj":"/gdc/md/hspavgwen70lfmb7e5miz8jeu1v7gei8/obj/380","sizeY":100,"sizeX":640,"visualization":{"grid":{"columnWidths":[]},"oneNumber":{"labels":{}}},"style":{"displayTitle":1,"background":{"opacity":0.0}},"positionY":0,"filters":[],"positionX":0}},{"reportItem":{"obj":"/gdc/md/hspavgwen70lfmb7e5miz8jeu1v7gei8/obj/382","sizeY":100,"sizeX":640,"visualization":{"grid":{"columnWidths":[]},"oneNumber":{"labels":{}}},"style":{"displayTitle":1,"background":{"opacity":0.0}},"positionY":150,"filters":[],"positionX":0}},{"reportItem":{"obj":"/gdc/md/hspavgwen70lfmb7e5miz8jeu1v7gei8/obj/392","sizeY":100,"sizeX":640,"visualization":{"grid":{"columnWidths":[]},"oneNumber":{"labels":{}}},"style":{"displayTitle":1,"background":{"opacity":0.0}},"positionY":0,"filters":[],"positionX":0}}]}],"filters":[]},"meta":{"author":"/gdc/account/profile/04848a0813ded971f3359f63d533c440","uri":"/gdc/md/hspavgwen70lfmb7e5miz8jeu1v7gei8/obj/394","tags":"dashboard","created":"2019-02-21
        10:47:28","identifier":"dashboard.dashboard.2","deprecated":"0","summary":"","isProduction":1,"title":"Dashboard
        2","category":"projectDashboard","updated":"2019-02-21 10:47:29","contributor":"/gdc/account/profile/04848a0813ded971f3359f63d533c440"}}}]}}'
    http_version: 
  recorded_at: Thu, 21 Feb 2019 09:54:55 GMT
- request:
    method: get
    uri: https://staging3-lcm-dev.intgdc.com/gdc/md/hspavgwen70lfmb7e5miz8jeu1v7gei8/obj/380
    body:
      encoding: US-ASCII
      string: ''
    headers:
      Accept:
      - application/json, application/zip
      Accept-Encoding:
      - gzip, deflate
      User-Agent:
      - gooddata-gem/1.3.6/x86_64-linux/2.3.6
      Content-Type:
      - application/json
      X-Gdc-Authtt:
      - "<X_GDC_AUTHTT>"
      X-Gdc-Request:
      - ":9T_8nX3xOHi4vkQaJF4n7Q:eHiozASEAVStLO5sNIOnlw"
      Stats-On:
      - ''
      Host:
      - staging3-lcm-dev.intgdc.com
  response:
    status:
      code: 200
      message: OK
    headers:
      Date:
      - Thu, 21 Feb 2019 09:54:56 GMT
      Server:
      - GoodData WebApp
      Keep-Alive:
      - timeout=5, max=89
      X-Gdc-Log-Header:
      - ''
      Cache-Control:
      - no-cache, no-store, must-revalidate
      Content-Type:
      - application/json;charset=UTF-8
      X-Gdc-Request:
      - ":9T_8nX3xOHi4vkQaJF4n7Q:eHiozASEAVStLO5sNIOnlw:rNDLK5N0XBgo6XmI"
      Vary:
      - origin
      X-Gdc-Request-Time:
      - '28'
      Transfer-Encoding:
      - chunked
      Strict-Transport-Security:
      - max-age=10886400; includeSubDomains; preload;
    body:
      encoding: ASCII-8BIT
      string: '{"report":{"content":{"domains":[],"definitions":["/gdc/md/hspavgwen70lfmb7e5miz8jeu1v7gei8/obj/379"]},"meta":{"author":"/gdc/account/profile/04848a0813ded971f3359f63d533c440","uri":"/gdc/md/hspavgwen70lfmb7e5miz8jeu1v7gei8/obj/380","tags":"","created":"2019-02-21
        10:46:25","identifier":"report.customers.count.by.gender","deprecated":"0","summary":"","isProduction":1,"title":"Customers
        Count By Gender","category":"report","updated":"2019-02-21 10:46:26","contributor":"/gdc/account/profile/04848a0813ded971f3359f63d533c440"}}}'
    http_version: 
  recorded_at: Thu, 21 Feb 2019 09:54:56 GMT
- request:
    method: get
    uri: https://staging3-lcm-dev.intgdc.com/gdc/md/hspavgwen70lfmb7e5miz8jeu1v7gei8/obj/382
    body:
      encoding: US-ASCII
      string: ''
    headers:
      Accept:
      - application/json, application/zip
      Accept-Encoding:
      - gzip, deflate
      User-Agent:
      - gooddata-gem/1.3.6/x86_64-linux/2.3.6
      Content-Type:
      - application/json
      X-Gdc-Authtt:
      - "<X_GDC_AUTHTT>"
      X-Gdc-Request:
      - ":9T_8nX3xOHi4vkQaJF4n7Q:IlQ7uH30NRzT265vsWOYCA"
      Stats-On:
      - ''
      Host:
      - staging3-lcm-dev.intgdc.com
  response:
    status:
      code: 200
      message: OK
    headers:
      Date:
      - Thu, 21 Feb 2019 09:54:56 GMT
      Server:
      - GoodData WebApp
      Keep-Alive:
      - timeout=5, max=87
      X-Gdc-Log-Header:
      - ''
      Cache-Control:
      - no-cache, no-store, must-revalidate
      Content-Type:
      - application/json;charset=UTF-8
      X-Gdc-Request:
      - ":9T_8nX3xOHi4vkQaJF4n7Q:IlQ7uH30NRzT265vsWOYCA:qRydWynjQmol4RCj"
      Vary:
      - origin
      X-Gdc-Request-Time:
      - '27'
      Transfer-Encoding:
      - chunked
      Strict-Transport-Security:
      - max-age=10886400; includeSubDomains; preload;
    body:
      encoding: ASCII-8BIT
      string: '{"report":{"content":{"domains":[],"definitions":["/gdc/md/hspavgwen70lfmb7e5miz8jeu1v7gei8/obj/381"]},"meta":{"author":"/gdc/account/profile/04848a0813ded971f3359f63d533c440","uri":"/gdc/md/hspavgwen70lfmb7e5miz8jeu1v7gei8/obj/382","tags":"","created":"2019-02-21
        10:46:32","identifier":"report.customers.count.by.state","deprecated":"0","summary":"","isProduction":1,"title":"Customers
        Count By State","category":"report","updated":"2019-02-21 10:46:33","contributor":"/gdc/account/profile/04848a0813ded971f3359f63d533c440"}}}'
    http_version: 
  recorded_at: Thu, 21 Feb 2019 09:54:56 GMT
- request:
    method: get
    uri: https://staging3-lcm-dev.intgdc.com/gdc/md/hspavgwen70lfmb7e5miz8jeu1v7gei8/obj/392
    body:
      encoding: US-ASCII
      string: ''
    headers:
      Accept:
      - application/json, application/zip
      Accept-Encoding:
      - gzip, deflate
      User-Agent:
      - gooddata-gem/1.3.6/x86_64-linux/2.3.6
      Content-Type:
      - application/json
      X-Gdc-Authtt:
      - "<X_GDC_AUTHTT>"
      X-Gdc-Request:
      - ":9T_8nX3xOHi4vkQaJF4n7Q:BQM6ydtl3dnXa9g5Ua_UCQ"
      Stats-On:
      - ''
      Host:
      - staging3-lcm-dev.intgdc.com
  response:
    status:
      code: 200
      message: OK
    headers:
      Date:
      - Thu, 21 Feb 2019 09:54:57 GMT
      Server:
      - GoodData WebApp
      Keep-Alive:
      - timeout=5, max=98
      X-Gdc-Log-Header:
      - ''
      Cache-Control:
      - no-cache, no-store, must-revalidate
      Content-Type:
      - application/json;charset=UTF-8
      X-Gdc-Request:
      - ":9T_8nX3xOHi4vkQaJF4n7Q:BQM6ydtl3dnXa9g5Ua_UCQ:ARomaChi7jePI4W6"
      Vary:
      - origin
      X-Gdc-Request-Time:
      - '30'
      Transfer-Encoding:
      - chunked
      Strict-Transport-Security:
      - max-age=10886400; includeSubDomains; preload;
    body:
      encoding: ASCII-8BIT
      string: '{"report":{"content":{"domains":[],"definitions":["/gdc/md/hspavgwen70lfmb7e5miz8jeu1v7gei8/obj/391"]},"meta":{"author":"/gdc/account/profile/04848a0813ded971f3359f63d533c440","uri":"/gdc/md/hspavgwen70lfmb7e5miz8jeu1v7gei8/obj/392","tags":"","created":"2019-02-21
        10:47:03","identifier":"report.report.contains.ca","deprecated":"0","summary":"","isProduction":1,"title":"Report
        contains CA","category":"report","updated":"2019-02-21 10:47:04","contributor":"/gdc/account/profile/04848a0813ded971f3359f63d533c440"}}}'
    http_version: 
  recorded_at: Thu, 21 Feb 2019 09:54:57 GMT
- request:
    method: get
    uri: https://staging3-lcm-dev.intgdc.com/gdc/md/hspavgwen70lfmb7e5miz8jeu1v7gei8/obj/380
    body:
      encoding: US-ASCII
      string: ''
    headers:
      Accept:
      - application/json, application/zip
      Accept-Encoding:
      - gzip, deflate
      User-Agent:
      - gooddata-gem/1.3.6/x86_64-linux/2.3.6
      Content-Type:
      - application/json
      X-Gdc-Authtt:
      - "<X_GDC_AUTHTT>"
      X-Gdc-Request:
      - ":9T_8nX3xOHi4vkQaJF4n7Q:7BT7_xhPqufIerWjciwgkQ"
      Stats-On:
      - ''
      Host:
      - staging3-lcm-dev.intgdc.com
  response:
    status:
      code: 200
      message: OK
    headers:
      Date:
      - Thu, 21 Feb 2019 09:54:58 GMT
      Server:
      - GoodData WebApp
      Keep-Alive:
      - timeout=5, max=96
      X-Gdc-Log-Header:
      - ''
      Cache-Control:
      - no-cache, no-store, must-revalidate
      Content-Type:
      - application/json;charset=UTF-8
      X-Gdc-Request:
      - ":9T_8nX3xOHi4vkQaJF4n7Q:7BT7_xhPqufIerWjciwgkQ:UbyypMQKFiePQlhv"
      Vary:
      - origin
      X-Gdc-Request-Time:
      - '26'
      Transfer-Encoding:
      - chunked
      Strict-Transport-Security:
      - max-age=10886400; includeSubDomains; preload;
    body:
      encoding: ASCII-8BIT
      string: '{"report":{"content":{"domains":[],"definitions":["/gdc/md/hspavgwen70lfmb7e5miz8jeu1v7gei8/obj/379"]},"meta":{"author":"/gdc/account/profile/04848a0813ded971f3359f63d533c440","uri":"/gdc/md/hspavgwen70lfmb7e5miz8jeu1v7gei8/obj/380","tags":"","created":"2019-02-21
        10:46:25","identifier":"report.customers.count.by.gender","deprecated":"0","summary":"","isProduction":1,"title":"Customers
        Count By Gender","category":"report","updated":"2019-02-21 10:46:26","contributor":"/gdc/account/profile/04848a0813ded971f3359f63d533c440"}}}'
    http_version: 
  recorded_at: Thu, 21 Feb 2019 09:54:58 GMT
- request:
    method: get
    uri: https://staging3-lcm-dev.intgdc.com/gdc/md/hspavgwen70lfmb7e5miz8jeu1v7gei8/obj/382
    body:
      encoding: US-ASCII
      string: ''
    headers:
      Accept:
      - application/json, application/zip
      Accept-Encoding:
      - gzip, deflate
      User-Agent:
      - gooddata-gem/1.3.6/x86_64-linux/2.3.6
      Content-Type:
      - application/json
      X-Gdc-Authtt:
      - "<X_GDC_AUTHTT>"
      X-Gdc-Request:
      - ":9T_8nX3xOHi4vkQaJF4n7Q:PhGggyn_0lvPvyaIa1IkGw"
      Stats-On:
      - ''
      Host:
      - staging3-lcm-dev.intgdc.com
  response:
    status:
      code: 200
      message: OK
    headers:
      Date:
      - Thu, 21 Feb 2019 09:54:58 GMT
      Server:
      - GoodData WebApp
      Keep-Alive:
      - timeout=5, max=100
      X-Gdc-Log-Header:
      - ''
      Cache-Control:
      - no-cache, no-store, must-revalidate
      Content-Type:
      - application/json;charset=UTF-8
      X-Gdc-Request:
      - ":9T_8nX3xOHi4vkQaJF4n7Q:PhGggyn_0lvPvyaIa1IkGw:V7dQ1ldycotHYvWw"
      Vary:
      - origin
      X-Gdc-Request-Time:
      - '381'
      Transfer-Encoding:
      - chunked
      Strict-Transport-Security:
      - max-age=10886400; includeSubDomains; preload;
    body:
      encoding: ASCII-8BIT
      string: '{"report":{"content":{"domains":[],"definitions":["/gdc/md/hspavgwen70lfmb7e5miz8jeu1v7gei8/obj/381"]},"meta":{"author":"/gdc/account/profile/04848a0813ded971f3359f63d533c440","uri":"/gdc/md/hspavgwen70lfmb7e5miz8jeu1v7gei8/obj/382","tags":"","created":"2019-02-21
        10:46:32","identifier":"report.customers.count.by.state","deprecated":"0","summary":"","isProduction":1,"title":"Customers
        Count By State","category":"report","updated":"2019-02-21 10:46:33","contributor":"/gdc/account/profile/04848a0813ded971f3359f63d533c440"}}}'
    http_version: 
  recorded_at: Thu, 21 Feb 2019 09:54:58 GMT
- request:
    method: get
    uri: https://staging3-lcm-dev.intgdc.com/gdc/md/hspavgwen70lfmb7e5miz8jeu1v7gei8/obj/392
    body:
      encoding: US-ASCII
      string: ''
    headers:
      Accept:
      - application/json, application/zip
      Accept-Encoding:
      - gzip, deflate
      User-Agent:
      - gooddata-gem/1.3.6/x86_64-linux/2.3.6
      Content-Type:
      - application/json
      X-Gdc-Authtt:
      - "<X_GDC_AUTHTT>"
      X-Gdc-Request:
      - ":9T_8nX3xOHi4vkQaJF4n7Q:mU2tVDROqToICRgQ3gfTYQ"
      Stats-On:
      - ''
      Host:
      - staging3-lcm-dev.intgdc.com
  response:
    status:
      code: 200
      message: OK
    headers:
      Date:
      - Thu, 21 Feb 2019 09:54:59 GMT
      Server:
      - GoodData WebApp
      Keep-Alive:
      - timeout=5, max=84
      X-Gdc-Log-Header:
      - ''
      Cache-Control:
      - no-cache, no-store, must-revalidate
      Content-Type:
      - application/json;charset=UTF-8
      X-Gdc-Request:
      - ":9T_8nX3xOHi4vkQaJF4n7Q:mU2tVDROqToICRgQ3gfTYQ:695RzXfuFOjio7xB"
      Vary:
      - origin
      X-Gdc-Request-Time:
      - '27'
      Transfer-Encoding:
      - chunked
      Strict-Transport-Security:
      - max-age=10886400; includeSubDomains; preload;
    body:
      encoding: ASCII-8BIT
      string: '{"report":{"content":{"domains":[],"definitions":["/gdc/md/hspavgwen70lfmb7e5miz8jeu1v7gei8/obj/391"]},"meta":{"author":"/gdc/account/profile/04848a0813ded971f3359f63d533c440","uri":"/gdc/md/hspavgwen70lfmb7e5miz8jeu1v7gei8/obj/392","tags":"","created":"2019-02-21
        10:47:03","identifier":"report.report.contains.ca","deprecated":"0","summary":"","isProduction":1,"title":"Report
        contains CA","category":"report","updated":"2019-02-21 10:47:04","contributor":"/gdc/account/profile/04848a0813ded971f3359f63d533c440"}}}'
    http_version: 
  recorded_at: Thu, 21 Feb 2019 09:54:59 GMT
- request:
    method: get
    uri: https://staging3-lcm-dev.intgdc.com/gdc/md/hspavgwen70lfmb7e5miz8jeu1v7gei8/obj/380
    body:
      encoding: US-ASCII
      string: ''
    headers:
      Accept:
      - application/json, application/zip
      Accept-Encoding:
      - gzip, deflate
      User-Agent:
      - gooddata-gem/1.3.6/x86_64-linux/2.3.6
      Content-Type:
      - application/json
      X-Gdc-Authtt:
      - "<X_GDC_AUTHTT>"
      X-Gdc-Request:
      - ":9T_8nX3xOHi4vkQaJF4n7Q:9fUM_oUgBmY9UIN1uvxuog"
      Stats-On:
      - ''
      Host:
      - staging3-lcm-dev.intgdc.com
  response:
    status:
      code: 200
      message: OK
    headers:
      Date:
      - Thu, 21 Feb 2019 09:55:00 GMT
      Server:
      - GoodData WebApp
      Keep-Alive:
      - timeout=5, max=79
      X-Gdc-Log-Header:
      - ''
      Cache-Control:
      - no-cache, no-store, must-revalidate
      Content-Type:
      - application/json;charset=UTF-8
      X-Gdc-Request:
      - ":9T_8nX3xOHi4vkQaJF4n7Q:9fUM_oUgBmY9UIN1uvxuog:W2hEdV1WquBrVmjv"
      Vary:
      - origin
      X-Gdc-Request-Time:
      - '27'
      Transfer-Encoding:
      - chunked
      Strict-Transport-Security:
      - max-age=10886400; includeSubDomains; preload;
    body:
      encoding: ASCII-8BIT
      string: '{"report":{"content":{"domains":[],"definitions":["/gdc/md/hspavgwen70lfmb7e5miz8jeu1v7gei8/obj/379"]},"meta":{"author":"/gdc/account/profile/04848a0813ded971f3359f63d533c440","uri":"/gdc/md/hspavgwen70lfmb7e5miz8jeu1v7gei8/obj/380","tags":"","created":"2019-02-21
        10:46:25","identifier":"report.customers.count.by.gender","deprecated":"0","summary":"","isProduction":1,"title":"Customers
        Count By Gender","category":"report","updated":"2019-02-21 10:46:26","contributor":"/gdc/account/profile/04848a0813ded971f3359f63d533c440"}}}'
    http_version: 
  recorded_at: Thu, 21 Feb 2019 09:55:00 GMT
- request:
    method: get
    uri: https://staging3-lcm-dev.intgdc.com/gdc/md/hspavgwen70lfmb7e5miz8jeu1v7gei8/obj/382
    body:
      encoding: US-ASCII
      string: ''
    headers:
      Accept:
      - application/json, application/zip
      Accept-Encoding:
      - gzip, deflate
      User-Agent:
      - gooddata-gem/1.3.6/x86_64-linux/2.3.6
      Content-Type:
      - application/json
      X-Gdc-Authtt:
      - "<X_GDC_AUTHTT>"
      X-Gdc-Request:
      - ":9T_8nX3xOHi4vkQaJF4n7Q:8r4IIUDkBXPjNFeGW_uPKw"
      Stats-On:
      - ''
      Host:
      - staging3-lcm-dev.intgdc.com
  response:
    status:
      code: 200
      message: OK
    headers:
      Date:
      - Thu, 21 Feb 2019 09:55:00 GMT
      Server:
      - GoodData WebApp
      Keep-Alive:
      - timeout=5, max=86
      X-Gdc-Log-Header:
      - ''
      Cache-Control:
      - no-cache, no-store, must-revalidate
      Content-Type:
      - application/json;charset=UTF-8
      X-Gdc-Request:
      - ":9T_8nX3xOHi4vkQaJF4n7Q:8r4IIUDkBXPjNFeGW_uPKw:qfF4Iv0yn6q14lnU"
      Vary:
      - origin
      X-Gdc-Request-Time:
      - '24'
      Transfer-Encoding:
      - chunked
      Strict-Transport-Security:
      - max-age=10886400; includeSubDomains; preload;
    body:
      encoding: ASCII-8BIT
      string: '{"report":{"content":{"domains":[],"definitions":["/gdc/md/hspavgwen70lfmb7e5miz8jeu1v7gei8/obj/381"]},"meta":{"author":"/gdc/account/profile/04848a0813ded971f3359f63d533c440","uri":"/gdc/md/hspavgwen70lfmb7e5miz8jeu1v7gei8/obj/382","tags":"","created":"2019-02-21
        10:46:32","identifier":"report.customers.count.by.state","deprecated":"0","summary":"","isProduction":1,"title":"Customers
        Count By State","category":"report","updated":"2019-02-21 10:46:33","contributor":"/gdc/account/profile/04848a0813ded971f3359f63d533c440"}}}'
    http_version: 
  recorded_at: Thu, 21 Feb 2019 09:55:00 GMT
- request:
    method: get
    uri: https://staging3-lcm-dev.intgdc.com/gdc/md/hspavgwen70lfmb7e5miz8jeu1v7gei8/obj/392
    body:
      encoding: US-ASCII
      string: ''
    headers:
      Accept:
      - application/json, application/zip
      Accept-Encoding:
      - gzip, deflate
      User-Agent:
      - gooddata-gem/1.3.6/x86_64-linux/2.3.6
      Content-Type:
      - application/json
      X-Gdc-Authtt:
      - "<X_GDC_AUTHTT>"
      X-Gdc-Request:
      - ":9T_8nX3xOHi4vkQaJF4n7Q:l6BxAlqAE9VA3xU-2ACZKA"
      Stats-On:
      - ''
      Host:
      - staging3-lcm-dev.intgdc.com
  response:
    status:
      code: 200
      message: OK
    headers:
      Date:
      - Thu, 21 Feb 2019 09:55:01 GMT
      Server:
      - GoodData WebApp
      Keep-Alive:
      - timeout=5, max=94
      X-Gdc-Log-Header:
      - ''
      Cache-Control:
      - no-cache, no-store, must-revalidate
      Content-Type:
      - application/json;charset=UTF-8
      X-Gdc-Request:
      - ":9T_8nX3xOHi4vkQaJF4n7Q:l6BxAlqAE9VA3xU-2ACZKA:TKf4T3cVXF8okYON"
      Vary:
      - origin
      X-Gdc-Request-Time:
      - '27'
      Transfer-Encoding:
      - chunked
      Strict-Transport-Security:
      - max-age=10886400; includeSubDomains; preload;
    body:
      encoding: ASCII-8BIT
      string: '{"report":{"content":{"domains":[],"definitions":["/gdc/md/hspavgwen70lfmb7e5miz8jeu1v7gei8/obj/391"]},"meta":{"author":"/gdc/account/profile/04848a0813ded971f3359f63d533c440","uri":"/gdc/md/hspavgwen70lfmb7e5miz8jeu1v7gei8/obj/392","tags":"","created":"2019-02-21
        10:47:03","identifier":"report.report.contains.ca","deprecated":"0","summary":"","isProduction":1,"title":"Report
        contains CA","category":"report","updated":"2019-02-21 10:47:04","contributor":"/gdc/account/profile/04848a0813ded971f3359f63d533c440"}}}'
    http_version: 
  recorded_at: Thu, 21 Feb 2019 09:55:01 GMT
- request:
    method: get
    uri: https://staging3-lcm-dev.intgdc.com/gdc/md/hspavgwen70lfmb7e5miz8jeu1v7gei8/obj/380
    body:
      encoding: US-ASCII
      string: ''
    headers:
      Accept:
      - application/json, application/zip
      Accept-Encoding:
      - gzip, deflate
      User-Agent:
      - gooddata-gem/1.3.6/x86_64-linux/2.3.6
      Content-Type:
      - application/json
      X-Gdc-Authtt:
      - "<X_GDC_AUTHTT>"
      X-Gdc-Request:
      - ":9T_8nX3xOHi4vkQaJF4n7Q:SwqYQqKb2PRa_H00SpKFSA"
      Stats-On:
      - ''
      Host:
      - staging3-lcm-dev.intgdc.com
  response:
    status:
      code: 200
      message: OK
    headers:
      Date:
      - Thu, 21 Feb 2019 09:55:02 GMT
      Server:
      - GoodData WebApp
      Keep-Alive:
      - timeout=5, max=92
      X-Gdc-Log-Header:
      - ''
      Cache-Control:
      - no-cache, no-store, must-revalidate
      Content-Type:
      - application/json;charset=UTF-8
      X-Gdc-Request:
      - ":9T_8nX3xOHi4vkQaJF4n7Q:SwqYQqKb2PRa_H00SpKFSA:GxgwTIK2vT865LwS"
      Vary:
      - origin
      X-Gdc-Request-Time:
      - '27'
      Transfer-Encoding:
      - chunked
      Strict-Transport-Security:
      - max-age=10886400; includeSubDomains; preload;
    body:
      encoding: ASCII-8BIT
      string: '{"report":{"content":{"domains":[],"definitions":["/gdc/md/hspavgwen70lfmb7e5miz8jeu1v7gei8/obj/379"]},"meta":{"author":"/gdc/account/profile/04848a0813ded971f3359f63d533c440","uri":"/gdc/md/hspavgwen70lfmb7e5miz8jeu1v7gei8/obj/380","tags":"","created":"2019-02-21
        10:46:25","identifier":"report.customers.count.by.gender","deprecated":"0","summary":"","isProduction":1,"title":"Customers
        Count By Gender","category":"report","updated":"2019-02-21 10:46:26","contributor":"/gdc/account/profile/04848a0813ded971f3359f63d533c440"}}}'
    http_version: 
  recorded_at: Thu, 21 Feb 2019 09:55:02 GMT
- request:
    method: get
    uri: https://staging3-lcm-dev.intgdc.com/gdc/md/hspavgwen70lfmb7e5miz8jeu1v7gei8/obj/382
    body:
      encoding: US-ASCII
      string: ''
    headers:
      Accept:
      - application/json, application/zip
      Accept-Encoding:
      - gzip, deflate
      User-Agent:
      - gooddata-gem/1.3.6/x86_64-linux/2.3.6
      Content-Type:
      - application/json
      X-Gdc-Authtt:
      - "<X_GDC_AUTHTT>"
      X-Gdc-Request:
      - ":9T_8nX3xOHi4vkQaJF4n7Q:tkozzDMJn8RLalO9t5UZhw"
      Stats-On:
      - ''
      Host:
      - staging3-lcm-dev.intgdc.com
  response:
    status:
      code: 200
      message: OK
    headers:
      Date:
      - Thu, 21 Feb 2019 09:55:03 GMT
      Server:
      - GoodData WebApp
      Keep-Alive:
      - timeout=5, max=100
      X-Gdc-Log-Header:
      - ''
      Cache-Control:
      - no-cache, no-store, must-revalidate
      Content-Type:
      - application/json;charset=UTF-8
      X-Gdc-Request:
      - ":9T_8nX3xOHi4vkQaJF4n7Q:tkozzDMJn8RLalO9t5UZhw:HhLZk0oxqYvPV1IK"
      Vary:
      - origin
      X-Gdc-Request-Time:
      - '667'
      Transfer-Encoding:
      - chunked
      Strict-Transport-Security:
      - max-age=10886400; includeSubDomains; preload;
    body:
      encoding: ASCII-8BIT
      string: '{"report":{"content":{"domains":[],"definitions":["/gdc/md/hspavgwen70lfmb7e5miz8jeu1v7gei8/obj/381"]},"meta":{"author":"/gdc/account/profile/04848a0813ded971f3359f63d533c440","uri":"/gdc/md/hspavgwen70lfmb7e5miz8jeu1v7gei8/obj/382","tags":"","created":"2019-02-21
        10:46:32","identifier":"report.customers.count.by.state","deprecated":"0","summary":"","isProduction":1,"title":"Customers
        Count By State","category":"report","updated":"2019-02-21 10:46:33","contributor":"/gdc/account/profile/04848a0813ded971f3359f63d533c440"}}}'
    http_version: 
  recorded_at: Thu, 21 Feb 2019 09:55:03 GMT
- request:
    method: get
    uri: https://staging3-lcm-dev.intgdc.com/gdc/md/hspavgwen70lfmb7e5miz8jeu1v7gei8/obj/392
    body:
      encoding: US-ASCII
      string: ''
    headers:
      Accept:
      - application/json, application/zip
      Accept-Encoding:
      - gzip, deflate
      User-Agent:
      - gooddata-gem/1.3.6/x86_64-linux/2.3.6
      Content-Type:
      - application/json
      X-Gdc-Authtt:
      - "<X_GDC_AUTHTT>"
      X-Gdc-Request:
      - ":9T_8nX3xOHi4vkQaJF4n7Q:PJEE7I2JhOYch26u501M7Q"
      Stats-On:
      - ''
      Host:
      - staging3-lcm-dev.intgdc.com
  response:
    status:
      code: 200
      message: OK
    headers:
      Date:
      - Thu, 21 Feb 2019 09:55:04 GMT
      Server:
      - GoodData WebApp
      Keep-Alive:
      - timeout=5, max=95
      X-Gdc-Log-Header:
      - ''
      Cache-Control:
      - no-cache, no-store, must-revalidate
      Content-Type:
      - application/json;charset=UTF-8
      X-Gdc-Request:
      - ":9T_8nX3xOHi4vkQaJF4n7Q:PJEE7I2JhOYch26u501M7Q:96VJVn3a5fXwCo9i"
      Vary:
      - origin
      X-Gdc-Request-Time:
      - '28'
      Transfer-Encoding:
      - chunked
      Strict-Transport-Security:
      - max-age=10886400; includeSubDomains; preload;
    body:
      encoding: ASCII-8BIT
      string: '{"report":{"content":{"domains":[],"definitions":["/gdc/md/hspavgwen70lfmb7e5miz8jeu1v7gei8/obj/391"]},"meta":{"author":"/gdc/account/profile/04848a0813ded971f3359f63d533c440","uri":"/gdc/md/hspavgwen70lfmb7e5miz8jeu1v7gei8/obj/392","tags":"","created":"2019-02-21
        10:47:03","identifier":"report.report.contains.ca","deprecated":"0","summary":"","isProduction":1,"title":"Report
        contains CA","category":"report","updated":"2019-02-21 10:47:04","contributor":"/gdc/account/profile/04848a0813ded971f3359f63d533c440"}}}'
    http_version: 
  recorded_at: Thu, 21 Feb 2019 09:55:04 GMT
- request:
    method: get
    uri: https://staging3-lcm-dev.intgdc.com/gdc/md/hspavgwen70lfmb7e5miz8jeu1v7gei8/obj/379
    body:
      encoding: US-ASCII
      string: ''
    headers:
      Accept:
      - application/json, application/zip
      Accept-Encoding:
      - gzip, deflate
      User-Agent:
      - gooddata-gem/1.3.6/x86_64-linux/2.3.6
      Content-Type:
      - application/json
      X-Gdc-Authtt:
      - "<X_GDC_AUTHTT>"
      X-Gdc-Request:
      - ":9T_8nX3xOHi4vkQaJF4n7Q:CF53bgmkWvx83lMFeq5Tfw"
      Stats-On:
      - ''
      Host:
      - staging3-lcm-dev.intgdc.com
  response:
    status:
      code: 200
      message: OK
    headers:
      Date:
      - Thu, 21 Feb 2019 09:55:04 GMT
      Server:
      - GoodData WebApp
      Keep-Alive:
      - timeout=5, max=85
      X-Gdc-Log-Header:
      - ''
      Cache-Control:
      - no-cache, no-store, must-revalidate
      Content-Type:
      - application/json;charset=UTF-8
      X-Gdc-Request:
      - ":9T_8nX3xOHi4vkQaJF4n7Q:CF53bgmkWvx83lMFeq5Tfw:gUBoLanksVkdgvkw"
      Vary:
      - origin
      X-Gdc-Request-Time:
      - '27'
      Transfer-Encoding:
      - chunked
      Strict-Transport-Security:
      - max-age=10886400; includeSubDomains; preload;
    body:
      encoding: ASCII-8BIT
      string: '{"reportDefinition":{"content":{"grid":{"sort":{"columns":[],"rows":[]},"columnWidths":[],"columns":[{"attribute":{"alias":"","totals":[[]],"uri":"/gdc/md/hspavgwen70lfmb7e5miz8jeu1v7gei8/obj/289"}}],"metrics":[{"alias":"Customers
        Count","uri":"/gdc/md/hspavgwen70lfmb7e5miz8jeu1v7gei8/obj/365"}],"rows":["metricGroup"]},"format":"grid","filters":[]},"links":{"explain2":"/gdc/md/hspavgwen70lfmb7e5miz8jeu1v7gei8/obj/379/explain2"},"meta":{"author":"/gdc/account/profile/04848a0813ded971f3359f63d533c440","uri":"/gdc/md/hspavgwen70lfmb7e5miz8jeu1v7gei8/obj/379","tags":"","created":"2019-02-21
        10:46:23","identifier":"aabRRaxceHXw","deprecated":"0","summary":"","isProduction":1,"title":"Untitled
        report definition","category":"reportDefinition","updated":"2019-02-21 10:46:23","contributor":"/gdc/account/profile/04848a0813ded971f3359f63d533c440"}}}'
    http_version: 
  recorded_at: Thu, 21 Feb 2019 09:55:05 GMT
- request:
    method: get
    uri: https://staging3-lcm-dev.intgdc.com/gdc/md/hspavgwen70lfmb7e5miz8jeu1v7gei8/obj/381
    body:
      encoding: US-ASCII
      string: ''
    headers:
      Accept:
      - application/json, application/zip
      Accept-Encoding:
      - gzip, deflate
      User-Agent:
      - gooddata-gem/1.3.6/x86_64-linux/2.3.6
      Content-Type:
      - application/json
      X-Gdc-Authtt:
      - "<X_GDC_AUTHTT>"
      X-Gdc-Request:
      - ":9T_8nX3xOHi4vkQaJF4n7Q:1jtmR4y18zKss9joqsVkCg"
      Stats-On:
      - ''
      Host:
      - staging3-lcm-dev.intgdc.com
  response:
    status:
      code: 200
      message: OK
    headers:
      Date:
      - Thu, 21 Feb 2019 09:55:05 GMT
      Server:
      - GoodData WebApp
      Keep-Alive:
      - timeout=5, max=94
      X-Gdc-Log-Header:
      - ''
      Cache-Control:
      - no-cache, no-store, must-revalidate
      Content-Type:
      - application/json;charset=UTF-8
      X-Gdc-Request:
      - ":9T_8nX3xOHi4vkQaJF4n7Q:1jtmR4y18zKss9joqsVkCg:egMfMi18t3HYqxiE"
      Vary:
      - origin
      X-Gdc-Request-Time:
      - '28'
      Transfer-Encoding:
      - chunked
      Strict-Transport-Security:
      - max-age=10886400; includeSubDomains; preload;
    body:
      encoding: ASCII-8BIT
      string: '{"reportDefinition":{"content":{"grid":{"sort":{"columns":[],"rows":[]},"columnWidths":[],"columns":[{"attribute":{"alias":"","totals":[[]],"uri":"/gdc/md/hspavgwen70lfmb7e5miz8jeu1v7gei8/obj/281"}}],"metrics":[{"alias":"Customers
        Count","uri":"/gdc/md/hspavgwen70lfmb7e5miz8jeu1v7gei8/obj/365"}],"rows":["metricGroup"]},"format":"grid","filters":[]},"links":{"explain2":"/gdc/md/hspavgwen70lfmb7e5miz8jeu1v7gei8/obj/381/explain2"},"meta":{"author":"/gdc/account/profile/04848a0813ded971f3359f63d533c440","uri":"/gdc/md/hspavgwen70lfmb7e5miz8jeu1v7gei8/obj/381","tags":"","created":"2019-02-21
        10:46:30","identifier":"aabRRckDaCjn","deprecated":"0","summary":"","isProduction":1,"title":"Untitled
        report definition","category":"reportDefinition","updated":"2019-02-21 10:46:30","contributor":"/gdc/account/profile/04848a0813ded971f3359f63d533c440"}}}'
    http_version: 
  recorded_at: Thu, 21 Feb 2019 09:55:05 GMT
- request:
    method: get
    uri: https://staging3-lcm-dev.intgdc.com/gdc/md/hspavgwen70lfmb7e5miz8jeu1v7gei8/obj/391
    body:
      encoding: US-ASCII
      string: ''
    headers:
      Accept:
      - application/json, application/zip
      Accept-Encoding:
      - gzip, deflate
      User-Agent:
      - gooddata-gem/1.3.6/x86_64-linux/2.3.6
      Content-Type:
      - application/json
      X-Gdc-Authtt:
      - "<X_GDC_AUTHTT>"
      X-Gdc-Request:
      - ":9T_8nX3xOHi4vkQaJF4n7Q:JQu3B_l5_dCxmLNoK-B6Lw"
      Stats-On:
      - ''
      Host:
      - staging3-lcm-dev.intgdc.com
  response:
    status:
      code: 200
      message: OK
    headers:
      Date:
      - Thu, 21 Feb 2019 09:55:06 GMT
      Server:
      - GoodData WebApp
      Keep-Alive:
      - timeout=5, max=65
      X-Gdc-Log-Header:
      - ''
      Cache-Control:
      - no-cache, no-store, must-revalidate
      Content-Type:
      - application/json;charset=UTF-8
      X-Gdc-Request:
      - ":9T_8nX3xOHi4vkQaJF4n7Q:JQu3B_l5_dCxmLNoK-B6Lw:ZYBowBNxeXfSvLcD"
      Vary:
      - origin
      X-Gdc-Request-Time:
      - '27'
      Transfer-Encoding:
      - chunked
      Strict-Transport-Security:
      - max-age=10886400; includeSubDomains; preload;
    body:
      encoding: ASCII-8BIT
      string: '{"reportDefinition":{"content":{"grid":{"sort":{"columns":[],"rows":[]},"columnWidths":[],"columns":[],"metrics":[],"rows":[{"attribute":{"alias":"","totals":[],"uri":"/gdc/md/hspavgwen70lfmb7e5miz8jeu1v7gei8/obj/374"}}]},"format":"grid","filters":[]},"links":{"explain2":"/gdc/md/hspavgwen70lfmb7e5miz8jeu1v7gei8/obj/391/explain2"},"meta":{"author":"/gdc/account/profile/04848a0813ded971f3359f63d533c440","uri":"/gdc/md/hspavgwen70lfmb7e5miz8jeu1v7gei8/obj/391","tags":"","created":"2019-02-21
        10:47:02","identifier":"aagRPUheev3r","deprecated":"0","summary":"","isProduction":1,"title":"Untitled
        report definition","category":"reportDefinition","updated":"2019-02-21 10:47:02","contributor":"/gdc/account/profile/04848a0813ded971f3359f63d533c440"}}}'
    http_version: 
  recorded_at: Thu, 21 Feb 2019 09:55:06 GMT
- request:
    method: get
    uri: https://staging3-lcm-dev.intgdc.com/gdc/md/hspavgwen70lfmb7e5miz8jeu1v7gei8/obj/365
    body:
      encoding: US-ASCII
      string: ''
    headers:
      Accept:
      - application/json, application/zip
      Accept-Encoding:
      - gzip, deflate
      User-Agent:
      - gooddata-gem/1.3.6/x86_64-linux/2.3.6
      Content-Type:
      - application/json
      X-Gdc-Authtt:
      - "<X_GDC_AUTHTT>"
      X-Gdc-Request:
      - ":9T_8nX3xOHi4vkQaJF4n7Q:FTsuxphYFmm7tLSupkUsgg"
      Stats-On:
      - ''
      Host:
      - staging3-lcm-dev.intgdc.com
  response:
    status:
      code: 200
      message: OK
    headers:
      Date:
      - Thu, 21 Feb 2019 09:55:07 GMT
      Server:
      - GoodData WebApp
      Keep-Alive:
      - timeout=5, max=97
      X-Gdc-Log-Header:
      - ''
      Cache-Control:
      - no-cache, no-store, must-revalidate
      Content-Type:
      - application/json;charset=UTF-8
      X-Gdc-Request:
      - ":9T_8nX3xOHi4vkQaJF4n7Q:FTsuxphYFmm7tLSupkUsgg:PKaviZTnz1a5QGV0"
      Vary:
      - origin
      X-Gdc-Request-Time:
      - '54'
      Transfer-Encoding:
      - chunked
      Strict-Transport-Security:
      - max-age=10886400; includeSubDomains; preload;
    body:
      encoding: ASCII-8BIT
      string: '{"metric":{"content":{"format":"#,##0","tree":{"content":[{"content":[{"value":"COUNT","content":[{"value":"/gdc/md/hspavgwen70lfmb7e5miz8jeu1v7gei8/obj/277","position":{"column":27,"line":1},"type":"attribute
        object"}],"position":{"column":21,"line":1},"type":"function"}],"position":{"column":21,"line":1},"type":"expression"}],"position":{"column":14,"line":1},"type":"metric"},"expression":"SELECT
        COUNT([/gdc/md/hspavgwen70lfmb7e5miz8jeu1v7gei8/obj/277])"},"links":{"explain2":"/gdc/md/hspavgwen70lfmb7e5miz8jeu1v7gei8/obj/365/explain2"},"meta":{"author":"/gdc/account/profile/04848a0813ded971f3359f63d533c440","uri":"/gdc/md/hspavgwen70lfmb7e5miz8jeu1v7gei8/obj/365","tags":"","created":"2019-02-21
        10:45:59","identifier":"metric.customers.count","deprecated":"0","summary":"","isProduction":1,"title":"Customers
        Count","category":"metric","updated":"2019-02-21 10:46:01","contributor":"/gdc/account/profile/04848a0813ded971f3359f63d533c440"}}}'
    http_version: 
  recorded_at: Thu, 21 Feb 2019 09:55:07 GMT
- request:
    method: get
    uri: https://staging3-lcm-dev.intgdc.com/gdc/md/hspavgwen70lfmb7e5miz8jeu1v7gei8/obj/365
    body:
      encoding: US-ASCII
      string: ''
    headers:
      Accept:
      - application/json, application/zip
      Accept-Encoding:
      - gzip, deflate
      User-Agent:
      - gooddata-gem/1.3.6/x86_64-linux/2.3.6
      Content-Type:
      - application/json
      X-Gdc-Authtt:
      - "<X_GDC_AUTHTT>"
      X-Gdc-Request:
      - ":9T_8nX3xOHi4vkQaJF4n7Q:K_lNAnnDiw1yP44r0jDyMg"
      Stats-On:
      - ''
      Host:
      - staging3-lcm-dev.intgdc.com
  response:
    status:
      code: 200
      message: OK
    headers:
      Date:
      - Thu, 21 Feb 2019 09:55:07 GMT
      Server:
      - GoodData WebApp
      Keep-Alive:
      - timeout=5, max=93
      X-Gdc-Log-Header:
      - ''
      Cache-Control:
      - no-cache, no-store, must-revalidate
      Content-Type:
      - application/json;charset=UTF-8
      X-Gdc-Request:
      - ":9T_8nX3xOHi4vkQaJF4n7Q:K_lNAnnDiw1yP44r0jDyMg:DeKOZzPuyTDvno7z"
      Vary:
      - origin
      X-Gdc-Request-Time:
      - '27'
      Transfer-Encoding:
      - chunked
      Strict-Transport-Security:
      - max-age=10886400; includeSubDomains; preload;
    body:
      encoding: ASCII-8BIT
      string: '{"metric":{"content":{"format":"#,##0","tree":{"content":[{"content":[{"value":"COUNT","content":[{"value":"/gdc/md/hspavgwen70lfmb7e5miz8jeu1v7gei8/obj/277","position":{"column":27,"line":1},"type":"attribute
        object"}],"position":{"column":21,"line":1},"type":"function"}],"position":{"column":21,"line":1},"type":"expression"}],"position":{"column":14,"line":1},"type":"metric"},"expression":"SELECT
        COUNT([/gdc/md/hspavgwen70lfmb7e5miz8jeu1v7gei8/obj/277])"},"links":{"explain2":"/gdc/md/hspavgwen70lfmb7e5miz8jeu1v7gei8/obj/365/explain2"},"meta":{"author":"/gdc/account/profile/04848a0813ded971f3359f63d533c440","uri":"/gdc/md/hspavgwen70lfmb7e5miz8jeu1v7gei8/obj/365","tags":"","created":"2019-02-21
        10:45:59","identifier":"metric.customers.count","deprecated":"0","summary":"","isProduction":1,"title":"Customers
        Count","category":"metric","updated":"2019-02-21 10:46:01","contributor":"/gdc/account/profile/04848a0813ded971f3359f63d533c440"}}}'
    http_version: 
  recorded_at: Thu, 21 Feb 2019 09:55:07 GMT
- request:
    method: get
    uri: https://staging3-lcm-dev.intgdc.com/gdc/md/hspavgwen70lfmb7e5miz8jeu1v7gei8/objects/query?category=metric&limit=50&offset=0
    body:
      encoding: US-ASCII
      string: ''
    headers:
      Accept:
      - application/json, application/zip
      Accept-Encoding:
      - gzip, deflate
      User-Agent:
      - gooddata-gem/1.3.6/x86_64-linux/2.3.6
      Content-Type:
      - application/json
      X-Gdc-Authtt:
      - "<X_GDC_AUTHTT>"
      X-Gdc-Request:
      - ":9T_8nX3xOHi4vkQaJF4n7Q:zUuyUgmURyUUb0kLt-YJCQ"
      Stats-On:
      - ''
      Host:
      - staging3-lcm-dev.intgdc.com
  response:
    status:
      code: 200
      message: OK
    headers:
      Date:
      - Thu, 21 Feb 2019 09:55:08 GMT
      Server:
      - GoodData WebApp
      Keep-Alive:
      - timeout=5, max=84
      X-Gdc-Log-Header:
      - ''
      Cache-Control:
      - no-cache, no-store, must-revalidate
      Content-Type:
      - application/json;charset=UTF-8
      Transfer-Encoding:
      - chunked
      Vary:
      - Accept-Encoding
      - origin
      X-Gdc-Request:
      - ":9T_8nX3xOHi4vkQaJF4n7Q:zUuyUgmURyUUb0kLt-YJCQ:JgMbDLcRPrlatzlL"
      X-Gdc-Request-Time:
      - '78'
      Strict-Transport-Security:
      - max-age=10886400; includeSubDomains; preload;
    body:
      encoding: ASCII-8BIT
      string: '{"objects":{"paging":{"count":13,"offset":0},"items":[{"metric":{"content":{"format":"#,##0","tree":{"content":[{"content":[{"value":"SUM","content":[{"value":"/gdc/md/hspavgwen70lfmb7e5miz8jeu1v7gei8/obj/306","position":{"column":25,"line":1},"type":"fact
        object"}],"position":{"column":21,"line":1},"type":"function"}],"position":{"column":21,"line":1},"type":"expression"}],"position":{"column":14,"line":1},"type":"metric"},"expression":"SELECT
        SUM([/gdc/md/hspavgwen70lfmb7e5miz8jeu1v7gei8/obj/306])"},"links":{"explain2":"/gdc/md/hspavgwen70lfmb7e5miz8jeu1v7gei8/obj/353/explain2"},"meta":{"author":"/gdc/account/profile/04848a0813ded971f3359f63d533c440","uri":"/gdc/md/hspavgwen70lfmb7e5miz8jeu1v7gei8/obj/353","tags":"","created":"2019-02-21
        10:44:50","identifier":"metric.total.claim.amount","deprecated":"0","summary":"","isProduction":1,"title":"Total
        Claim Amount","category":"metric","updated":"2019-02-21 10:44:52","contributor":"/gdc/account/profile/04848a0813ded971f3359f63d533c440"}}},{"metric":{"content":{"format":"#,##0","tree":{"content":[{"content":[{"value":"SUM","content":[{"value":"/gdc/md/hspavgwen70lfmb7e5miz8jeu1v7gei8/obj/305","position":{"column":25,"line":1},"type":"fact
        object"}],"position":{"column":21,"line":1},"type":"function"}],"position":{"column":21,"line":1},"type":"expression"}],"position":{"column":14,"line":1},"type":"metric"},"expression":"SELECT
        SUM([/gdc/md/hspavgwen70lfmb7e5miz8jeu1v7gei8/obj/305])"},"links":{"explain2":"/gdc/md/hspavgwen70lfmb7e5miz8jeu1v7gei8/obj/354/explain2"},"meta":{"author":"/gdc/account/profile/04848a0813ded971f3359f63d533c440","uri":"/gdc/md/hspavgwen70lfmb7e5miz8jeu1v7gei8/obj/354","tags":"","created":"2019-02-21
        10:44:56","identifier":"metric.total.monthly.premium","deprecated":"0","summary":"","isProduction":1,"title":"Total
        Monthly Premium","category":"metric","updated":"2019-02-21 10:44:58","contributor":"/gdc/account/profile/04848a0813ded971f3359f63d533c440"}}},{"metric":{"content":{"format":"#,##0","tree":{"content":[{"content":[{"value":"SUM","content":[{"value":"/gdc/md/hspavgwen70lfmb7e5miz8jeu1v7gei8/obj/303","position":{"column":25,"line":1},"type":"fact
        object"}],"position":{"column":21,"line":1},"type":"function"}],"position":{"column":21,"line":1},"type":"expression"}],"position":{"column":14,"line":1},"type":"metric"},"expression":"SELECT
        SUM([/gdc/md/hspavgwen70lfmb7e5miz8jeu1v7gei8/obj/303])"},"links":{"explain2":"/gdc/md/hspavgwen70lfmb7e5miz8jeu1v7gei8/obj/355/explain2"},"meta":{"author":"/gdc/account/profile/04848a0813ded971f3359f63d533c440","uri":"/gdc/md/hspavgwen70lfmb7e5miz8jeu1v7gei8/obj/355","tags":"","created":"2019-02-21
        10:45:02","identifier":"metric.total.lifetime.value","deprecated":"0","summary":"","isProduction":1,"title":"Total
        Lifetime Value","category":"metric","updated":"2019-02-21 10:45:03","contributor":"/gdc/account/profile/04848a0813ded971f3359f63d533c440"}}},{"metric":{"content":{"format":"#,##0","tree":{"content":[{"content":[{"value":"AVG","content":[{"value":"/gdc/md/hspavgwen70lfmb7e5miz8jeu1v7gei8/obj/306","position":{"column":25,"line":1},"type":"fact
        object"}],"position":{"column":21,"line":1},"type":"function"}],"position":{"column":21,"line":1},"type":"expression"}],"position":{"column":14,"line":1},"type":"metric"},"expression":"SELECT
        AVG([/gdc/md/hspavgwen70lfmb7e5miz8jeu1v7gei8/obj/306])"},"links":{"explain2":"/gdc/md/hspavgwen70lfmb7e5miz8jeu1v7gei8/obj/356/explain2"},"meta":{"author":"/gdc/account/profile/04848a0813ded971f3359f63d533c440","uri":"/gdc/md/hspavgwen70lfmb7e5miz8jeu1v7gei8/obj/356","tags":"","created":"2019-02-21
        10:45:08","identifier":"metric.average.claim.amount","deprecated":"0","summary":"","isProduction":1,"title":"Average
        Claim Amount","category":"metric","updated":"2019-02-21 10:45:09","contributor":"/gdc/account/profile/04848a0813ded971f3359f63d533c440"}}},{"metric":{"content":{"format":"#,##0","tree":{"content":[{"content":[{"value":"AVG","content":[{"value":"/gdc/md/hspavgwen70lfmb7e5miz8jeu1v7gei8/obj/305","position":{"column":25,"line":1},"type":"fact
        object"}],"position":{"column":21,"line":1},"type":"function"}],"position":{"column":21,"line":1},"type":"expression"}],"position":{"column":14,"line":1},"type":"metric"},"expression":"SELECT
        AVG([/gdc/md/hspavgwen70lfmb7e5miz8jeu1v7gei8/obj/305])"},"links":{"explain2":"/gdc/md/hspavgwen70lfmb7e5miz8jeu1v7gei8/obj/357/explain2"},"meta":{"author":"/gdc/account/profile/04848a0813ded971f3359f63d533c440","uri":"/gdc/md/hspavgwen70lfmb7e5miz8jeu1v7gei8/obj/357","tags":"","created":"2019-02-21
        10:45:14","identifier":"metric.average.monthly.premium","deprecated":"0","summary":"","isProduction":1,"title":"Average
        Monthly Premium","category":"metric","updated":"2019-02-21 10:45:15","contributor":"/gdc/account/profile/04848a0813ded971f3359f63d533c440"}}},{"metric":{"content":{"format":"#,##0","tree":{"content":[{"content":[{"value":"AVG","content":[{"value":"/gdc/md/hspavgwen70lfmb7e5miz8jeu1v7gei8/obj/303","position":{"column":25,"line":1},"type":"fact
        object"}],"position":{"column":21,"line":1},"type":"function"}],"position":{"column":21,"line":1},"type":"expression"}],"position":{"column":14,"line":1},"type":"metric"},"expression":"SELECT
        AVG([/gdc/md/hspavgwen70lfmb7e5miz8jeu1v7gei8/obj/303])"},"links":{"explain2":"/gdc/md/hspavgwen70lfmb7e5miz8jeu1v7gei8/obj/358/explain2"},"meta":{"author":"/gdc/account/profile/04848a0813ded971f3359f63d533c440","uri":"/gdc/md/hspavgwen70lfmb7e5miz8jeu1v7gei8/obj/358","tags":"","created":"2019-02-21
        10:45:20","identifier":"metric.average.lifetime.value","deprecated":"0","summary":"","isProduction":1,"title":"Average
        Lifetime Value","category":"metric","updated":"2019-02-21 10:45:22","contributor":"/gdc/account/profile/04848a0813ded971f3359f63d533c440"}}},{"metric":{"content":{"format":"#,##0","tree":{"content":[{"content":[{"value":"MIN","content":[{"value":"/gdc/md/hspavgwen70lfmb7e5miz8jeu1v7gei8/obj/306","position":{"column":25,"line":1},"type":"fact
        object"}],"position":{"column":21,"line":1},"type":"function"}],"position":{"column":21,"line":1},"type":"expression"}],"position":{"column":14,"line":1},"type":"metric"},"expression":"SELECT
        MIN([/gdc/md/hspavgwen70lfmb7e5miz8jeu1v7gei8/obj/306])"},"links":{"explain2":"/gdc/md/hspavgwen70lfmb7e5miz8jeu1v7gei8/obj/359/explain2"},"meta":{"author":"/gdc/account/profile/04848a0813ded971f3359f63d533c440","uri":"/gdc/md/hspavgwen70lfmb7e5miz8jeu1v7gei8/obj/359","tags":"","created":"2019-02-21
        10:45:26","identifier":"metric.min.claim.amount","deprecated":"0","summary":"","isProduction":1,"title":"Min
        Claim Amount","category":"metric","updated":"2019-02-21 10:45:28","contributor":"/gdc/account/profile/04848a0813ded971f3359f63d533c440"}}},{"metric":{"content":{"format":"#,##0","tree":{"content":[{"content":[{"value":"MIN","content":[{"value":"/gdc/md/hspavgwen70lfmb7e5miz8jeu1v7gei8/obj/305","position":{"column":25,"line":1},"type":"fact
        object"}],"position":{"column":21,"line":1},"type":"function"}],"position":{"column":21,"line":1},"type":"expression"}],"position":{"column":14,"line":1},"type":"metric"},"expression":"SELECT
        MIN([/gdc/md/hspavgwen70lfmb7e5miz8jeu1v7gei8/obj/305])"},"links":{"explain2":"/gdc/md/hspavgwen70lfmb7e5miz8jeu1v7gei8/obj/360/explain2"},"meta":{"author":"/gdc/account/profile/04848a0813ded971f3359f63d533c440","uri":"/gdc/md/hspavgwen70lfmb7e5miz8jeu1v7gei8/obj/360","tags":"","created":"2019-02-21
        10:45:32","identifier":"metric.min.monthly.premium","deprecated":"0","summary":"","isProduction":1,"title":"Min
        Monthly Premium","category":"metric","updated":"2019-02-21 10:45:34","contributor":"/gdc/account/profile/04848a0813ded971f3359f63d533c440"}}},{"metric":{"content":{"format":"#,##0","tree":{"content":[{"content":[{"value":"MIN","content":[{"value":"/gdc/md/hspavgwen70lfmb7e5miz8jeu1v7gei8/obj/303","position":{"column":25,"line":1},"type":"fact
        object"}],"position":{"column":21,"line":1},"type":"function"}],"position":{"column":21,"line":1},"type":"expression"}],"position":{"column":14,"line":1},"type":"metric"},"expression":"SELECT
        MIN([/gdc/md/hspavgwen70lfmb7e5miz8jeu1v7gei8/obj/303])"},"links":{"explain2":"/gdc/md/hspavgwen70lfmb7e5miz8jeu1v7gei8/obj/361/explain2"},"meta":{"author":"/gdc/account/profile/04848a0813ded971f3359f63d533c440","uri":"/gdc/md/hspavgwen70lfmb7e5miz8jeu1v7gei8/obj/361","tags":"","created":"2019-02-21
        10:45:38","identifier":"metric.min.lifetime.value","deprecated":"0","summary":"","isProduction":1,"title":"Min
        Lifetime Value","category":"metric","updated":"2019-02-21 10:45:39","contributor":"/gdc/account/profile/04848a0813ded971f3359f63d533c440"}}},{"metric":{"content":{"format":"#,##0","tree":{"content":[{"content":[{"value":"MAX","content":[{"value":"/gdc/md/hspavgwen70lfmb7e5miz8jeu1v7gei8/obj/306","position":{"column":25,"line":1},"type":"fact
        object"}],"position":{"column":21,"line":1},"type":"function"}],"position":{"column":21,"line":1},"type":"expression"}],"position":{"column":14,"line":1},"type":"metric"},"expression":"SELECT
        MAX([/gdc/md/hspavgwen70lfmb7e5miz8jeu1v7gei8/obj/306])"},"links":{"explain2":"/gdc/md/hspavgwen70lfmb7e5miz8jeu1v7gei8/obj/362/explain2"},"meta":{"author":"/gdc/account/profile/04848a0813ded971f3359f63d533c440","uri":"/gdc/md/hspavgwen70lfmb7e5miz8jeu1v7gei8/obj/362","tags":"metric","created":"2019-02-21
        10:45:43","identifier":"metric.max.claim.amount","deprecated":"0","summary":"","isProduction":1,"title":"Max
        Claim Amount","category":"metric","updated":"2019-02-21 10:45:45","contributor":"/gdc/account/profile/04848a0813ded971f3359f63d533c440"}}},{"metric":{"content":{"format":"#,##0","tree":{"content":[{"content":[{"value":"MAX","content":[{"value":"/gdc/md/hspavgwen70lfmb7e5miz8jeu1v7gei8/obj/305","position":{"column":25,"line":1},"type":"fact
        object"}],"position":{"column":21,"line":1},"type":"function"}],"position":{"column":21,"line":1},"type":"expression"}],"position":{"column":14,"line":1},"type":"metric"},"expression":"SELECT
        MAX([/gdc/md/hspavgwen70lfmb7e5miz8jeu1v7gei8/obj/305])"},"links":{"explain2":"/gdc/md/hspavgwen70lfmb7e5miz8jeu1v7gei8/obj/363/explain2"},"meta":{"author":"/gdc/account/profile/04848a0813ded971f3359f63d533c440","uri":"/gdc/md/hspavgwen70lfmb7e5miz8jeu1v7gei8/obj/363","tags":"","created":"2019-02-21
        10:45:49","identifier":"metric.max.monthly.premium","deprecated":"0","summary":"","isProduction":1,"title":"Max
        Monthly Premium","category":"metric","updated":"2019-02-21 10:45:50","contributor":"/gdc/account/profile/04848a0813ded971f3359f63d533c440"}}},{"metric":{"content":{"format":"#,##0","tree":{"content":[{"content":[{"value":"MAX","content":[{"value":"/gdc/md/hspavgwen70lfmb7e5miz8jeu1v7gei8/obj/303","position":{"column":25,"line":1},"type":"fact
        object"}],"position":{"column":21,"line":1},"type":"function"}],"position":{"column":21,"line":1},"type":"expression"}],"position":{"column":14,"line":1},"type":"metric"},"expression":"SELECT
        MAX([/gdc/md/hspavgwen70lfmb7e5miz8jeu1v7gei8/obj/303])"},"links":{"explain2":"/gdc/md/hspavgwen70lfmb7e5miz8jeu1v7gei8/obj/364/explain2"},"meta":{"author":"/gdc/account/profile/04848a0813ded971f3359f63d533c440","uri":"/gdc/md/hspavgwen70lfmb7e5miz8jeu1v7gei8/obj/364","tags":"","created":"2019-02-21
        10:45:54","identifier":"metric.max.lifetime.value","deprecated":"0","summary":"","isProduction":1,"title":"Max
        Lifetime Value","category":"metric","updated":"2019-02-21 10:45:56","contributor":"/gdc/account/profile/04848a0813ded971f3359f63d533c440"}}},{"metric":{"content":{"format":"#,##0","tree":{"content":[{"content":[{"value":"COUNT","content":[{"value":"/gdc/md/hspavgwen70lfmb7e5miz8jeu1v7gei8/obj/277","position":{"column":27,"line":1},"type":"attribute
        object"}],"position":{"column":21,"line":1},"type":"function"}],"position":{"column":21,"line":1},"type":"expression"}],"position":{"column":14,"line":1},"type":"metric"},"expression":"SELECT
        COUNT([/gdc/md/hspavgwen70lfmb7e5miz8jeu1v7gei8/obj/277])"},"links":{"explain2":"/gdc/md/hspavgwen70lfmb7e5miz8jeu1v7gei8/obj/365/explain2"},"meta":{"author":"/gdc/account/profile/04848a0813ded971f3359f63d533c440","uri":"/gdc/md/hspavgwen70lfmb7e5miz8jeu1v7gei8/obj/365","tags":"","created":"2019-02-21
        10:45:59","identifier":"metric.customers.count","deprecated":"0","summary":"","isProduction":1,"title":"Customers
        Count","category":"metric","updated":"2019-02-21 10:46:01","contributor":"/gdc/account/profile/04848a0813ded971f3359f63d533c440"}}}]}}'
    http_version: 
  recorded_at: Thu, 21 Feb 2019 09:55:08 GMT
- request:
    method: get
    uri: https://staging3-lcm-prod.intgdc.com/gdc/md/fntyccmdi4qxtuvede52gb9lc4lbbk2t/objects/query?category=metric&limit=50&offset=0
    body:
      encoding: US-ASCII
      string: ''
    headers:
      Accept:
      - application/json, application/zip
      Accept-Encoding:
      - gzip, deflate
      User-Agent:
      - gooddata-gem/1.3.6/x86_64-linux/2.3.6
      Content-Type:
      - application/json
      X-Gdc-Authtt:
      - "<X_GDC_AUTHTT>"
      X-Gdc-Request:
      - ":xPn2gFDlr9TCvWW5O_ZxqA:l3J7bJlTLtpzSDTYRoPwrg"
      Stats-On:
      - ''
      Host:
      - staging3-lcm-prod.intgdc.com
  response:
    status:
      code: 200
      message: OK
    headers:
      Date:
      - Thu, 21 Feb 2019 09:55:08 GMT
      Server:
      - GoodData WebApp
      Keep-Alive:
      - timeout=5, max=64
      X-Gdc-Log-Header:
      - ''
      Cache-Control:
      - no-cache, no-store, must-revalidate
      Content-Type:
      - application/json;charset=UTF-8
      Transfer-Encoding:
      - chunked
      Vary:
      - Accept-Encoding
      - origin
      X-Gdc-Request:
      - ":xPn2gFDlr9TCvWW5O_ZxqA:l3J7bJlTLtpzSDTYRoPwrg:pLuxPKGu3yiSl5v3"
      X-Gdc-Request-Time:
      - '34'
      Strict-Transport-Security:
      - max-age=10886400; includeSubDomains; preload;
    body:
      encoding: ASCII-8BIT
      string: '{"objects":{"paging":{"count":2,"offset":0},"items":[{"metric":{"content":{"format":"#,##0","tree":{"content":[{"content":[{"value":"MAX","content":[{"value":"/gdc/md/fntyccmdi4qxtuvede52gb9lc4lbbk2t/obj/315","position":{"column":25,"line":1},"type":"fact
        object"}],"position":{"column":21,"line":1},"type":"function"}],"position":{"column":21,"line":1},"type":"expression"}],"position":{"column":14,"line":1},"type":"metric"},"expression":"SELECT
        MAX([/gdc/md/fntyccmdi4qxtuvede52gb9lc4lbbk2t/obj/315])"},"links":{"explain2":"/gdc/md/fntyccmdi4qxtuvede52gb9lc4lbbk2t/obj/350/explain2"},"meta":{"author":"/gdc/account/profile/a4c644d7b42b65c34e5a0f46809f7164","uri":"/gdc/md/fntyccmdi4qxtuvede52gb9lc4lbbk2t/obj/350","tags":"metric","created":"2019-02-21
        10:51:48","identifier":"metric.max.claim.amount","deprecated":"0","summary":"","isProduction":1,"title":"Max
        Claim Amount","category":"metric","updated":"2019-02-21 10:45:45","contributor":"/gdc/account/profile/a4c644d7b42b65c34e5a0f46809f7164"}}},{"metric":{"content":{"format":"#,##0","tree":{"content":[{"content":[{"value":"COUNT","content":[{"value":"/gdc/md/fntyccmdi4qxtuvede52gb9lc4lbbk2t/obj/283","position":{"column":27,"line":1},"type":"attribute
        object"}],"position":{"column":21,"line":1},"type":"function"}],"position":{"column":21,"line":1},"type":"expression"}],"position":{"column":14,"line":1},"type":"metric"},"expression":"SELECT
        COUNT([/gdc/md/fntyccmdi4qxtuvede52gb9lc4lbbk2t/obj/283])"},"links":{"explain2":"/gdc/md/fntyccmdi4qxtuvede52gb9lc4lbbk2t/obj/351/explain2"},"meta":{"author":"/gdc/account/profile/a4c644d7b42b65c34e5a0f46809f7164","uri":"/gdc/md/fntyccmdi4qxtuvede52gb9lc4lbbk2t/obj/351","tags":"","created":"2019-02-21
        10:51:48","identifier":"metric.customers.count","deprecated":"0","summary":"","isProduction":1,"title":"Customers
        Count","category":"metric","updated":"2019-02-21 10:46:01","contributor":"/gdc/account/profile/a4c644d7b42b65c34e5a0f46809f7164"}}}]}}'
    http_version: 
  recorded_at: Thu, 21 Feb 2019 09:55:09 GMT
- request:
    method: get
    uri: https://staging3-lcm-prod.intgdc.com/gdc/md/acq3p6l60wewx70379q91w8o5toohfk4/objects/query?category=metric&limit=50&offset=0
    body:
      encoding: US-ASCII
      string: ''
    headers:
      Accept:
      - application/json, application/zip
      Accept-Encoding:
      - gzip, deflate
      User-Agent:
      - gooddata-gem/1.3.6/x86_64-linux/2.3.6
      Content-Type:
      - application/json
      X-Gdc-Authtt:
      - "<X_GDC_AUTHTT>"
      X-Gdc-Request:
      - ":xPn2gFDlr9TCvWW5O_ZxqA:dgaHMPYUSILbUScaQu2hFw"
      Stats-On:
      - ''
      Host:
      - staging3-lcm-prod.intgdc.com
  response:
    status:
      code: 200
      message: OK
    headers:
      Date:
      - Thu, 21 Feb 2019 09:55:09 GMT
      Server:
      - GoodData WebApp
      Keep-Alive:
      - timeout=5, max=96
      X-Gdc-Log-Header:
      - ''
      Cache-Control:
      - no-cache, no-store, must-revalidate
      Content-Type:
      - application/json;charset=UTF-8
      Transfer-Encoding:
      - chunked
      Vary:
      - Accept-Encoding
      - origin
      X-Gdc-Request:
      - ":xPn2gFDlr9TCvWW5O_ZxqA:dgaHMPYUSILbUScaQu2hFw:G2DKj6ma7bpp8PR0"
      X-Gdc-Request-Time:
      - '33'
      Strict-Transport-Security:
      - max-age=10886400; includeSubDomains; preload;
    body:
      encoding: ASCII-8BIT
      string: '{"objects":{"paging":{"count":2,"offset":0},"items":[{"metric":{"content":{"format":"#,##0","tree":{"content":[{"content":[{"value":"MAX","content":[{"value":"/gdc/md/acq3p6l60wewx70379q91w8o5toohfk4/obj/315","position":{"column":25,"line":1},"type":"fact
        object"}],"position":{"column":21,"line":1},"type":"function"}],"position":{"column":21,"line":1},"type":"expression"}],"position":{"column":14,"line":1},"type":"metric"},"expression":"SELECT
        MAX([/gdc/md/acq3p6l60wewx70379q91w8o5toohfk4/obj/315])"},"links":{"explain2":"/gdc/md/acq3p6l60wewx70379q91w8o5toohfk4/obj/350/explain2"},"meta":{"author":"/gdc/account/profile/a4c644d7b42b65c34e5a0f46809f7164","uri":"/gdc/md/acq3p6l60wewx70379q91w8o5toohfk4/obj/350","tags":"metric","created":"2019-02-21
        10:52:02","identifier":"metric.max.claim.amount","deprecated":"0","summary":"","isProduction":1,"title":"Max
        Claim Amount","category":"metric","updated":"2019-02-21 10:45:45","contributor":"/gdc/account/profile/a4c644d7b42b65c34e5a0f46809f7164"}}},{"metric":{"content":{"format":"#,##0","tree":{"content":[{"content":[{"value":"COUNT","content":[{"value":"/gdc/md/acq3p6l60wewx70379q91w8o5toohfk4/obj/286","position":{"column":27,"line":1},"type":"attribute
        object"}],"position":{"column":21,"line":1},"type":"function"}],"position":{"column":21,"line":1},"type":"expression"}],"position":{"column":14,"line":1},"type":"metric"},"expression":"SELECT
        COUNT([/gdc/md/acq3p6l60wewx70379q91w8o5toohfk4/obj/286])"},"links":{"explain2":"/gdc/md/acq3p6l60wewx70379q91w8o5toohfk4/obj/351/explain2"},"meta":{"author":"/gdc/account/profile/a4c644d7b42b65c34e5a0f46809f7164","uri":"/gdc/md/acq3p6l60wewx70379q91w8o5toohfk4/obj/351","tags":"","created":"2019-02-21
        10:52:02","identifier":"metric.customers.count","deprecated":"0","summary":"","isProduction":1,"title":"Customers
        Count","category":"metric","updated":"2019-02-21 10:46:01","contributor":"/gdc/account/profile/a4c644d7b42b65c34e5a0f46809f7164"}}}]}}'
    http_version: 
  recorded_at: Thu, 21 Feb 2019 09:55:09 GMT
recorded_with: VCR 4.0.0
