---
http_interactions:
- request:
    method: get
    uri: https://staging2-lcm-prod.intgdc.com/gdc/projects/ulqqp5kx5q1q01gwwdg6qfzt838w8qop/dataload/processes/8190558e-414d-44bd-8b6e-eb0f128a248e
    body:
      encoding: US-ASCII
      string: ''
    headers:
      Accept:
      - application/json, application/zip
      Accept-Encoding:
      - gzip, deflate
      User-Agent:
      - gooddata-gem/1.3.3/x86_64-darwin16/2.3.3
      Content-Type:
      - application/json
      X-Gdc-Authtt:
      - "<X_GDC_AUTHTT>"
      X-Gdc-Request:
      - UCyVsnFzNaUqga8LwoG0Zw:5AxYAzyNg4JM6kb2LJpa3g
      Host:
      - staging2-lcm-prod.intgdc.com
  response:
    status:
      code: 200
      message: OK
    headers:
      X-Gdc-Log-Header:
      - ''
      Date:
      - Wed, 28 Nov 2018 16:59:41 GMT
      Server:
      - GoodData WebApp
      Cache-Control:
      - no-cache, no-store, must-revalidate
      Content-Type:
      - application/json;charset=UTF-8
      X-Gdc-Request:
      - UCyVsnFzNaUqga8LwoG0Zw:5AxYAzyNg4JM6kb2LJpa3g:tJgZoHwrehg3sKnj
      Vary:
      - origin
      X-Gdc-Request-Time:
      - '87'
      Transfer-Encoding:
      - chunked
      Strict-Transport-Security:
      - max-age=10886400; includeSubDomains; preload;
    body:
      encoding: ASCII-8BIT
      string: '{"process":{"type":"RUBY","name":"Simple Ruby Process","path":"${PUBLIC_APPSTORE}:branch/master:/apps/hello_world_brick","graphs":["main.rb"],"executables":["main.rb"],"lastDeployed":"2018-11-28T16:58:28.764Z","ownerLogin":"rubydev+admin@gooddata.com","links":{"self":"/gdc/projects/ulqqp5kx5q1q01gwwdg6qfzt838w8qop/dataload/processes/8190558e-414d-44bd-8b6e-eb0f128a248e","executions":"/gdc/projects/ulqqp5kx5q1q01gwwdg6qfzt838w8qop/dataload/processes/8190558e-414d-44bd-8b6e-eb0f128a248e/executions","source":"/gdc/projects/ulqqp5kx5q1q01gwwdg6qfzt838w8qop/dataload/processes/8190558e-414d-44bd-8b6e-eb0f128a248e/source"}}}'
    http_version: 
  recorded_at: Wed, 28 Nov 2018 16:59:42 GMT
- request:
    method: post
    uri: https://staging2-lcm-prod.intgdc.com/gdc/projects/ulqqp5kx5q1q01gwwdg6qfzt838w8qop/schedules
    body:
      encoding: UTF-8
      string: '{"schedule":{"name":null,"type":"MSETL","state":"ENABLED","timezone":"UTC","cron":"0
        15 27 7 *","triggerScheduleId":null,"params":{"PROCESS_ID":"8190558e-414d-44bd-8b6e-eb0f128a248e","EXECUTABLE":"main.rb","a":"b","b":"c"},"hiddenParams":{}}}'
    headers:
      Accept:
      - application/json, application/zip
      Accept-Encoding:
      - gzip, deflate
      User-Agent:
      - gooddata-gem/1.3.3/x86_64-darwin16/2.3.3
      Content-Type:
      - application/json
      X-Gdc-Authtt:
      - "<X_GDC_AUTHTT>"
      X-Gdc-Request:
      - UCyVsnFzNaUqga8LwoG0Zw:muMT3RUVgcwhCxhGYA6CvA
      Content-Length:
      - '242'
      Host:
      - staging2-lcm-prod.intgdc.com
  response:
    status:
      code: 201
      message: Created
    headers:
      Location:
      - "/gdc/projects/ulqqp5kx5q1q01gwwdg6qfzt838w8qop/schedules/5bfec97fe4b0f3ce81febf2c"
      X-Gdc-Log-Header:
      - ''
      Date:
      - Wed, 28 Nov 2018 16:59:43 GMT
      Server:
      - GoodData WebApp
      Cache-Control:
      - no-cache, no-store, must-revalidate
      Content-Type:
      - application/json;charset=UTF-8
      X-Gdc-Request:
      - UCyVsnFzNaUqga8LwoG0Zw:muMT3RUVgcwhCxhGYA6CvA:RgiVyXNLWcdPbvU1
      Vary:
      - origin
      X-Gdc-Request-Time:
      - '28'
      Transfer-Encoding:
      - chunked
      Strict-Transport-Security:
      - max-age=10886400; includeSubDomains; preload;
    body:
      encoding: ASCII-8BIT
      string: '{"schedule":{"name":"main.rb","type":"MSETL","state":"ENABLED","params":{"a":"b","b":"c","EXECUTABLE":"main.rb","PROCESS_ID":"8190558e-414d-44bd-8b6e-eb0f128a248e"},"cron":"0
        15 27 7 *","timezone":"UTC","nextExecutionTime":"2019-07-27T15:00:00.000Z","consecutiveFailedExecutionCount":0,"ownerLogin":"rubydev+admin@gooddata.com","links":{"self":"/gdc/projects/ulqqp5kx5q1q01gwwdg6qfzt838w8qop/schedules/5bfec97fe4b0f3ce81febf2c","executions":"/gdc/projects/ulqqp5kx5q1q01gwwdg6qfzt838w8qop/schedules/5bfec97fe4b0f3ce81febf2c/executions"}}}'
    http_version: 
  recorded_at: Wed, 28 Nov 2018 16:59:43 GMT
- request:
    method: get
    uri: https://staging2-lcm-prod.intgdc.com/gdc/projects/ulqqp5kx5q1q01gwwdg6qfzt838w8qop/schedules/5bfec97fe4b0f3ce81febf2c
    body:
      encoding: US-ASCII
      string: ''
    headers:
      Accept:
      - application/json, application/zip
      Accept-Encoding:
      - gzip, deflate
      User-Agent:
      - gooddata-gem/1.3.3/x86_64-darwin16/2.3.3
      Content-Type:
      - application/json
      X-Gdc-Authtt:
      - "<X_GDC_AUTHTT>"
      X-Gdc-Request:
      - UCyVsnFzNaUqga8LwoG0Zw:YbpjxM-64HI9oE99vTggdw
      Host:
      - staging2-lcm-prod.intgdc.com
  response:
    status:
      code: 200
      message: OK
    headers:
      X-Gdc-Log-Header:
      - ''
      Date:
      - Wed, 28 Nov 2018 16:59:43 GMT
      Server:
      - GoodData WebApp
      Cache-Control:
      - no-cache, no-store, must-revalidate
      Content-Type:
      - application/json;charset=UTF-8
      X-Gdc-Request:
      - UCyVsnFzNaUqga8LwoG0Zw:YbpjxM-64HI9oE99vTggdw:gAHyFZqg6lP0A5Ov
      Vary:
      - origin
      X-Gdc-Request-Time:
      - '21'
      Transfer-Encoding:
      - chunked
      Strict-Transport-Security:
      - max-age=10886400; includeSubDomains; preload;
    body:
      encoding: ASCII-8BIT
      string: '{"schedule":{"name":"main.rb","type":"MSETL","state":"ENABLED","params":{"a":"b","b":"c","EXECUTABLE":"main.rb","PROCESS_ID":"8190558e-414d-44bd-8b6e-eb0f128a248e"},"cron":"0
        15 27 7 *","timezone":"UTC","nextExecutionTime":"2019-07-27T15:00:00.000Z","consecutiveFailedExecutionCount":0,"ownerLogin":"rubydev+admin@gooddata.com","links":{"self":"/gdc/projects/ulqqp5kx5q1q01gwwdg6qfzt838w8qop/schedules/5bfec97fe4b0f3ce81febf2c","executions":"/gdc/projects/ulqqp5kx5q1q01gwwdg6qfzt838w8qop/schedules/5bfec97fe4b0f3ce81febf2c/executions"}}}'
    http_version: 
  recorded_at: Wed, 28 Nov 2018 16:59:43 GMT
- request:
    method: delete
    uri: https://staging2-lcm-prod.intgdc.com/gdc/projects/ulqqp5kx5q1q01gwwdg6qfzt838w8qop/schedules/5bfec97fe4b0f3ce81febf2c
    body:
      encoding: US-ASCII
      string: ''
    headers:
      Accept:
      - application/json, application/zip
      Accept-Encoding:
      - gzip, deflate
      User-Agent:
      - gooddata-gem/1.3.3/x86_64-darwin16/2.3.3
      Content-Type:
      - application/json
      X-Gdc-Authtt:
      - "<X_GDC_AUTHTT>"
      X-Gdc-Request:
      - UCyVsnFzNaUqga8LwoG0Zw:pOpmP4FI9VfAk0X_LP03Ow
      Host:
      - staging2-lcm-prod.intgdc.com
  response:
    status:
      code: 204
      message: No Content
    headers:
      Location:
      - "/gdc/projects/ulqqp5kx5q1q01gwwdg6qfzt838w8qop/schedules"
      X-Gdc-Log-Header:
      - ''
      Date:
      - Wed, 28 Nov 2018 16:59:43 GMT
      Server:
      - GoodData WebApp
      Cache-Control:
      - no-cache, no-store, must-revalidate
      X-Gdc-Request-Time:
      - '23'
      X-Gdc-Request:
      - UCyVsnFzNaUqga8LwoG0Zw:pOpmP4FI9VfAk0X_LP03Ow:iGAS8iGQ1TSnlEoj
      Vary:
      - origin
      Strict-Transport-Security:
      - max-age=10886400; includeSubDomains; preload;
    body:
      encoding: UTF-8
      string: ''
    http_version: 
  recorded_at: Wed, 28 Nov 2018 16:59:44 GMT
- request:
    method: get
    uri: https://staging2-lcm-prod.intgdc.com/gdc/projects/ofzungmvlxxnnj5lwtvphj65rgq2fswb/dataload/processes/0cf3d5a4-f5b2-448c-ab9f-cc6c20b59f39
    body:
      encoding: US-ASCII
      string: ''
    headers:
      Accept:
      - application/json, application/zip
      Accept-Encoding:
      - gzip, deflate
      User-Agent:
      - gooddata-gem/1.3.3/x86_64-darwin16/2.3.3
      Content-Type:
      - application/json
      X-Gdc-Authtt:
      - "<X_GDC_AUTHTT>"
      X-Gdc-Request:
      - SFe9KYu-EwEJMoECagfurA:D6f5NkOHsIEC67MJfRZiUA
      Host:
      - staging2-lcm-prod.intgdc.com
  response:
    status:
      code: 200
      message: OK
    headers:
      X-Gdc-Log-Header:
      - ''
      Date:
      - Wed, 28 Nov 2018 17:03:43 GMT
      Server:
      - GoodData WebApp
      Cache-Control:
      - no-cache, no-store, must-revalidate
      Content-Type:
      - application/json;charset=UTF-8
      X-Gdc-Request:
      - SFe9KYu-EwEJMoECagfurA:D6f5NkOHsIEC67MJfRZiUA:91G6rPmGpBN7DTSy
      Vary:
      - origin
      X-Gdc-Request-Time:
      - '93'
      Transfer-Encoding:
      - chunked
      Strict-Transport-Security:
      - max-age=10886400; includeSubDomains; preload;
    body:
      encoding: ASCII-8BIT
      string: '{"process":{"type":"RUBY","name":"Simple Ruby Process","path":"${PUBLIC_APPSTORE}:branch/master:/apps/hello_world_brick","graphs":["main.rb"],"executables":["main.rb"],"lastDeployed":"2018-11-28T17:03:31.114Z","ownerLogin":"rubydev+admin@gooddata.com","links":{"self":"/gdc/projects/ofzungmvlxxnnj5lwtvphj65rgq2fswb/dataload/processes/0cf3d5a4-f5b2-448c-ab9f-cc6c20b59f39","executions":"/gdc/projects/ofzungmvlxxnnj5lwtvphj65rgq2fswb/dataload/processes/0cf3d5a4-f5b2-448c-ab9f-cc6c20b59f39/executions","source":"/gdc/projects/ofzungmvlxxnnj5lwtvphj65rgq2fswb/dataload/processes/0cf3d5a4-f5b2-448c-ab9f-cc6c20b59f39/source"}}}'
    http_version: 
  recorded_at: Wed, 28 Nov 2018 17:03:44 GMT
recorded_with: VCR 4.0.0
