---
http_interactions:
- request:
    method: get
    uri: https://staging2-lcm-prod.intgdc.com/gdc/projects/zbrsom09nr7fwcvua2powo7te064bagp/dataload/processes/b2e32166-50d1-4ff2-b78e-3bc6b745de4e
    body:
      encoding: US-ASCII
      string: ''
    headers:
      Accept:
      - application/json, application/zip
      Accept-Encoding:
      - gzip, deflate
      User-Agent:
      - gooddata-gem/1.3.2/x86_64-darwin16/2.3.3
      Content-Type:
      - application/json
      X-Gdc-Authtt:
      - "<X_GDC_AUTHTT>"
      X-Gdc-Request:
      - aZwA6ypNMZ3xVhbWkRmglA:e6rpT_9fgwmbLmpgcKQk8Q
      Host:
      - staging2-lcm-prod.intgdc.com
  response:
    status:
      code: 200
      message: OK
    headers:
      X-Gdc-Log-Header:
      - ''
      Date:
      - Tue, 13 Nov 2018 17:47:43 GMT
      Server:
      - GoodData WebApp
      Cache-Control:
      - no-cache, no-store, must-revalidate
      Content-Type:
      - application/json;charset=UTF-8
      X-Gdc-Request:
      - aZwA6ypNMZ3xVhbWkRmglA:e6rpT_9fgwmbLmpgcKQk8Q:hDR3rv3DvElIjIi1
      Vary:
      - origin
      X-Gdc-Request-Time:
      - '111'
      Transfer-Encoding:
      - chunked
      Strict-Transport-Security:
      - max-age=10886400; includeSubDomains; preload;
    body:
      encoding: ASCII-8BIT
      string: '{"process":{"type":"RUBY","name":"Simple Ruby Process","path":"${PUBLIC_APPSTORE}:branch/master:/apps/hello_world_brick","graphs":["main.rb"],"executables":["main.rb"],"lastDeployed":"2018-11-13T17:45:33.345Z","ownerLogin":"rubydev+admin@gooddata.com","links":{"self":"/gdc/projects/zbrsom09nr7fwcvua2powo7te064bagp/dataload/processes/b2e32166-50d1-4ff2-b78e-3bc6b745de4e","executions":"/gdc/projects/zbrsom09nr7fwcvua2powo7te064bagp/dataload/processes/b2e32166-50d1-4ff2-b78e-3bc6b745de4e/executions","source":"/gdc/projects/zbrsom09nr7fwcvua2powo7te064bagp/dataload/processes/b2e32166-50d1-4ff2-b78e-3bc6b745de4e/source"}}}'
    http_version: 
  recorded_at: Tue, 13 Nov 2018 17:47:43 GMT
- request:
    method: post
    uri: https://staging2-lcm-prod.intgdc.com/gdc/projects/zbrsom09nr7fwcvua2powo7te064bagp/schedules
    body:
      encoding: UTF-8
      string: '{"schedule":{"name":null,"type":"MSETL","state":"ENABLED","timezone":"UTC","cron":"0
        15 27 7 *","triggerScheduleId":null,"params":{"PROCESS_ID":"b2e32166-50d1-4ff2-b78e-3bc6b745de4e","EXECUTABLE":"main.rb","a":"b","b":"c"},"hiddenParams":{}}}'
    headers:
      Accept:
      - application/json, application/zip
      Accept-Encoding:
      - gzip, deflate
      User-Agent:
      - gooddata-gem/1.3.2/x86_64-darwin16/2.3.3
      Content-Type:
      - application/json
      X-Gdc-Authtt:
      - "<X_GDC_AUTHTT>"
      X-Gdc-Request:
      - aZwA6ypNMZ3xVhbWkRmglA:NigdvAqBKvifLH8hs6uaLA
      Content-Length:
      - '242'
      Host:
      - staging2-lcm-prod.intgdc.com
  response:
    status:
      code: 201
      message: Created
    headers:
      Location:
      - "/gdc/projects/zbrsom09nr7fwcvua2powo7te064bagp/schedules/5beb0e3fe4b0a7fd91b8a44d"
      X-Gdc-Log-Header:
      - ''
      Date:
      - Tue, 13 Nov 2018 17:47:43 GMT
      Server:
      - GoodData WebApp
      Cache-Control:
      - no-cache, no-store, must-revalidate
      Content-Type:
      - application/json;charset=UTF-8
      X-Gdc-Request:
      - aZwA6ypNMZ3xVhbWkRmglA:NigdvAqBKvifLH8hs6uaLA:MmoshqF9A1Ahgqc6
      Vary:
      - origin
      X-Gdc-Request-Time:
      - '30'
      Transfer-Encoding:
      - chunked
      Strict-Transport-Security:
      - max-age=10886400; includeSubDomains; preload;
    body:
      encoding: ASCII-8BIT
      string: '{"schedule":{"name":"main.rb","type":"MSETL","state":"ENABLED","params":{"a":"b","b":"c","EXECUTABLE":"main.rb","PROCESS_ID":"b2e32166-50d1-4ff2-b78e-3bc6b745de4e"},"cron":"0
        15 27 7 *","timezone":"UTC","nextExecutionTime":"2019-07-27T15:00:00.000Z","consecutiveFailedExecutionCount":0,"ownerLogin":"rubydev+admin@gooddata.com","links":{"self":"/gdc/projects/zbrsom09nr7fwcvua2powo7te064bagp/schedules/5beb0e3fe4b0a7fd91b8a44d","executions":"/gdc/projects/zbrsom09nr7fwcvua2powo7te064bagp/schedules/5beb0e3fe4b0a7fd91b8a44d/executions"}}}'
    http_version: 
  recorded_at: Tue, 13 Nov 2018 17:47:43 GMT
- request:
    method: get
    uri: https://staging2-lcm-prod.intgdc.com/gdc/projects/zbrsom09nr7fwcvua2powo7te064bagp/schedules/5beb0e3fe4b0a7fd91b8a44d
    body:
      encoding: US-ASCII
      string: ''
    headers:
      Accept:
      - application/json, application/zip
      Accept-Encoding:
      - gzip, deflate
      User-Agent:
      - gooddata-gem/1.3.2/x86_64-darwin16/2.3.3
      Content-Type:
      - application/json
      X-Gdc-Authtt:
      - "<X_GDC_AUTHTT>"
      X-Gdc-Request:
      - aZwA6ypNMZ3xVhbWkRmglA:3mdKQtjRpzlR82orbO6TMg
      Host:
      - staging2-lcm-prod.intgdc.com
  response:
    status:
      code: 200
      message: OK
    headers:
      X-Gdc-Log-Header:
      - ''
      Date:
      - Tue, 13 Nov 2018 17:47:45 GMT
      Server:
      - GoodData WebApp
      Cache-Control:
      - no-cache, no-store, must-revalidate
      Content-Type:
      - application/json;charset=UTF-8
      X-Gdc-Request:
      - aZwA6ypNMZ3xVhbWkRmglA:3mdKQtjRpzlR82orbO6TMg:zuUyhDJu2XBRr4CD
      Vary:
      - origin
      X-Gdc-Request-Time:
      - '43'
      Transfer-Encoding:
      - chunked
      Strict-Transport-Security:
      - max-age=10886400; includeSubDomains; preload;
    body:
      encoding: ASCII-8BIT
      string: '{"schedule":{"name":"main.rb","type":"MSETL","state":"ENABLED","params":{"a":"b","b":"c","EXECUTABLE":"main.rb","PROCESS_ID":"b2e32166-50d1-4ff2-b78e-3bc6b745de4e"},"cron":"0
        15 27 7 *","timezone":"UTC","nextExecutionTime":"2019-07-27T15:00:00.000Z","consecutiveFailedExecutionCount":0,"ownerLogin":"rubydev+admin@gooddata.com","links":{"self":"/gdc/projects/zbrsom09nr7fwcvua2powo7te064bagp/schedules/5beb0e3fe4b0a7fd91b8a44d","executions":"/gdc/projects/zbrsom09nr7fwcvua2powo7te064bagp/schedules/5beb0e3fe4b0a7fd91b8a44d/executions"}}}'
    http_version: 
  recorded_at: Tue, 13 Nov 2018 17:47:45 GMT
- request:
    method: delete
    uri: https://staging2-lcm-prod.intgdc.com/gdc/projects/zbrsom09nr7fwcvua2powo7te064bagp/schedules/5beb0e3fe4b0a7fd91b8a44d
    body:
      encoding: US-ASCII
      string: ''
    headers:
      Accept:
      - application/json, application/zip
      Accept-Encoding:
      - gzip, deflate
      User-Agent:
      - gooddata-gem/1.3.2/x86_64-darwin16/2.3.3
      Content-Type:
      - application/json
      X-Gdc-Authtt:
      - "<X_GDC_AUTHTT>"
      X-Gdc-Request:
      - aZwA6ypNMZ3xVhbWkRmglA:bdtii3wq1dBEeO95ewKWkg
      Host:
      - staging2-lcm-prod.intgdc.com
  response:
    status:
      code: 204
      message: No Content
    headers:
      Location:
      - "/gdc/projects/zbrsom09nr7fwcvua2powo7te064bagp/schedules"
      X-Gdc-Log-Header:
      - ''
      Date:
      - Tue, 13 Nov 2018 17:47:45 GMT
      Server:
      - GoodData WebApp
      Cache-Control:
      - no-cache, no-store, must-revalidate
      X-Gdc-Request-Time:
      - '24'
      X-Gdc-Request:
      - aZwA6ypNMZ3xVhbWkRmglA:bdtii3wq1dBEeO95ewKWkg:npSUQ6QPYZiJz8Ex
      Vary:
      - origin
      Strict-Transport-Security:
      - max-age=10886400; includeSubDomains; preload;
    body:
      encoding: UTF-8
      string: ''
    http_version: 
  recorded_at: Tue, 13 Nov 2018 17:47:45 GMT
recorded_with: VCR 4.0.0
